Component: ARM Compiler 5.05 update 1 (build 106) Tool: armlink [4d0efa]

==============================================================================

Section Cross References

    startup_stm32f10x_hd.o(RESET) refers to startup_stm32f10x_hd.o(STACK) for __initial_sp
    startup_stm32f10x_hd.o(RESET) refers to startup_stm32f10x_hd.o(.text) for Reset_Handler
    startup_stm32f10x_hd.o(RESET) refers to stm32f10x_it.o(i.NMI_Handler) for NMI_Handler
    startup_stm32f10x_hd.o(RESET) refers to stm32f10x_it.o(i.HardFault_Handler) for HardFault_Handler
    startup_stm32f10x_hd.o(RESET) refers to stm32f10x_it.o(i.MemManage_Handler) for MemManage_Handler
    startup_stm32f10x_hd.o(RESET) refers to stm32f10x_it.o(i.BusFault_Handler) for BusFault_Handler
    startup_stm32f10x_hd.o(RESET) refers to stm32f10x_it.o(i.UsageFault_Handler) for UsageFault_Handler
    startup_stm32f10x_hd.o(RESET) refers to stm32f10x_it.o(i.SVC_Handler) for SVC_Handler
    startup_stm32f10x_hd.o(RESET) refers to stm32f10x_it.o(i.DebugMon_Handler) for DebugMon_Handler
    startup_stm32f10x_hd.o(RESET) refers to stm32f10x_it.o(i.PendSV_Handler) for PendSV_Handler
    startup_stm32f10x_hd.o(RESET) refers to stm32f10x_it.o(i.SysTick_Handler) for SysTick_Handler
    startup_stm32f10x_hd.o(RESET) refers to stm32f10x_it.o(i.EXTI9_5_IRQHandler) for EXTI9_5_IRQHandler
    startup_stm32f10x_hd.o(RESET) refers to stm32f10x_it.o(i.TIM2_IRQHandler) for TIM2_IRQHandler
    startup_stm32f10x_hd.o(.text) refers to system_stm32f10x.o(i.SystemInit) for SystemInit
    startup_stm32f10x_hd.o(.text) refers to entry.o(.ARM.Collect$$$$00000000) for __main
    system_stm32f10x.o(i.SetSysClock) refers to system_stm32f10x.o(i.SetSysClockTo72) for SetSysClockTo72
    system_stm32f10x.o(i.SystemCoreClockUpdate) refers to system_stm32f10x.o(.data) for SystemCoreClock
    system_stm32f10x.o(i.SystemInit) refers to system_stm32f10x.o(i.SetSysClock) for SetSysClock
    main.o(i.BeepERR) refers to hardware_config.o(i.delay_ms) for delay_ms
    main.o(i.BeepERR) refers to main.o(.data) for beep
    main.o(i.Loader_Halt) refers to stm32f10x_gpio.o(i.GPIO_ResetBits) for GPIO_ResetBits
    main.o(i.Loader_Halt) refers to hardware_config.o(i.delay_ms) for delay_ms
    main.o(i.Loader_Halt) refers to stm32f10x_gpio.o(i.GPIO_SetBits) for GPIO_SetBits
    main.o(i.Loader_Halt) refers to main.o(.data) for beep
    main.o(i.main) refers to hardware_config.o(i.GPIO_Config) for GPIO_Config
    main.o(i.main) refers to stm32f10x_gpio.o(i.GPIO_ResetBits) for GPIO_ResetBits
    main.o(i.main) refers to hardware_config.o(i.EXTI9_Config) for EXTI9_Config
    main.o(i.main) refers to hardware_config.o(i.Timer11_Config) for Timer11_Config
    main.o(i.main) refers to stm32f10x_tim.o(i.TIM_Cmd) for TIM_Cmd
    main.o(i.main) refers to hardware_config.o(i.USART1_Config) for USART1_Config
    main.o(i.main) refers to stm32f10x_gpio.o(i.GPIO_ReadInputDataBit) for GPIO_ReadInputDataBit
    main.o(i.main) refers to hardware_config.o(i.delay_ms) for delay_ms
    main.o(i.main) refers to main.o(i.mmc_mount) for mmc_mount
    main.o(i.main) refers to main.o(i.Loader_Halt) for Loader_Halt
    main.o(i.main) refers to stm32f10x_gpio.o(i.GPIO_SetBits) for GPIO_SetBits
    main.o(i.main) refers to stm_loader.o(i.SyncSTM) for SyncSTM
    main.o(i.main) refers to stm_loader.o(i.EraseSTM) for EraseSTM
    main.o(i.main) refers to stm_loader.o(i.ReadUnProtect) for ReadUnProtect
    main.o(i.main) refers to uart.o(i.UartFix) for UartFix
    main.o(i.main) refers to stm_loader.o(i.Init_Loader_File) for Init_Loader_File
    main.o(i.main) refers to stm_loader.o(i.WriteHEXtoSTM) for WriteHEXtoSTM
    main.o(i.main) refers to stm_loader.o(i.Run_Application) for Run_Application
    main.o(i.main) refers to uart.o(i.UartPutChar) for UartPutChar
    main.o(i.main) refers to uart.o(i.UartGetChar) for UartGetChar
    main.o(i.main) refers to stm_loader.o(i.Init_Test_File) for Init_Test_File
    main.o(i.main) refers to stm_loader.o(i.Init_Release_File) for Init_Release_File
    main.o(i.main) refers to memseta.o(.text) for __aeabi_memclr4
    main.o(i.main) refers to uart.o(i.UartGetStringEx) for UartGetStringEx
    main.o(i.main) refers to strstr.o(.text) for strstr
    main.o(i.main) refers to card_utl.o(i.Card_UTL) for Card_UTL
    main.o(i.main) refers to system_stm32f10x.o(.data) for SystemCoreClock
    main.o(i.main) refers to main.o(.data) for beep
    main.o(i.main) refers to main.o(.bss) for loader_file
    main.o(i.mmc_mount) refers to ff.o(i.f_mount) for f_mount
    main.o(i.mmc_mount) refers to main.o(.bss) for fs
    stm32f10x_it.o(i.SysTick_Handler) refers to stm32f10x_tim.o(i.TIM_Cmd) for TIM_Cmd
    stm32f10x_it.o(i.SysTick_Handler) refers to hardware_config.o(.data) for delay_count
    stm32f10x_it.o(i.SysTick_Handler) refers to uart.o(.data) for nTick
    stm32f10x_it.o(i.SysTick_Handler) refers to main.o(.data) for beep
    stm32f10x_it.o(i.SysTick_Handler) refers to mmc_32f1.o(.data) for SD_timer1
    stm32f10x_it.o(i.TIM2_IRQHandler) refers to stm32f10x_tim.o(i.TIM_GetITStatus) for TIM_GetITStatus
    stm32f10x_it.o(i.TIM2_IRQHandler) refers to stm32f10x_tim.o(i.TIM_ClearITPendingBit) for TIM_ClearITPendingBit
    hardware_config.o(i.EXTI9_Config) refers to stm32f10x_gpio.o(i.GPIO_EXTILineConfig) for GPIO_EXTILineConfig
    hardware_config.o(i.EXTI9_Config) refers to misc.o(i.NVIC_Init) for NVIC_Init
    hardware_config.o(i.GPIO_Config) refers to stm32f10x_rcc.o(i.RCC_APB2PeriphClockCmd) for RCC_APB2PeriphClockCmd
    hardware_config.o(i.GPIO_Config) refers to stm32f10x_rcc.o(i.RCC_APB1PeriphClockCmd) for RCC_APB1PeriphClockCmd
    hardware_config.o(i.GPIO_Config) refers to stm32f10x_gpio.o(i.GPIO_Init) for GPIO_Init
    hardware_config.o(i.GPIO_Config) refers to stm32f10x_gpio.o(i.GPIO_SetBits) for GPIO_SetBits
    hardware_config.o(i.GPIO_Config) refers to stm32f10x_spi.o(i.SPI_Init) for SPI_Init
    hardware_config.o(i.GPIO_Config) refers to stm32f10x_spi.o(i.SPI_CalculateCRC) for SPI_CalculateCRC
    hardware_config.o(i.GPIO_Config) refers to stm32f10x_spi.o(i.SPI_Cmd) for SPI_Cmd
    hardware_config.o(i.GPIO_Config) refers to stm32f10x_spi.o(i.SPI_I2S_GetFlagStatus) for SPI_I2S_GetFlagStatus
    hardware_config.o(i.GPIO_Config) refers to stm32f10x_spi.o(i.SPI_I2S_SendData) for SPI_I2S_SendData
    hardware_config.o(i.GPIO_Config) refers to stm32f10x_spi.o(i.SPI_I2S_ReceiveData) for SPI_I2S_ReceiveData
    hardware_config.o(i.Timer11_Config) refers to stm32f10x_tim.o(i.TIM_TimeBaseInit) for TIM_TimeBaseInit
    hardware_config.o(i.Timer11_Config) refers to stm32f10x_tim.o(i.TIM_OC1Init) for TIM_OC1Init
    hardware_config.o(i.Timer11_Config) refers to stm32f10x_tim.o(i.TIM_OC1PreloadConfig) for TIM_OC1PreloadConfig
    hardware_config.o(i.Timer11_Config) refers to stm32f10x_tim.o(i.TIM_ARRPreloadConfig) for TIM_ARRPreloadConfig
    hardware_config.o(i.Timer11_Config) refers to stm32f10x_tim.o(i.TIM_Cmd) for TIM_Cmd
    hardware_config.o(i.Timer11_Config) refers to system_stm32f10x.o(.data) for SystemCoreClock
    hardware_config.o(i.Timer2_Config) refers to misc.o(i.NVIC_Init) for NVIC_Init
    hardware_config.o(i.Timer2_Config) refers to stm32f10x_rcc.o(i.RCC_APB1PeriphClockCmd) for RCC_APB1PeriphClockCmd
    hardware_config.o(i.Timer2_Config) refers to stm32f10x_tim.o(i.TIM_TimeBaseInit) for TIM_TimeBaseInit
    hardware_config.o(i.Timer2_Config) refers to stm32f10x_tim.o(i.TIM_PrescalerConfig) for TIM_PrescalerConfig
    hardware_config.o(i.Timer2_Config) refers to stm32f10x_tim.o(i.TIM_OC1Init) for TIM_OC1Init
    hardware_config.o(i.Timer2_Config) refers to stm32f10x_tim.o(i.TIM_OC1PreloadConfig) for TIM_OC1PreloadConfig
    hardware_config.o(i.Timer2_Config) refers to stm32f10x_tim.o(i.TIM_ITConfig) for TIM_ITConfig
    hardware_config.o(i.Timer2_Config) refers to stm32f10x_tim.o(i.TIM_Cmd) for TIM_Cmd
    hardware_config.o(i.Timer2_Config) refers to system_stm32f10x.o(.data) for SystemCoreClock
    hardware_config.o(i.USART1_Config) refers to stm32f10x_usart.o(i.USART_Init) for USART_Init
    hardware_config.o(i.USART1_Config) refers to stm32f10x_rcc.o(i.RCC_APB2PeriphClockCmd) for RCC_APB2PeriphClockCmd
    hardware_config.o(i.USART1_Config) refers to stm32f10x_gpio.o(i.GPIO_Init) for GPIO_Init
    hardware_config.o(i.USART1_Config) refers to stm32f10x_usart.o(i.USART_Cmd) for USART_Cmd
    hardware_config.o(i.USART1_Config) refers to misc.o(i.NVIC_PriorityGroupConfig) for NVIC_PriorityGroupConfig
    hardware_config.o(i.USART1_Config) refers to misc.o(i.NVIC_Init) for NVIC_Init
    hardware_config.o(i.delay_ms) refers to hardware_config.o(.data) for delay_count
    hardware_config.o(i.fputc) refers to stm32f10x_usart.o(i.USART_SendData) for USART_SendData
    hardware_config.o(i.fputc) refers to stm32f10x_usart.o(i.USART_GetFlagStatus) for USART_GetFlagStatus
    stm_loader.o(i.Bootloader_CMD) refers to uart.o(i.UartPutChar) for UartPutChar
    stm_loader.o(i.Bootloader_CMD) refers to uart.o(i.UartGetChar) for UartGetChar
    stm_loader.o(i.EraseSTM) refers to stm_loader.o(i.Bootloader_CMD) for Bootloader_CMD
    stm_loader.o(i.Init_Loader_File) refers to minini.o(i.ini_gets) for ini_gets
    stm_loader.o(i.Init_Loader_File) refers to minini.o(i.ini_getl) for ini_getl
    stm_loader.o(i.Init_Release_File) refers to minini.o(i.ini_gets) for ini_gets
    stm_loader.o(i.Init_Release_File) refers to minini.o(i.ini_getl) for ini_getl
    stm_loader.o(i.Init_Test_File) refers to minini.o(i.ini_gets) for ini_gets
    stm_loader.o(i.Init_Test_File) refers to minini.o(i.ini_getl) for ini_getl
    stm_loader.o(i.ReadUnProtect) refers to uart.o(i.UartPutChar) for UartPutChar
    stm_loader.o(i.ReadUnProtect) refers to uart.o(i.UartGetChar) for UartGetChar
    stm_loader.o(i.Run_Application) refers to stm_loader.o(i.Bootloader_CMD) for Bootloader_CMD
    stm_loader.o(i.Run_Application) refers to uart.o(i.UartPutChar) for UartPutChar
    stm_loader.o(i.Run_Application) refers to uart.o(i.UartGetChar) for UartGetChar
    stm_loader.o(i.SyncSTM) refers to uart.o(i.UartPutChar) for UartPutChar
    stm_loader.o(i.SyncSTM) refers to uart.o(i.UartGetChar) for UartGetChar
    stm_loader.o(i.WriteHEXtoSTM) refers to ff.o(i.f_open) for f_open
    stm_loader.o(i.WriteHEXtoSTM) refers to stm_loader.o(i.Bootloader_CMD) for Bootloader_CMD
    stm_loader.o(i.WriteHEXtoSTM) refers to uart.o(i.UartPutChar) for UartPutChar
    stm_loader.o(i.WriteHEXtoSTM) refers to uart.o(i.UartGetChar) for UartGetChar
    stm_loader.o(i.WriteHEXtoSTM) refers to memseta.o(.text) for __aeabi_memset
    stm_loader.o(i.WriteHEXtoSTM) refers to ff.o(i.f_read) for f_read
    stm_loader.o(i.WriteHEXtoSTM) refers to ff.o(i.f_close) for f_close
    stm_loader.o(i.WriteHEXtoSTM) refers to main.o(.data) for beep
    stm_loader.o(i.WriteHEXtoSTM) refers to stm_loader.o(.bss) for ReadBuf
    stm_loader.o(i.ini_rename) refers to strchr.o(.text) for strchr
    stm_loader.o(i.ini_rename) refers to ff.o(i.f_rename) for f_rename
    uart.o(i.ConsoleGetLineEx) refers to uart.o(i.UartPutString) for UartPutString
    uart.o(i.ConsoleGetLineEx) refers to uart.o(i.UartPutChar) for UartPutChar
    uart.o(i.ConsoleGetLineEx) refers to uart.o(.data) for nTick
    uart.o(i.UartDisable) refers to stm32f10x_usart.o(i.USART_Cmd) for USART_Cmd
    uart.o(i.UartEnable) refers to stm32f10x_usart.o(i.USART_Cmd) for USART_Cmd
    uart.o(i.UartFix) refers to stm32f10x_usart.o(i.USART_ClearFlag) for USART_ClearFlag
    uart.o(i.UartFix) refers to stm32f10x_usart.o(i.USART_ReceiveData) for USART_ReceiveData
    uart.o(i.UartGetChar) refers to uart.o(.data) for nTick
    uart.o(i.UartGetData) refers to uart.o(.data) for nTick
    uart.o(i.UartGetStringEx) refers to uart.o(.data) for nTick
    card_utl.o(i.Card_UTL) refers to uart.o(i.UartGetStringEx) for UartGetStringEx
    card_utl.o(i.Card_UTL) refers to printf6.o(i.__0printf$6) for __2printf
    card_utl.o(i.Card_UTL) refers to mmc_32f1.o(i.disk_initialize) for disk_initialize
    card_utl.o(i.Card_UTL) refers to mmc_32f1.o(i.ReadCardStatus) for ReadCardStatus
    card_utl.o(i.Card_UTL) refers to mmc_32f1.o(i.ModifyPWD) for ModifyPWD
    card_utl.o(i.Card_UTL) refers to strstr.o(.text) for strstr
    card_utl.o(i.Card_UTL) refers to printf6.o(i.__0sprintf$6) for __2sprintf
    card_utl.o(i.Card_UTL) refers to strlen.o(.text) for strlen
    card_utl.o(i.Card_UTL) refers to card_utl.o(.bss) for PASS
    stm32f10x_rcc.o(i.RCC_GetClocksFreq) refers to stm32f10x_rcc.o(.data) for APBAHBPrescTable
    stm32f10x_rcc.o(i.RCC_WaitForHSEStartUp) refers to stm32f10x_rcc.o(i.RCC_GetFlagStatus) for RCC_GetFlagStatus
    aes.o(i.aes_crypt_cbc) refers to memcpya.o(.text) for __aeabi_memcpy
    aes.o(i.aes_crypt_cbc) refers to aes.o(i.aes_crypt_ecb) for aes_crypt_ecb
    aes.o(i.aes_crypt_cfb128) refers to aes.o(i.aes_crypt_ecb) for aes_crypt_ecb
    aes.o(i.aes_crypt_ecb) refers to aes.o(.constdata) for RT0
    aes.o(i.aes_self_test) refers to memseta.o(.text) for __aeabi_memclr4
    aes.o(i.aes_self_test) refers to printf6.o(i.__0printf$6) for __2printf
    aes.o(i.aes_self_test) refers to aes.o(i.aes_setkey_dec) for aes_setkey_dec
    aes.o(i.aes_self_test) refers to aes.o(i.aes_crypt_ecb) for aes_crypt_ecb
    aes.o(i.aes_self_test) refers to memcmp.o(.text) for memcmp
    aes.o(i.aes_self_test) refers to aes.o(i.aes_setkey_enc) for aes_setkey_enc
    aes.o(i.aes_self_test) refers to aes.o(i.aes_crypt_cbc) for aes_crypt_cbc
    aes.o(i.aes_self_test) refers to memcpya.o(.text) for __aeabi_memcpy
    aes.o(i.aes_self_test) refers to aes.o(i.aes_crypt_cfb128) for aes_crypt_cfb128
    aes.o(i.aes_self_test) refers to aes.o(.constdata) for aes_test_ecb_dec
    aes.o(i.aes_setkey_dec) refers to aes.o(i.aes_setkey_enc) for aes_setkey_enc
    aes.o(i.aes_setkey_dec) refers to memseta.o(.text) for __aeabi_memclr4
    aes.o(i.aes_setkey_dec) refers to aes.o(.constdata) for FSb
    aes.o(i.aes_setkey_enc) refers to aes.o(.constdata) for RCON
    stm32f10x_flash.o(i.FLASH_BootConfig) refers to stm32f10x_flash.o(i.FLASH_WaitForLastOperation) for FLASH_WaitForLastOperation
    stm32f10x_flash.o(i.FLASH_EnableWriteProtection) refers to stm32f10x_flash.o(i.FLASH_WaitForLastOperation) for FLASH_WaitForLastOperation
    stm32f10x_flash.o(i.FLASH_EraseAllBank1Pages) refers to stm32f10x_flash.o(i.FLASH_WaitForLastBank1Operation) for FLASH_WaitForLastBank1Operation
    stm32f10x_flash.o(i.FLASH_EraseAllBank2Pages) refers to stm32f10x_flash.o(i.FLASH_WaitForLastBank2Operation) for FLASH_WaitForLastBank2Operation
    stm32f10x_flash.o(i.FLASH_EraseAllPages) refers to stm32f10x_flash.o(i.FLASH_WaitForLastBank1Operation) for FLASH_WaitForLastBank1Operation
    stm32f10x_flash.o(i.FLASH_EraseAllPages) refers to stm32f10x_flash.o(i.FLASH_WaitForLastBank2Operation) for FLASH_WaitForLastBank2Operation
    stm32f10x_flash.o(i.FLASH_EraseOptionBytes) refers to stm32f10x_flash.o(i.FLASH_GetReadOutProtectionStatus) for FLASH_GetReadOutProtectionStatus
    stm32f10x_flash.o(i.FLASH_EraseOptionBytes) refers to stm32f10x_flash.o(i.FLASH_WaitForLastOperation) for FLASH_WaitForLastOperation
    stm32f10x_flash.o(i.FLASH_ErasePage) refers to stm32f10x_flash.o(i.FLASH_WaitForLastBank1Operation) for FLASH_WaitForLastBank1Operation
    stm32f10x_flash.o(i.FLASH_ErasePage) refers to stm32f10x_flash.o(i.FLASH_WaitForLastBank2Operation) for FLASH_WaitForLastBank2Operation
    stm32f10x_flash.o(i.FLASH_ProgramHalfWord) refers to stm32f10x_flash.o(i.FLASH_WaitForLastOperation) for FLASH_WaitForLastOperation
    stm32f10x_flash.o(i.FLASH_ProgramHalfWord) refers to stm32f10x_flash.o(i.FLASH_WaitForLastBank1Operation) for FLASH_WaitForLastBank1Operation
    stm32f10x_flash.o(i.FLASH_ProgramHalfWord) refers to stm32f10x_flash.o(i.FLASH_WaitForLastBank2Operation) for FLASH_WaitForLastBank2Operation
    stm32f10x_flash.o(i.FLASH_ProgramOptionByteData) refers to stm32f10x_flash.o(i.FLASH_WaitForLastOperation) for FLASH_WaitForLastOperation
    stm32f10x_flash.o(i.FLASH_ProgramWord) refers to stm32f10x_flash.o(i.FLASH_WaitForLastBank1Operation) for FLASH_WaitForLastBank1Operation
    stm32f10x_flash.o(i.FLASH_ProgramWord) refers to stm32f10x_flash.o(i.FLASH_WaitForLastOperation) for FLASH_WaitForLastOperation
    stm32f10x_flash.o(i.FLASH_ProgramWord) refers to stm32f10x_flash.o(i.FLASH_WaitForLastBank2Operation) for FLASH_WaitForLastBank2Operation
    stm32f10x_flash.o(i.FLASH_ReadOutProtection) refers to stm32f10x_flash.o(i.FLASH_WaitForLastOperation) for FLASH_WaitForLastOperation
    stm32f10x_flash.o(i.FLASH_UserOptionByteConfig) refers to stm32f10x_flash.o(i.FLASH_WaitForLastOperation) for FLASH_WaitForLastOperation
    stm32f10x_flash.o(i.FLASH_WaitForLastBank1Operation) refers to stm32f10x_flash.o(i.FLASH_GetBank1Status) for FLASH_GetBank1Status
    stm32f10x_flash.o(i.FLASH_WaitForLastBank2Operation) refers to stm32f10x_flash.o(i.FLASH_GetBank2Status) for FLASH_GetBank2Status
    stm32f10x_flash.o(i.FLASH_WaitForLastOperation) refers to stm32f10x_flash.o(i.FLASH_GetBank1Status) for FLASH_GetBank1Status
    stm32f10x_gpio.o(i.GPIO_AFIODeInit) refers to stm32f10x_rcc.o(i.RCC_APB2PeriphResetCmd) for RCC_APB2PeriphResetCmd
    stm32f10x_gpio.o(i.GPIO_DeInit) refers to stm32f10x_rcc.o(i.RCC_APB2PeriphResetCmd) for RCC_APB2PeriphResetCmd
    stm32f10x_spi.o(i.I2S_Init) refers to stm32f10x_rcc.o(i.RCC_GetClocksFreq) for RCC_GetClocksFreq
    stm32f10x_spi.o(i.SPI_I2S_DeInit) refers to stm32f10x_rcc.o(i.RCC_APB2PeriphResetCmd) for RCC_APB2PeriphResetCmd
    stm32f10x_spi.o(i.SPI_I2S_DeInit) refers to stm32f10x_rcc.o(i.RCC_APB1PeriphResetCmd) for RCC_APB1PeriphResetCmd
    stm32f10x_tim.o(i.TIM_DeInit) refers to stm32f10x_rcc.o(i.RCC_APB2PeriphResetCmd) for RCC_APB2PeriphResetCmd
    stm32f10x_tim.o(i.TIM_DeInit) refers to stm32f10x_rcc.o(i.RCC_APB1PeriphResetCmd) for RCC_APB1PeriphResetCmd
    stm32f10x_tim.o(i.TIM_ETRClockMode1Config) refers to stm32f10x_tim.o(i.TIM_ETRConfig) for TIM_ETRConfig
    stm32f10x_tim.o(i.TIM_ETRClockMode2Config) refers to stm32f10x_tim.o(i.TIM_ETRConfig) for TIM_ETRConfig
    stm32f10x_tim.o(i.TIM_ICInit) refers to stm32f10x_tim.o(i.TI1_Config) for TI1_Config
    stm32f10x_tim.o(i.TIM_ICInit) refers to stm32f10x_tim.o(i.TIM_SetIC1Prescaler) for TIM_SetIC1Prescaler
    stm32f10x_tim.o(i.TIM_ICInit) refers to stm32f10x_tim.o(i.TI2_Config) for TI2_Config
    stm32f10x_tim.o(i.TIM_ICInit) refers to stm32f10x_tim.o(i.TIM_SetIC2Prescaler) for TIM_SetIC2Prescaler
    stm32f10x_tim.o(i.TIM_ICInit) refers to stm32f10x_tim.o(i.TI3_Config) for TI3_Config
    stm32f10x_tim.o(i.TIM_ICInit) refers to stm32f10x_tim.o(i.TIM_SetIC3Prescaler) for TIM_SetIC3Prescaler
    stm32f10x_tim.o(i.TIM_ICInit) refers to stm32f10x_tim.o(i.TI4_Config) for TI4_Config
    stm32f10x_tim.o(i.TIM_ICInit) refers to stm32f10x_tim.o(i.TIM_SetIC4Prescaler) for TIM_SetIC4Prescaler
    stm32f10x_tim.o(i.TIM_ITRxExternalClockConfig) refers to stm32f10x_tim.o(i.TIM_SelectInputTrigger) for TIM_SelectInputTrigger
    stm32f10x_tim.o(i.TIM_PWMIConfig) refers to stm32f10x_tim.o(i.TI1_Config) for TI1_Config
    stm32f10x_tim.o(i.TIM_PWMIConfig) refers to stm32f10x_tim.o(i.TIM_SetIC1Prescaler) for TIM_SetIC1Prescaler
    stm32f10x_tim.o(i.TIM_PWMIConfig) refers to stm32f10x_tim.o(i.TI2_Config) for TI2_Config
    stm32f10x_tim.o(i.TIM_PWMIConfig) refers to stm32f10x_tim.o(i.TIM_SetIC2Prescaler) for TIM_SetIC2Prescaler
    stm32f10x_tim.o(i.TIM_TIxExternalClockConfig) refers to stm32f10x_tim.o(i.TI2_Config) for TI2_Config
    stm32f10x_tim.o(i.TIM_TIxExternalClockConfig) refers to stm32f10x_tim.o(i.TI1_Config) for TI1_Config
    stm32f10x_tim.o(i.TIM_TIxExternalClockConfig) refers to stm32f10x_tim.o(i.TIM_SelectInputTrigger) for TIM_SelectInputTrigger
    stm32f10x_usart.o(i.USART_DeInit) refers to stm32f10x_rcc.o(i.RCC_APB2PeriphResetCmd) for RCC_APB2PeriphResetCmd
    stm32f10x_usart.o(i.USART_DeInit) refers to stm32f10x_rcc.o(i.RCC_APB1PeriphResetCmd) for RCC_APB1PeriphResetCmd
    stm32f10x_usart.o(i.USART_Init) refers to stm32f10x_rcc.o(i.RCC_GetClocksFreq) for RCC_GetClocksFreq
    ff.o(i.check_fs) refers to ff.o(i.move_window) for move_window
    ff.o(i.cmp_lfn) refers to ff.o(.constdata) for LfnOfs
    ff.o(i.create_chain) refers to ff.o(i.get_fat) for get_fat
    ff.o(i.create_chain) refers to ff.o(i.put_fat) for put_fat
    ff.o(i.create_name) refers to ff.o(i.chk_chr) for chk_chr
    ff.o(i.create_name) refers to ff.o(i.mem_set) for mem_set
    ff.o(i.create_name) refers to ff.o(.constdata) for ExCvt
    ff.o(i.dir_alloc) refers to ff.o(i.dir_sdi) for dir_sdi
    ff.o(i.dir_alloc) refers to ff.o(i.move_window) for move_window
    ff.o(i.dir_alloc) refers to ff.o(i.dir_next) for dir_next
    ff.o(i.dir_find) refers to ff.o(i.dir_sdi) for dir_sdi
    ff.o(i.dir_find) refers to ff.o(i.move_window) for move_window
    ff.o(i.dir_find) refers to ff.o(i.cmp_lfn) for cmp_lfn
    ff.o(i.dir_find) refers to ff.o(i.sum_sfn) for sum_sfn
    ff.o(i.dir_find) refers to ff.o(i.mem_cmp) for mem_cmp
    ff.o(i.dir_find) refers to ff.o(i.dir_next) for dir_next
    ff.o(i.dir_next) refers to ff.o(i.get_fat) for get_fat
    ff.o(i.dir_next) refers to ff.o(i.create_chain) for create_chain
    ff.o(i.dir_next) refers to ff.o(i.sync_window) for sync_window
    ff.o(i.dir_next) refers to ff.o(i.mem_set) for mem_set
    ff.o(i.dir_next) refers to ff.o(i.clust2sect) for clust2sect
    ff.o(i.dir_read) refers to ff.o(i.move_window) for move_window
    ff.o(i.dir_read) refers to ff.o(i.pick_lfn) for pick_lfn
    ff.o(i.dir_read) refers to ff.o(i.sum_sfn) for sum_sfn
    ff.o(i.dir_read) refers to ff.o(i.dir_next) for dir_next
    ff.o(i.dir_register) refers to ff.o(i.mem_cpy) for mem_cpy
    ff.o(i.dir_register) refers to ff.o(i.gen_numname) for gen_numname
    ff.o(i.dir_register) refers to ff.o(i.dir_find) for dir_find
    ff.o(i.dir_register) refers to ff.o(i.dir_alloc) for dir_alloc
    ff.o(i.dir_register) refers to ff.o(i.dir_sdi) for dir_sdi
    ff.o(i.dir_register) refers to ff.o(i.sum_sfn) for sum_sfn
    ff.o(i.dir_register) refers to ff.o(i.move_window) for move_window
    ff.o(i.dir_register) refers to ff.o(i.fit_lfn) for fit_lfn
    ff.o(i.dir_register) refers to ff.o(i.dir_next) for dir_next
    ff.o(i.dir_register) refers to ff.o(i.mem_set) for mem_set
    ff.o(i.dir_remove) refers to ff.o(i.dir_sdi) for dir_sdi
    ff.o(i.dir_remove) refers to ff.o(i.move_window) for move_window
    ff.o(i.dir_remove) refers to ff.o(i.mem_set) for mem_set
    ff.o(i.dir_remove) refers to ff.o(i.dir_next) for dir_next
    ff.o(i.dir_sdi) refers to ff.o(i.get_fat) for get_fat
    ff.o(i.dir_sdi) refers to ff.o(i.clust2sect) for clust2sect
    ff.o(i.f_chdir) refers to ff.o(i.find_volume) for find_volume
    ff.o(i.f_chdir) refers to ff.o(i.follow_path) for follow_path
    ff.o(i.f_chdir) refers to ff.o(i.ld_clust) for ld_clust
    ff.o(i.f_chmod) refers to ff.o(i.find_volume) for find_volume
    ff.o(i.f_chmod) refers to ff.o(i.follow_path) for follow_path
    ff.o(i.f_chmod) refers to ff.o(i.sync_fs) for sync_fs
    ff.o(i.f_close) refers to ff.o(i.f_sync) for f_sync
    ff.o(i.f_close) refers to ff.o(i.validate) for validate
    ff.o(i.f_closedir) refers to ff.o(i.validate) for validate
    ff.o(i.f_getcwd) refers to ff.o(i.find_volume) for find_volume
    ff.o(i.f_getcwd) refers to ff.o(i.dir_sdi) for dir_sdi
    ff.o(i.f_getcwd) refers to ff.o(i.dir_read) for dir_read
    ff.o(i.f_getcwd) refers to ff.o(i.ld_clust) for ld_clust
    ff.o(i.f_getcwd) refers to ff.o(i.dir_next) for dir_next
    ff.o(i.f_getcwd) refers to ff.o(i.get_fileinfo) for get_fileinfo
    ff.o(i.f_getfree) refers to ff.o(i.find_volume) for find_volume
    ff.o(i.f_getfree) refers to ff.o(i.get_fat) for get_fat
    ff.o(i.f_getfree) refers to ff.o(i.move_window) for move_window
    ff.o(i.f_getlabel) refers to ff.o(i.find_volume) for find_volume
    ff.o(i.f_getlabel) refers to ff.o(i.dir_sdi) for dir_sdi
    ff.o(i.f_getlabel) refers to ff.o(i.dir_read) for dir_read
    ff.o(i.f_getlabel) refers to ff.o(i.mem_cpy) for mem_cpy
    ff.o(i.f_getlabel) refers to ff.o(i.move_window) for move_window
    ff.o(i.f_gets) refers to ff.o(i.f_read) for f_read
    ff.o(i.f_lseek) refers to ff.o(i.validate) for validate
    ff.o(i.f_lseek) refers to ff.o(i.create_chain) for create_chain
    ff.o(i.f_lseek) refers to ff.o(i.get_fat) for get_fat
    ff.o(i.f_lseek) refers to ff.o(i.clust2sect) for clust2sect
    ff.o(i.f_lseek) refers to mmc_32f1.o(i.disk_write) for disk_write
    ff.o(i.f_lseek) refers to mmc_32f1.o(i.disk_read) for disk_read
    ff.o(i.f_mkdir) refers to ff.o(i.find_volume) for find_volume
    ff.o(i.f_mkdir) refers to ff.o(i.follow_path) for follow_path
    ff.o(i.f_mkdir) refers to ff.o(i.create_chain) for create_chain
    ff.o(i.f_mkdir) refers to ff.o(i.sync_window) for sync_window
    ff.o(i.f_mkdir) refers to ff.o(i.clust2sect) for clust2sect
    ff.o(i.f_mkdir) refers to ff.o(i.mem_set) for mem_set
    ff.o(i.f_mkdir) refers to ff.o(i.st_clust) for st_clust
    ff.o(i.f_mkdir) refers to ff.o(i.mem_cpy) for mem_cpy
    ff.o(i.f_mkdir) refers to ff.o(i.dir_register) for dir_register
    ff.o(i.f_mkdir) refers to ff.o(i.remove_chain) for remove_chain
    ff.o(i.f_mkdir) refers to ff.o(i.sync_fs) for sync_fs
    ff.o(i.f_mkfs) refers to ff.o(i.get_ldnumber) for get_ldnumber
    ff.o(i.f_mkfs) refers to mmc_32f1.o(i.disk_initialize) for disk_initialize
    ff.o(i.f_mkfs) refers to mmc_32f1.o(i.disk_ioctl) for disk_ioctl
    ff.o(i.f_mkfs) refers to ff.o(i.mem_set) for mem_set
    ff.o(i.f_mkfs) refers to mmc_32f1.o(i.disk_write) for disk_write
    ff.o(i.f_mkfs) refers to ff.o(i.mem_cpy) for mem_cpy
    ff.o(i.f_mkfs) refers to ff.o(.data) for FatFs
    ff.o(i.f_mkfs) refers to ff.o(.constdata) for vst
    ff.o(i.f_mount) refers to ff.o(i.get_ldnumber) for get_ldnumber
    ff.o(i.f_mount) refers to ff.o(i.find_volume) for find_volume
    ff.o(i.f_mount) refers to ff.o(.data) for FatFs
    ff.o(i.f_open) refers to ff.o(i.find_volume) for find_volume
    ff.o(i.f_open) refers to ff.o(i.follow_path) for follow_path
    ff.o(i.f_open) refers to ff.o(i.dir_register) for dir_register
    ff.o(i.f_open) refers to ff.o(i.ld_clust) for ld_clust
    ff.o(i.f_open) refers to ff.o(i.st_clust) for st_clust
    ff.o(i.f_open) refers to ff.o(i.remove_chain) for remove_chain
    ff.o(i.f_open) refers to ff.o(i.move_window) for move_window
    ff.o(i.f_opendir) refers to ff.o(i.find_volume) for find_volume
    ff.o(i.f_opendir) refers to ff.o(i.follow_path) for follow_path
    ff.o(i.f_opendir) refers to ff.o(i.ld_clust) for ld_clust
    ff.o(i.f_opendir) refers to ff.o(i.dir_sdi) for dir_sdi
    ff.o(i.f_printf) refers to ff.o(i.putc_bfd) for putc_bfd
    ff.o(i.f_printf) refers to ff.o(i.f_write) for f_write
    ff.o(i.f_putc) refers to ff.o(i.putc_bfd) for putc_bfd
    ff.o(i.f_putc) refers to ff.o(i.f_write) for f_write
    ff.o(i.f_puts) refers to ff.o(i.putc_bfd) for putc_bfd
    ff.o(i.f_puts) refers to ff.o(i.f_write) for f_write
    ff.o(i.f_read) refers to ff.o(i.validate) for validate
    ff.o(i.f_read) refers to ff.o(i.get_fat) for get_fat
    ff.o(i.f_read) refers to ff.o(i.clust2sect) for clust2sect
    ff.o(i.f_read) refers to mmc_32f1.o(i.disk_read) for disk_read
    ff.o(i.f_read) refers to ff.o(i.mem_cpy) for mem_cpy
    ff.o(i.f_read) refers to mmc_32f1.o(i.disk_write) for disk_write
    ff.o(i.f_readdir) refers to ff.o(i.validate) for validate
    ff.o(i.f_readdir) refers to ff.o(i.dir_sdi) for dir_sdi
    ff.o(i.f_readdir) refers to ff.o(i.dir_read) for dir_read
    ff.o(i.f_readdir) refers to ff.o(i.get_fileinfo) for get_fileinfo
    ff.o(i.f_readdir) refers to ff.o(i.dir_next) for dir_next
    ff.o(i.f_rename) refers to ff.o(i.find_volume) for find_volume
    ff.o(i.f_rename) refers to ff.o(i.follow_path) for follow_path
    ff.o(i.f_rename) refers to ff.o(i.mem_cpy) for mem_cpy
    ff.o(i.f_rename) refers to ff.o(i.get_ldnumber) for get_ldnumber
    ff.o(i.f_rename) refers to ff.o(i.dir_register) for dir_register
    ff.o(i.f_rename) refers to ff.o(i.ld_clust) for ld_clust
    ff.o(i.f_rename) refers to ff.o(i.clust2sect) for clust2sect
    ff.o(i.f_rename) refers to ff.o(i.move_window) for move_window
    ff.o(i.f_rename) refers to ff.o(i.st_clust) for st_clust
    ff.o(i.f_rename) refers to ff.o(i.dir_remove) for dir_remove
    ff.o(i.f_rename) refers to ff.o(i.sync_fs) for sync_fs
    ff.o(i.f_setlabel) refers to ff.o(i.find_volume) for find_volume
    ff.o(i.f_setlabel) refers to ff.o(i.chk_chr) for chk_chr
    ff.o(i.f_setlabel) refers to ff.o(i.dir_sdi) for dir_sdi
    ff.o(i.f_setlabel) refers to ff.o(i.dir_read) for dir_read
    ff.o(i.f_setlabel) refers to ff.o(i.mem_cpy) for mem_cpy
    ff.o(i.f_setlabel) refers to ff.o(i.sync_fs) for sync_fs
    ff.o(i.f_setlabel) refers to ff.o(i.dir_alloc) for dir_alloc
    ff.o(i.f_setlabel) refers to ff.o(i.mem_set) for mem_set
    ff.o(i.f_stat) refers to ff.o(i.find_volume) for find_volume
    ff.o(i.f_stat) refers to ff.o(i.follow_path) for follow_path
    ff.o(i.f_stat) refers to ff.o(i.get_fileinfo) for get_fileinfo
    ff.o(i.f_sync) refers to ff.o(i.validate) for validate
    ff.o(i.f_sync) refers to mmc_32f1.o(i.disk_write) for disk_write
    ff.o(i.f_sync) refers to ff.o(i.move_window) for move_window
    ff.o(i.f_sync) refers to ff.o(i.st_clust) for st_clust
    ff.o(i.f_sync) refers to ff.o(i.sync_fs) for sync_fs
    ff.o(i.f_truncate) refers to ff.o(i.validate) for validate
    ff.o(i.f_truncate) refers to ff.o(i.remove_chain) for remove_chain
    ff.o(i.f_truncate) refers to ff.o(i.get_fat) for get_fat
    ff.o(i.f_truncate) refers to ff.o(i.put_fat) for put_fat
    ff.o(i.f_truncate) refers to mmc_32f1.o(i.disk_write) for disk_write
    ff.o(i.f_unlink) refers to ff.o(i.find_volume) for find_volume
    ff.o(i.f_unlink) refers to ff.o(i.follow_path) for follow_path
    ff.o(i.f_unlink) refers to ff.o(i.ld_clust) for ld_clust
    ff.o(i.f_unlink) refers to ff.o(i.mem_cpy) for mem_cpy
    ff.o(i.f_unlink) refers to ff.o(i.dir_sdi) for dir_sdi
    ff.o(i.f_unlink) refers to ff.o(i.dir_read) for dir_read
    ff.o(i.f_unlink) refers to ff.o(i.dir_remove) for dir_remove
    ff.o(i.f_unlink) refers to ff.o(i.remove_chain) for remove_chain
    ff.o(i.f_unlink) refers to ff.o(i.sync_fs) for sync_fs
    ff.o(i.f_utime) refers to ff.o(i.find_volume) for find_volume
    ff.o(i.f_utime) refers to ff.o(i.follow_path) for follow_path
    ff.o(i.f_utime) refers to ff.o(i.sync_fs) for sync_fs
    ff.o(i.f_write) refers to ff.o(i.validate) for validate
    ff.o(i.f_write) refers to ff.o(i.create_chain) for create_chain
    ff.o(i.f_write) refers to mmc_32f1.o(i.disk_write) for disk_write
    ff.o(i.f_write) refers to ff.o(i.clust2sect) for clust2sect
    ff.o(i.f_write) refers to ff.o(i.mem_cpy) for mem_cpy
    ff.o(i.f_write) refers to mmc_32f1.o(i.disk_read) for disk_read
    ff.o(i.find_volume) refers to ff.o(i.get_ldnumber) for get_ldnumber
    ff.o(i.find_volume) refers to mmc_32f1.o(i.disk_status) for disk_status
    ff.o(i.find_volume) refers to mmc_32f1.o(i.disk_initialize) for disk_initialize
    ff.o(i.find_volume) refers to ff.o(i.check_fs) for check_fs
    ff.o(i.find_volume) refers to ff.o(i.move_window) for move_window
    ff.o(i.find_volume) refers to ff.o(.data) for FatFs
    ff.o(i.fit_lfn) refers to ff.o(.constdata) for LfnOfs
    ff.o(i.follow_path) refers to ff.o(i.dir_sdi) for dir_sdi
    ff.o(i.follow_path) refers to ff.o(i.create_name) for create_name
    ff.o(i.follow_path) refers to ff.o(i.dir_find) for dir_find
    ff.o(i.follow_path) refers to ff.o(i.ld_clust) for ld_clust
    ff.o(i.gen_numname) refers to ff.o(i.mem_cpy) for mem_cpy
    ff.o(i.get_fat) refers to ff.o(i.move_window) for move_window
    ff.o(i.move_window) refers to ff.o(i.sync_window) for sync_window
    ff.o(i.move_window) refers to mmc_32f1.o(i.disk_read) for disk_read
    ff.o(i.pick_lfn) refers to ff.o(.constdata) for LfnOfs
    ff.o(i.put_fat) refers to ff.o(i.move_window) for move_window
    ff.o(i.putc_bfd) refers to ff.o(i.f_write) for f_write
    ff.o(i.remove_chain) refers to ff.o(i.get_fat) for get_fat
    ff.o(i.remove_chain) refers to ff.o(i.put_fat) for put_fat
    ff.o(i.sync_fs) refers to ff.o(i.sync_window) for sync_window
    ff.o(i.sync_fs) refers to ff.o(i.mem_set) for mem_set
    ff.o(i.sync_fs) refers to mmc_32f1.o(i.disk_write) for disk_write
    ff.o(i.sync_fs) refers to mmc_32f1.o(i.disk_ioctl) for disk_ioctl
    ff.o(i.sync_window) refers to mmc_32f1.o(i.disk_write) for disk_write
    ff.o(i.validate) refers to mmc_32f1.o(i.disk_status) for disk_status
    mmc_32f1.o(i.ModifyPWD) refers to mmc_32f1.o(i.Send_Command) for Send_Command
    mmc_32f1.o(i.ModifyPWD) refers to mmc_32f1.o(i.SPI_ReadWrite_Byte) for SPI_ReadWrite_Byte
    mmc_32f1.o(i.ModifyPWD) refers to mmc_32f1.o(i.Wait_Ready) for Wait_Ready
    mmc_32f1.o(i.ReadCardStatus) refers to mmc_32f1.o(i.Send_Command) for Send_Command
    mmc_32f1.o(i.ReadCardStatus) refers to mmc_32f1.o(i.SPI_ReadWrite_Byte) for SPI_ReadWrite_Byte
    mmc_32f1.o(i.Receive_DataBlock) refers to mmc_32f1.o(i.SPI_ReadWrite_Byte) for SPI_ReadWrite_Byte
    mmc_32f1.o(i.Receive_DataBlock) refers to mmc_32f1.o(.data) for SD_timer1
    mmc_32f1.o(i.SPI_HighSpeed) refers to stm32f10x_spi.o(i.SPI_Init) for SPI_Init
    mmc_32f1.o(i.SPI_HighSpeed) refers to stm32f10x_spi.o(i.SPI_Cmd) for SPI_Cmd
    mmc_32f1.o(i.SPI_LowSpeed) refers to stm32f10x_spi.o(i.SPI_Init) for SPI_Init
    mmc_32f1.o(i.SPI_LowSpeed) refers to stm32f10x_spi.o(i.SPI_Cmd) for SPI_Cmd
    mmc_32f1.o(i.SPI_Release) refers to stm32f10x_gpio.o(i.GPIO_SetBits) for GPIO_SetBits
    mmc_32f1.o(i.SPI_Release) refers to mmc_32f1.o(i.SPI_ReadWrite_Byte) for SPI_ReadWrite_Byte
    mmc_32f1.o(i.Send_Command) refers to stm32f10x_gpio.o(i.GPIO_SetBits) for GPIO_SetBits
    mmc_32f1.o(i.Send_Command) refers to stm32f10x_gpio.o(i.GPIO_ResetBits) for GPIO_ResetBits
    mmc_32f1.o(i.Send_Command) refers to mmc_32f1.o(i.Wait_Ready) for Wait_Ready
    mmc_32f1.o(i.Send_Command) refers to mmc_32f1.o(i.SPI_ReadWrite_Byte) for SPI_ReadWrite_Byte
    mmc_32f1.o(i.Transmit_DataBlock) refers to mmc_32f1.o(i.Wait_Ready) for Wait_Ready
    mmc_32f1.o(i.Transmit_DataBlock) refers to mmc_32f1.o(i.SPI_ReadWrite_Byte) for SPI_ReadWrite_Byte
    mmc_32f1.o(i.Wait_Ready) refers to mmc_32f1.o(i.SPI_ReadWrite_Byte) for SPI_ReadWrite_Byte
    mmc_32f1.o(i.Wait_Ready) refers to mmc_32f1.o(.data) for SD_timer2
    mmc_32f1.o(i.disk_initialize) refers to mmc_32f1.o(i.SPI_LowSpeed) for SPI_LowSpeed
    mmc_32f1.o(i.disk_initialize) refers to stm32f10x_gpio.o(i.GPIO_SetBits) for GPIO_SetBits
    mmc_32f1.o(i.disk_initialize) refers to mmc_32f1.o(i.SPI_ReadWrite_Byte) for SPI_ReadWrite_Byte
    mmc_32f1.o(i.disk_initialize) refers to mmc_32f1.o(i.Send_Command) for Send_Command
    mmc_32f1.o(i.disk_initialize) refers to mmc_32f1.o(i.SPI_HighSpeed) for SPI_HighSpeed
    mmc_32f1.o(i.disk_initialize) refers to mmc_32f1.o(i.SPI_Release) for SPI_Release
    mmc_32f1.o(i.disk_initialize) refers to mmc_32f1.o(.data) for Stat
    mmc_32f1.o(i.disk_ioctl) refers to stm32f10x_gpio.o(i.GPIO_ResetBits) for GPIO_ResetBits
    mmc_32f1.o(i.disk_ioctl) refers to mmc_32f1.o(i.Wait_Ready) for Wait_Ready
    mmc_32f1.o(i.disk_ioctl) refers to mmc_32f1.o(i.Send_Command) for Send_Command
    mmc_32f1.o(i.disk_ioctl) refers to mmc_32f1.o(i.Receive_DataBlock) for Receive_DataBlock
    mmc_32f1.o(i.disk_ioctl) refers to mmc_32f1.o(i.SPI_ReadWrite_Byte) for SPI_ReadWrite_Byte
    mmc_32f1.o(i.disk_ioctl) refers to mmc_32f1.o(i.SPI_Release) for SPI_Release
    mmc_32f1.o(i.disk_ioctl) refers to mmc_32f1.o(.data) for Stat
    mmc_32f1.o(i.disk_read) refers to mmc_32f1.o(i.Send_Command) for Send_Command
    mmc_32f1.o(i.disk_read) refers to mmc_32f1.o(i.Receive_DataBlock) for Receive_DataBlock
    mmc_32f1.o(i.disk_read) refers to mmc_32f1.o(i.SPI_Release) for SPI_Release
    mmc_32f1.o(i.disk_read) refers to mmc_32f1.o(.data) for Stat
    mmc_32f1.o(i.disk_status) refers to mmc_32f1.o(.data) for Stat
    mmc_32f1.o(i.disk_write) refers to mmc_32f1.o(i.Send_Command) for Send_Command
    mmc_32f1.o(i.disk_write) refers to mmc_32f1.o(i.Transmit_DataBlock) for Transmit_DataBlock
    mmc_32f1.o(i.disk_write) refers to mmc_32f1.o(i.SPI_Release) for SPI_Release
    mmc_32f1.o(i.disk_write) refers to mmc_32f1.o(.data) for Stat
    minini.o(i.cache_accum) refers to strlen.o(.text) for strlen
    minini.o(i.cache_flush) refers to ff.o(i.f_lseek) for f_lseek
    minini.o(i.cache_flush) refers to ff.o(i.f_gets) for f_gets
    minini.o(i.cache_flush) refers to ff.o(i.f_puts) for f_puts
    minini.o(i.cache_flush) refers to strcmp.o(.text) for strcmp
    minini.o(i.cleanstring) refers to minini.o(i.striptrailing) for striptrailing
    minini.o(i.cleanstring) refers to strchr.o(.text) for strchr
    minini.o(i.close_rename) refers to ff.o(i.f_close) for f_close
    minini.o(i.close_rename) refers to ff.o(i.f_unlink) for f_unlink
    minini.o(i.close_rename) refers to minini.o(i.ini_tempname) for ini_tempname
    minini.o(i.close_rename) refers to minini.o(i.ini_rename) for ini_rename
    minini.o(i.getkeystring) refers to strlen.o(.text) for strlen
    minini.o(i.getkeystring) refers to ff.o(i.f_gets) for f_gets
    minini.o(i.getkeystring) refers to minini.o(i.skipleading) for skipleading
    minini.o(i.getkeystring) refers to strchr.o(.text) for strchr
    minini.o(i.getkeystring) refers to strncmp.o(.text) for strncmp
    minini.o(i.getkeystring) refers to minini.o(i.save_strncpy) for save_strncpy
    minini.o(i.getkeystring) refers to minini.o(i.skiptrailing) for skiptrailing
    minini.o(i.getkeystring) refers to minini.o(i.striptrailing) for striptrailing
    minini.o(i.getkeystring) refers to minini.o(i.cleanstring) for cleanstring
    minini.o(i.ini_browse) refers to ff.o(i.f_open) for f_open
    minini.o(i.ini_browse) refers to strlen.o(.text) for strlen
    minini.o(i.ini_browse) refers to ff.o(i.f_gets) for f_gets
    minini.o(i.ini_browse) refers to minini.o(i.skipleading) for skipleading
    minini.o(i.ini_browse) refers to strchr.o(.text) for strchr
    minini.o(i.ini_browse) refers to minini.o(i.save_strncpy) for save_strncpy
    minini.o(i.ini_browse) refers to minini.o(i.striptrailing) for striptrailing
    minini.o(i.ini_browse) refers to minini.o(i.cleanstring) for cleanstring
    minini.o(i.ini_browse) refers to ff.o(i.f_close) for f_close
    minini.o(i.ini_getbool) refers to minini.o(i.ini_gets) for ini_gets
    minini.o(i.ini_getbool) refers to toupper.o(.text) for toupper
    minini.o(i.ini_getkey) refers to ff.o(i.f_open) for f_open
    minini.o(i.ini_getkey) refers to minini.o(i.getkeystring) for getkeystring
    minini.o(i.ini_getkey) refers to ff.o(i.f_close) for f_close
    minini.o(i.ini_getkey) refers to strlen.o(.text) for strlen
    minini.o(i.ini_getl) refers to minini.o(i.ini_gets) for ini_gets
    minini.o(i.ini_getl) refers to toupper.o(.text) for toupper
    minini.o(i.ini_getl) refers to strtol.o(.text) for strtol
    minini.o(i.ini_gets) refers to ff.o(i.f_open) for f_open
    minini.o(i.ini_gets) refers to minini.o(i.getkeystring) for getkeystring
    minini.o(i.ini_gets) refers to ff.o(i.f_close) for f_close
    minini.o(i.ini_gets) refers to minini.o(i.save_strncpy) for save_strncpy
    minini.o(i.ini_gets) refers to strlen.o(.text) for strlen
    minini.o(i.ini_getsection) refers to ff.o(i.f_open) for f_open
    minini.o(i.ini_getsection) refers to minini.o(i.getkeystring) for getkeystring
    minini.o(i.ini_getsection) refers to ff.o(i.f_close) for f_close
    minini.o(i.ini_getsection) refers to strlen.o(.text) for strlen
    minini.o(i.ini_putl) refers to minini.o(i.long2str) for long2str
    minini.o(i.ini_putl) refers to minini.o(i.ini_puts) for ini_puts
    minini.o(i.ini_puts) refers to ff.o(i.f_open) for f_open
    minini.o(i.ini_puts) refers to minini.o(i.writesection) for writesection
    minini.o(i.ini_puts) refers to minini.o(i.writekey) for writekey
    minini.o(i.ini_puts) refers to ff.o(i.f_close) for f_close
    minini.o(i.ini_puts) refers to minini.o(i.getkeystring) for getkeystring
    minini.o(i.ini_puts) refers to strcmp.o(.text) for strcmp
    minini.o(i.ini_puts) refers to ff.o(i.f_lseek) for f_lseek
    minini.o(i.ini_puts) refers to minini.o(i.ini_tempname) for ini_tempname
    minini.o(i.ini_puts) refers to strlen.o(.text) for strlen
    minini.o(i.ini_puts) refers to ff.o(i.f_gets) for f_gets
    minini.o(i.ini_puts) refers to minini.o(i.cache_flush) for cache_flush
    minini.o(i.ini_puts) refers to ff.o(i.f_puts) for f_puts
    minini.o(i.ini_puts) refers to minini.o(i.close_rename) for close_rename
    minini.o(i.ini_puts) refers to minini.o(i.skipleading) for skipleading
    minini.o(i.ini_puts) refers to strchr.o(.text) for strchr
    minini.o(i.ini_puts) refers to strncmp.o(.text) for strncmp
    minini.o(i.ini_puts) refers to minini.o(i.cache_accum) for cache_accum
    minini.o(i.ini_puts) refers to minini.o(i.skiptrailing) for skiptrailing
    minini.o(i.ini_rename) refers to strchr.o(.text) for strchr
    minini.o(i.ini_rename) refers to ff.o(i.f_rename) for f_rename
    minini.o(i.ini_tempname) refers to minini.o(i.save_strncpy) for save_strncpy
    minini.o(i.ini_tempname) refers to strrchr.o(.text) for strrchr
    minini.o(i.long2str) refers to minini.o(i.strreverse) for strreverse
    minini.o(i.striptrailing) refers to strchr.o(.text) for strchr
    minini.o(i.striptrailing) refers to minini.o(i.skiptrailing) for skiptrailing
    minini.o(i.strreverse) refers to strlen.o(.text) for strlen
    minini.o(i.writekey) refers to minini.o(i.check_enquote) for check_enquote
    minini.o(i.writekey) refers to minini.o(i.save_strncpy) for save_strncpy
    minini.o(i.writekey) refers to strrchr.o(.text) for strrchr
    minini.o(i.writekey) refers to strcpy.o(.text) for strcpy
    minini.o(i.writekey) refers to ff.o(i.f_puts) for f_puts
    minini.o(i.writesection) refers to strlen.o(.text) for strlen
    minini.o(i.writesection) refers to minini.o(i.save_strncpy) for save_strncpy
    minini.o(i.writesection) refers to strrchr.o(.text) for strrchr
    minini.o(i.writesection) refers to strcpy.o(.text) for strcpy
    minini.o(i.writesection) refers to ff.o(i.f_puts) for f_puts
    entry.o(.ARM.Collect$$$$00000000) refers (Special) to entry10a.o(.ARM.Collect$$$$0000000D) for __rt_final_cpp
    entry.o(.ARM.Collect$$$$00000000) refers (Special) to entry11a.o(.ARM.Collect$$$$0000000F) for __rt_final_exit
    entry.o(.ARM.Collect$$$$00000000) refers (Special) to entry7b.o(.ARM.Collect$$$$00000008) for _main_clock
    entry.o(.ARM.Collect$$$$00000000) refers (Special) to entry8b.o(.ARM.Collect$$$$0000000A) for _main_cpp_init
    entry.o(.ARM.Collect$$$$00000000) refers (Special) to entry9a.o(.ARM.Collect$$$$0000000B) for _main_init
    entry.o(.ARM.Collect$$$$00000000) refers (Special) to entry5.o(.ARM.Collect$$$$00000004) for _main_scatterload
    entry.o(.ARM.Collect$$$$00000000) refers (Special) to entry2.o(.ARM.Collect$$$$00000001) for _main_stk
    printfb.o(i.__0fprintf$bare) refers to printfb.o(i._printf_core) for _printf_core
    printfb.o(i.__0fprintf$bare) refers to hardware_config.o(i.fputc) for fputc
    printfb.o(i.__0printf$bare) refers to printfb.o(i._printf_core) for _printf_core
    printfb.o(i.__0printf$bare) refers to hardware_config.o(i.fputc) for fputc
    printfb.o(i.__0printf$bare) refers to stdout.o(.data) for __stdout
    printfb.o(i.__0snprintf$bare) refers to printfb.o(i._printf_core) for _printf_core
    printfb.o(i.__0snprintf$bare) refers to printfb.o(i._snputc) for _snputc
    printfb.o(i.__0sprintf$bare) refers to printfb.o(i._printf_core) for _printf_core
    printfb.o(i.__0sprintf$bare) refers to printfb.o(i._sputc) for _sputc
    printfb.o(i.__0vfprintf$bare) refers to printfb.o(i._printf_core) for _printf_core
    printfb.o(i.__0vfprintf$bare) refers to hardware_config.o(i.fputc) for fputc
    printfb.o(i.__0vprintf$bare) refers to printfb.o(i._printf_core) for _printf_core
    printfb.o(i.__0vprintf$bare) refers to hardware_config.o(i.fputc) for fputc
    printfb.o(i.__0vprintf$bare) refers to stdout.o(.data) for __stdout
    printfb.o(i.__0vsnprintf$bare) refers to printfb.o(i._printf_core) for _printf_core
    printfb.o(i.__0vsnprintf$bare) refers to printfb.o(i._snputc) for _snputc
    printfb.o(i.__0vsprintf$bare) refers to printfb.o(i._printf_core) for _printf_core
    printfb.o(i.__0vsprintf$bare) refers to printfb.o(i._sputc) for _sputc
    printf0.o(i.__0fprintf$0) refers to printf0.o(i._printf_core) for _printf_core
    printf0.o(i.__0fprintf$0) refers to hardware_config.o(i.fputc) for fputc
    printf0.o(i.__0printf$0) refers to printf0.o(i._printf_core) for _printf_core
    printf0.o(i.__0printf$0) refers to hardware_config.o(i.fputc) for fputc
    printf0.o(i.__0printf$0) refers to stdout.o(.data) for __stdout
    printf0.o(i.__0snprintf$0) refers to printf0.o(i._printf_core) for _printf_core
    printf0.o(i.__0snprintf$0) refers to printf0.o(i._snputc) for _snputc
    printf0.o(i.__0sprintf$0) refers to printf0.o(i._printf_core) for _printf_core
    printf0.o(i.__0sprintf$0) refers to printf0.o(i._sputc) for _sputc
    printf0.o(i.__0vfprintf$0) refers to printf0.o(i._printf_core) for _printf_core
    printf0.o(i.__0vfprintf$0) refers to hardware_config.o(i.fputc) for fputc
    printf0.o(i.__0vprintf$0) refers to printf0.o(i._printf_core) for _printf_core
    printf0.o(i.__0vprintf$0) refers to hardware_config.o(i.fputc) for fputc
    printf0.o(i.__0vprintf$0) refers to stdout.o(.data) for __stdout
    printf0.o(i.__0vsnprintf$0) refers to printf0.o(i._printf_core) for _printf_core
    printf0.o(i.__0vsnprintf$0) refers to printf0.o(i._snputc) for _snputc
    printf0.o(i.__0vsprintf$0) refers to printf0.o(i._printf_core) for _printf_core
    printf0.o(i.__0vsprintf$0) refers to printf0.o(i._sputc) for _sputc
    printf1.o(i.__0fprintf$1) refers to printf1.o(i._printf_core) for _printf_core
    printf1.o(i.__0fprintf$1) refers to hardware_config.o(i.fputc) for fputc
    printf1.o(i.__0printf$1) refers to printf1.o(i._printf_core) for _printf_core
    printf1.o(i.__0printf$1) refers to hardware_config.o(i.fputc) for fputc
    printf1.o(i.__0printf$1) refers to stdout.o(.data) for __stdout
    printf1.o(i.__0snprintf$1) refers to printf1.o(i._printf_core) for _printf_core
    printf1.o(i.__0snprintf$1) refers to printf1.o(i._snputc) for _snputc
    printf1.o(i.__0sprintf$1) refers to printf1.o(i._printf_core) for _printf_core
    printf1.o(i.__0sprintf$1) refers to printf1.o(i._sputc) for _sputc
    printf1.o(i.__0vfprintf$1) refers to printf1.o(i._printf_core) for _printf_core
    printf1.o(i.__0vfprintf$1) refers to hardware_config.o(i.fputc) for fputc
    printf1.o(i.__0vprintf$1) refers to printf1.o(i._printf_core) for _printf_core
    printf1.o(i.__0vprintf$1) refers to hardware_config.o(i.fputc) for fputc
    printf1.o(i.__0vprintf$1) refers to stdout.o(.data) for __stdout
    printf1.o(i.__0vsnprintf$1) refers to printf1.o(i._printf_core) for _printf_core
    printf1.o(i.__0vsnprintf$1) refers to printf1.o(i._snputc) for _snputc
    printf1.o(i.__0vsprintf$1) refers to printf1.o(i._printf_core) for _printf_core
    printf1.o(i.__0vsprintf$1) refers to printf1.o(i._sputc) for _sputc
    printf1.o(i._printf_core) refers to uidiv.o(.text) for __aeabi_uidivmod
    printf2.o(i.__0fprintf$2) refers to printf2.o(i._printf_core) for _printf_core
    printf2.o(i.__0fprintf$2) refers to hardware_config.o(i.fputc) for fputc
    printf2.o(i.__0printf$2) refers to printf2.o(i._printf_core) for _printf_core
    printf2.o(i.__0printf$2) refers to hardware_config.o(i.fputc) for fputc
    printf2.o(i.__0printf$2) refers to stdout.o(.data) for __stdout
    printf2.o(i.__0snprintf$2) refers to printf2.o(i._printf_core) for _printf_core
    printf2.o(i.__0snprintf$2) refers to printf2.o(i._snputc) for _snputc
    printf2.o(i.__0sprintf$2) refers to printf2.o(i._printf_core) for _printf_core
    printf2.o(i.__0sprintf$2) refers to printf2.o(i._sputc) for _sputc
    printf2.o(i.__0vfprintf$2) refers to printf2.o(i._printf_core) for _printf_core
    printf2.o(i.__0vfprintf$2) refers to hardware_config.o(i.fputc) for fputc
    printf2.o(i.__0vprintf$2) refers to printf2.o(i._printf_core) for _printf_core
    printf2.o(i.__0vprintf$2) refers to hardware_config.o(i.fputc) for fputc
    printf2.o(i.__0vprintf$2) refers to stdout.o(.data) for __stdout
    printf2.o(i.__0vsnprintf$2) refers to printf2.o(i._printf_core) for _printf_core
    printf2.o(i.__0vsnprintf$2) refers to printf2.o(i._snputc) for _snputc
    printf2.o(i.__0vsprintf$2) refers to printf2.o(i._printf_core) for _printf_core
    printf2.o(i.__0vsprintf$2) refers to printf2.o(i._sputc) for _sputc
    printf3.o(i.__0fprintf$3) refers to printf3.o(i._printf_core) for _printf_core
    printf3.o(i.__0fprintf$3) refers to hardware_config.o(i.fputc) for fputc
    printf3.o(i.__0printf$3) refers to printf3.o(i._printf_core) for _printf_core
    printf3.o(i.__0printf$3) refers to hardware_config.o(i.fputc) for fputc
    printf3.o(i.__0printf$3) refers to stdout.o(.data) for __stdout
    printf3.o(i.__0snprintf$3) refers to printf3.o(i._printf_core) for _printf_core
    printf3.o(i.__0snprintf$3) refers to printf3.o(i._snputc) for _snputc
    printf3.o(i.__0sprintf$3) refers to printf3.o(i._printf_core) for _printf_core
    printf3.o(i.__0sprintf$3) refers to printf3.o(i._sputc) for _sputc
    printf3.o(i.__0vfprintf$3) refers to printf3.o(i._printf_core) for _printf_core
    printf3.o(i.__0vfprintf$3) refers to hardware_config.o(i.fputc) for fputc
    printf3.o(i.__0vprintf$3) refers to printf3.o(i._printf_core) for _printf_core
    printf3.o(i.__0vprintf$3) refers to hardware_config.o(i.fputc) for fputc
    printf3.o(i.__0vprintf$3) refers to stdout.o(.data) for __stdout
    printf3.o(i.__0vsnprintf$3) refers to printf3.o(i._printf_core) for _printf_core
    printf3.o(i.__0vsnprintf$3) refers to printf3.o(i._snputc) for _snputc
    printf3.o(i.__0vsprintf$3) refers to printf3.o(i._printf_core) for _printf_core
    printf3.o(i.__0vsprintf$3) refers to printf3.o(i._sputc) for _sputc
    printf3.o(i._printf_core) refers to uidiv.o(.text) for __aeabi_uidivmod
    printf4.o(i.__0fprintf$4) refers to printf4.o(i._printf_core) for _printf_core
    printf4.o(i.__0fprintf$4) refers to hardware_config.o(i.fputc) for fputc
    printf4.o(i.__0printf$4) refers to printf4.o(i._printf_core) for _printf_core
    printf4.o(i.__0printf$4) refers to hardware_config.o(i.fputc) for fputc
    printf4.o(i.__0printf$4) refers to stdout.o(.data) for __stdout
    printf4.o(i.__0snprintf$4) refers to printf4.o(i._printf_core) for _printf_core
    printf4.o(i.__0snprintf$4) refers to printf4.o(i._snputc) for _snputc
    printf4.o(i.__0sprintf$4) refers to printf4.o(i._printf_core) for _printf_core
    printf4.o(i.__0sprintf$4) refers to printf4.o(i._sputc) for _sputc
    printf4.o(i.__0vfprintf$4) refers to printf4.o(i._printf_core) for _printf_core
    printf4.o(i.__0vfprintf$4) refers to hardware_config.o(i.fputc) for fputc
    printf4.o(i.__0vprintf$4) refers to printf4.o(i._printf_core) for _printf_core
    printf4.o(i.__0vprintf$4) refers to hardware_config.o(i.fputc) for fputc
    printf4.o(i.__0vprintf$4) refers to stdout.o(.data) for __stdout
    printf4.o(i.__0vsnprintf$4) refers to printf4.o(i._printf_core) for _printf_core
    printf4.o(i.__0vsnprintf$4) refers to printf4.o(i._snputc) for _snputc
    printf4.o(i.__0vsprintf$4) refers to printf4.o(i._printf_core) for _printf_core
    printf4.o(i.__0vsprintf$4) refers to printf4.o(i._sputc) for _sputc
    printf4.o(i._printf_core) refers to uldiv.o(.text) for __aeabi_uldivmod
    printf5.o(i.__0fprintf$5) refers to printf5.o(i._printf_core) for _printf_core
    printf5.o(i.__0fprintf$5) refers to hardware_config.o(i.fputc) for fputc
    printf5.o(i.__0printf$5) refers to printf5.o(i._printf_core) for _printf_core
    printf5.o(i.__0printf$5) refers to hardware_config.o(i.fputc) for fputc
    printf5.o(i.__0printf$5) refers to stdout.o(.data) for __stdout
    printf5.o(i.__0snprintf$5) refers to printf5.o(i._printf_core) for _printf_core
    printf5.o(i.__0snprintf$5) refers to printf5.o(i._snputc) for _snputc
    printf5.o(i.__0sprintf$5) refers to printf5.o(i._printf_core) for _printf_core
    printf5.o(i.__0sprintf$5) refers to printf5.o(i._sputc) for _sputc
    printf5.o(i.__0vfprintf$5) refers to printf5.o(i._printf_core) for _printf_core
    printf5.o(i.__0vfprintf$5) refers to hardware_config.o(i.fputc) for fputc
    printf5.o(i.__0vprintf$5) refers to printf5.o(i._printf_core) for _printf_core
    printf5.o(i.__0vprintf$5) refers to hardware_config.o(i.fputc) for fputc
    printf5.o(i.__0vprintf$5) refers to stdout.o(.data) for __stdout
    printf5.o(i.__0vsnprintf$5) refers to printf5.o(i._printf_core) for _printf_core
    printf5.o(i.__0vsnprintf$5) refers to printf5.o(i._snputc) for _snputc
    printf5.o(i.__0vsprintf$5) refers to printf5.o(i._printf_core) for _printf_core
    printf5.o(i.__0vsprintf$5) refers to printf5.o(i._sputc) for _sputc
    printf5.o(i._printf_core) refers to uldiv.o(.text) for __aeabi_uldivmod
    printf6.o(i.__0fprintf$6) refers to printf6.o(i._printf_core) for _printf_core
    printf6.o(i.__0fprintf$6) refers to hardware_config.o(i.fputc) for fputc
    printf6.o(i.__0printf$6) refers to printf6.o(i._printf_core) for _printf_core
    printf6.o(i.__0printf$6) refers to hardware_config.o(i.fputc) for fputc
    printf6.o(i.__0printf$6) refers to stdout.o(.data) for __stdout
    printf6.o(i.__0snprintf$6) refers to printf6.o(i._printf_core) for _printf_core
    printf6.o(i.__0snprintf$6) refers to printf6.o(i._snputc) for _snputc
    printf6.o(i.__0sprintf$6) refers to printf6.o(i._printf_core) for _printf_core
    printf6.o(i.__0sprintf$6) refers to printf6.o(i._sputc) for _sputc
    printf6.o(i.__0vfprintf$6) refers to printf6.o(i._printf_core) for _printf_core
    printf6.o(i.__0vfprintf$6) refers to hardware_config.o(i.fputc) for fputc
    printf6.o(i.__0vprintf$6) refers to printf6.o(i._printf_core) for _printf_core
    printf6.o(i.__0vprintf$6) refers to hardware_config.o(i.fputc) for fputc
    printf6.o(i.__0vprintf$6) refers to stdout.o(.data) for __stdout
    printf6.o(i.__0vsnprintf$6) refers to printf6.o(i._printf_core) for _printf_core
    printf6.o(i.__0vsnprintf$6) refers to printf6.o(i._snputc) for _snputc
    printf6.o(i.__0vsprintf$6) refers to printf6.o(i._printf_core) for _printf_core
    printf6.o(i.__0vsprintf$6) refers to printf6.o(i._sputc) for _sputc
    printf6.o(i._printf_core) refers to printf6.o(i._printf_pre_padding) for _printf_pre_padding
    printf6.o(i._printf_core) refers to uidiv.o(.text) for __aeabi_uidivmod
    printf6.o(i._printf_core) refers to printf6.o(i._printf_post_padding) for _printf_post_padding
    printf7.o(i.__0fprintf$7) refers to printf7.o(i._printf_core) for _printf_core
    printf7.o(i.__0fprintf$7) refers to hardware_config.o(i.fputc) for fputc
    printf7.o(i.__0printf$7) refers to printf7.o(i._printf_core) for _printf_core
    printf7.o(i.__0printf$7) refers to hardware_config.o(i.fputc) for fputc
    printf7.o(i.__0printf$7) refers to stdout.o(.data) for __stdout
    printf7.o(i.__0snprintf$7) refers to printf7.o(i._printf_core) for _printf_core
    printf7.o(i.__0snprintf$7) refers to printf7.o(i._snputc) for _snputc
    printf7.o(i.__0sprintf$7) refers to printf7.o(i._printf_core) for _printf_core
    printf7.o(i.__0sprintf$7) refers to printf7.o(i._sputc) for _sputc
    printf7.o(i.__0vfprintf$7) refers to printf7.o(i._printf_core) for _printf_core
    printf7.o(i.__0vfprintf$7) refers to hardware_config.o(i.fputc) for fputc
    printf7.o(i.__0vprintf$7) refers to printf7.o(i._printf_core) for _printf_core
    printf7.o(i.__0vprintf$7) refers to hardware_config.o(i.fputc) for fputc
    printf7.o(i.__0vprintf$7) refers to stdout.o(.data) for __stdout
    printf7.o(i.__0vsnprintf$7) refers to printf7.o(i._printf_core) for _printf_core
    printf7.o(i.__0vsnprintf$7) refers to printf7.o(i._snputc) for _snputc
    printf7.o(i.__0vsprintf$7) refers to printf7.o(i._printf_core) for _printf_core
    printf7.o(i.__0vsprintf$7) refers to printf7.o(i._sputc) for _sputc
    printf7.o(i._printf_core) refers to printf7.o(i._printf_pre_padding) for _printf_pre_padding
    printf7.o(i._printf_core) refers to uldiv.o(.text) for __aeabi_uldivmod
    printf7.o(i._printf_core) refers to printf7.o(i._printf_post_padding) for _printf_post_padding
    printf8.o(i.__0fprintf$8) refers to printf8.o(i._printf_core) for _printf_core
    printf8.o(i.__0fprintf$8) refers to hardware_config.o(i.fputc) for fputc
    printf8.o(i.__0printf$8) refers to printf8.o(i._printf_core) for _printf_core
    printf8.o(i.__0printf$8) refers to hardware_config.o(i.fputc) for fputc
    printf8.o(i.__0printf$8) refers to stdout.o(.data) for __stdout
    printf8.o(i.__0snprintf$8) refers to printf8.o(i._printf_core) for _printf_core
    printf8.o(i.__0snprintf$8) refers to printf8.o(i._snputc) for _snputc
    printf8.o(i.__0sprintf$8) refers to printf8.o(i._printf_core) for _printf_core
    printf8.o(i.__0sprintf$8) refers to printf8.o(i._sputc) for _sputc
    printf8.o(i.__0vfprintf$8) refers to printf8.o(i._printf_core) for _printf_core
    printf8.o(i.__0vfprintf$8) refers to hardware_config.o(i.fputc) for fputc
    printf8.o(i.__0vprintf$8) refers to printf8.o(i._printf_core) for _printf_core
    printf8.o(i.__0vprintf$8) refers to hardware_config.o(i.fputc) for fputc
    printf8.o(i.__0vprintf$8) refers to stdout.o(.data) for __stdout
    printf8.o(i.__0vsnprintf$8) refers to printf8.o(i._printf_core) for _printf_core
    printf8.o(i.__0vsnprintf$8) refers to printf8.o(i._snputc) for _snputc
    printf8.o(i.__0vsprintf$8) refers to printf8.o(i._printf_core) for _printf_core
    printf8.o(i.__0vsprintf$8) refers to printf8.o(i._sputc) for _sputc
    printf8.o(i._printf_core) refers to printf8.o(i._printf_pre_padding) for _printf_pre_padding
    printf8.o(i._printf_core) refers to uldiv.o(.text) for __aeabi_uldivmod
    printf8.o(i._printf_core) refers to printf8.o(i._printf_post_padding) for _printf_post_padding
    printfa.o(i.__0fprintf) refers (Special) to iusefp.o(.text) for __I$use$fp
    printfa.o(i.__0fprintf) refers to printfa.o(i._printf_core) for _printf_core
    printfa.o(i.__0fprintf) refers to hardware_config.o(i.fputc) for fputc
    printfa.o(i.__0printf) refers (Special) to iusefp.o(.text) for __I$use$fp
    printfa.o(i.__0printf) refers to printfa.o(i._printf_core) for _printf_core
    printfa.o(i.__0printf) refers to hardware_config.o(i.fputc) for fputc
    printfa.o(i.__0printf) refers to stdout.o(.data) for __stdout
    printfa.o(i.__0snprintf) refers (Special) to iusefp.o(.text) for __I$use$fp
    printfa.o(i.__0snprintf) refers to printfa.o(i._printf_core) for _printf_core
    printfa.o(i.__0snprintf) refers to printfa.o(i._snputc) for _snputc
    printfa.o(i.__0sprintf) refers (Special) to iusefp.o(.text) for __I$use$fp
    printfa.o(i.__0sprintf) refers to printfa.o(i._printf_core) for _printf_core
    printfa.o(i.__0sprintf) refers to printfa.o(i._sputc) for _sputc
    printfa.o(i.__0vfprintf) refers (Special) to iusefp.o(.text) for __I$use$fp
    printfa.o(i.__0vfprintf) refers to printfa.o(i._printf_core) for _printf_core
    printfa.o(i.__0vfprintf) refers to hardware_config.o(i.fputc) for fputc
    printfa.o(i.__0vprintf) refers (Special) to iusefp.o(.text) for __I$use$fp
    printfa.o(i.__0vprintf) refers to printfa.o(i._printf_core) for _printf_core
    printfa.o(i.__0vprintf) refers to hardware_config.o(i.fputc) for fputc
    printfa.o(i.__0vprintf) refers to stdout.o(.data) for __stdout
    printfa.o(i.__0vsnprintf) refers (Special) to iusefp.o(.text) for __I$use$fp
    printfa.o(i.__0vsnprintf) refers to printfa.o(i._printf_core) for _printf_core
    printfa.o(i.__0vsnprintf) refers to printfa.o(i._snputc) for _snputc
    printfa.o(i.__0vsprintf) refers (Special) to iusefp.o(.text) for __I$use$fp
    printfa.o(i.__0vsprintf) refers to printfa.o(i._printf_core) for _printf_core
    printfa.o(i.__0vsprintf) refers to printfa.o(i._sputc) for _sputc
    printfa.o(i._fp_digits) refers (Special) to iusefp.o(.text) for __I$use$fp
    printfa.o(i._fp_digits) refers to dmul.o(.text) for __aeabi_dmul
    printfa.o(i._fp_digits) refers to ddiv.o(.text) for __aeabi_ddiv
    printfa.o(i._fp_digits) refers to cdrcmple.o(.text) for __aeabi_cdrcmple
    printfa.o(i._fp_digits) refers to dadd.o(.text) for __aeabi_dadd
    printfa.o(i._fp_digits) refers to dfixul.o(.text) for __aeabi_d2ulz
    printfa.o(i._fp_digits) refers to uldiv.o(.text) for __aeabi_uldivmod
    printfa.o(i._printf_core) refers (Special) to iusefp.o(.text) for __I$use$fp
    printfa.o(i._printf_core) refers to printfa.o(i._printf_pre_padding) for _printf_pre_padding
    printfa.o(i._printf_core) refers to uldiv.o(.text) for __aeabi_uldivmod
    printfa.o(i._printf_core) refers to printfa.o(i._printf_post_padding) for _printf_post_padding
    printfa.o(i._printf_core) refers to printfa.o(i._fp_digits) for _fp_digits
    printfa.o(i._printf_core) refers to uidiv.o(.text) for __aeabi_uidivmod
    printfa.o(i._printf_post_padding) refers (Special) to iusefp.o(.text) for __I$use$fp
    printfa.o(i._printf_pre_padding) refers (Special) to iusefp.o(.text) for __I$use$fp
    printfa.o(i._snputc) refers (Special) to iusefp.o(.text) for __I$use$fp
    printfa.o(i._sputc) refers (Special) to iusefp.o(.text) for __I$use$fp
    strtol.o(.text) refers to ctype_o.o(.text) for __rt_ctype_table
    strtol.o(.text) refers to _strtoul.o(.text) for _strtoul
    strtol.o(.text) refers to errno.o(i.__aeabi_errno_addr) for __aeabi_errno_addr
    entry2.o(.ARM.Collect$$$$00000001) refers to entry2.o(.ARM.Collect$$$$00002712) for __lit__00000000
    entry2.o(.ARM.Collect$$$$00002712) refers to startup_stm32f10x_hd.o(STACK) for __initial_sp
    entry2.o(__vectab_stack_and_reset_area) refers to startup_stm32f10x_hd.o(STACK) for __initial_sp
    entry2.o(__vectab_stack_and_reset_area) refers to entry.o(.ARM.Collect$$$$00000000) for __main
    entry5.o(.ARM.Collect$$$$00000004) refers to init.o(.text) for __scatterload
    entry9a.o(.ARM.Collect$$$$0000000B) refers to main.o(i.main) for main
    entry9b.o(.ARM.Collect$$$$0000000C) refers to main.o(i.main) for main
    uldiv.o(.text) refers to llushr.o(.text) for __aeabi_llsr
    uldiv.o(.text) refers to llshl.o(.text) for __aeabi_llsl
    ctype_o.o(.text) refers to ctype_o.o(.constdata) for .constdata
    ctype_o.o(.constdata) refers to ctype_o.o(.constdata) for __ctype_table
    isalnum_o.o(.text) refers to ctype_o.o(.text) for __rt_ctype_table
    isalpha_o.o(.text) refers to ctype_o.o(.text) for __rt_ctype_table
    isblank_o.o(.text) refers to ctype_o.o(.constdata) for __ctype_table
    iscntrl_o.o(.text) refers to ctype_o.o(.text) for __rt_ctype_table
    isdigit_o.o(.text) refers to ctype_o.o(.text) for __rt_ctype_table
    isgraph_o.o(.text) refers to ctype_o.o(.text) for __rt_ctype_table
    islower_o.o(.text) refers to ctype_o.o(.text) for __rt_ctype_table
    isprint_o.o(.text) refers to ctype_o.o(.text) for __rt_ctype_table
    ispunct_o.o(.text) refers to ctype_o.o(.text) for __rt_ctype_table
    isspace_o.o(.text) refers to ctype_o.o(.text) for __rt_ctype_table
    isupper_o.o(.text) refers to ctype_o.o(.text) for __rt_ctype_table
    isxdigit_o.o(.text) refers to ctype_o.o(.text) for __rt_ctype_table
    errno.o(i.__aeabi_errno_addr) refers to errno.o(.data) for .data
    errno.o(i.__read_errno) refers to errno.o(.data) for .data
    errno.o(i.__set_errno) refers to errno.o(.data) for .data
    _strtoul.o(.text) refers to _chval.o(.text) for _chval
    _strtoul.o(.text) refers to errno.o(i.__aeabi_errno_addr) for __aeabi_errno_addr
    dadd.o(.text) refers to llshl.o(.text) for __aeabi_llsl
    dadd.o(.text) refers to llsshr.o(.text) for __aeabi_lasr
    dadd.o(.text) refers to depilogue.o(.text) for _double_epilogue
    dmul.o(.text) refers to depilogue.o(.text) for _double_epilogue
    ddiv.o(.text) refers to depilogue.o(.text) for _double_round
    dfixul.o(.text) refers to llushr.o(.text) for __aeabi_llsr
    dfixul.o(.text) refers to llshl.o(.text) for __aeabi_llsl
    init.o(.text) refers to entry5.o(.ARM.Collect$$$$00000004) for __main_after_scatterload
    depilogue.o(.text) refers to llshl.o(.text) for __aeabi_llsl
    depilogue.o(.text) refers to llushr.o(.text) for __aeabi_llsr


==============================================================================

Removing Unused input sections from the image.

    Removing startup_stm32f10x_hd.o(HEAP), (8192 bytes).
    Removing system_stm32f10x.o(i.SystemCoreClockUpdate), (164 bytes).
    Removing core_cm3.o(.emb_text), (32 bytes).
    Removing main.o(i.BeepERR), (36 bytes).
    Removing stm32f10x_it.o(.data), (2 bytes).
    Removing hardware_config.o(i.Delay), (18 bytes).
    Removing hardware_config.o(i.Timer2_Config), (196 bytes).
    Removing stm_loader.o(i.ini_rename), (34 bytes).
    Removing uart.o(i.ConsoleGetLineEx), (308 bytes).
    Removing uart.o(i.UartDisable), (16 bytes).
    Removing uart.o(i.UartEnable), (16 bytes).
    Removing uart.o(i.UartGetData), (96 bytes).
    Removing uart.o(i.UartPutData), (64 bytes).
    Removing uart.o(i.UartPutString), (56 bytes).
    Removing misc.o(i.NVIC_SetVectorTable), (20 bytes).
    Removing misc.o(i.NVIC_SystemLPConfig), (32 bytes).
    Removing misc.o(i.SysTick_CLKSourceConfig), (40 bytes).
    Removing stm32f10x_rcc.o(i.RCC_ADCCLKConfig), (24 bytes).
    Removing stm32f10x_rcc.o(i.RCC_AHBPeriphClockCmd), (32 bytes).
    Removing stm32f10x_rcc.o(i.RCC_APB1PeriphResetCmd), (32 bytes).
    Removing stm32f10x_rcc.o(i.RCC_APB2PeriphResetCmd), (32 bytes).
    Removing stm32f10x_rcc.o(i.RCC_AdjustHSICalibrationValue), (24 bytes).
    Removing stm32f10x_rcc.o(i.RCC_BackupResetCmd), (12 bytes).
    Removing stm32f10x_rcc.o(i.RCC_ClearFlag), (20 bytes).
    Removing stm32f10x_rcc.o(i.RCC_ClearITPendingBit), (12 bytes).
    Removing stm32f10x_rcc.o(i.RCC_ClockSecuritySystemCmd), (12 bytes).
    Removing stm32f10x_rcc.o(i.RCC_DeInit), (76 bytes).
    Removing stm32f10x_rcc.o(i.RCC_GetFlagStatus), (60 bytes).
    Removing stm32f10x_rcc.o(i.RCC_GetITStatus), (24 bytes).
    Removing stm32f10x_rcc.o(i.RCC_GetSYSCLKSource), (16 bytes).
    Removing stm32f10x_rcc.o(i.RCC_HCLKConfig), (24 bytes).
    Removing stm32f10x_rcc.o(i.RCC_HSEConfig), (76 bytes).
    Removing stm32f10x_rcc.o(i.RCC_HSICmd), (12 bytes).
    Removing stm32f10x_rcc.o(i.RCC_ITConfig), (32 bytes).
    Removing stm32f10x_rcc.o(i.RCC_LSEConfig), (52 bytes).
    Removing stm32f10x_rcc.o(i.RCC_LSICmd), (12 bytes).
    Removing stm32f10x_rcc.o(i.RCC_MCOConfig), (12 bytes).
    Removing stm32f10x_rcc.o(i.RCC_PCLK1Config), (24 bytes).
    Removing stm32f10x_rcc.o(i.RCC_PCLK2Config), (24 bytes).
    Removing stm32f10x_rcc.o(i.RCC_PLLCmd), (12 bytes).
    Removing stm32f10x_rcc.o(i.RCC_PLLConfig), (28 bytes).
    Removing stm32f10x_rcc.o(i.RCC_RTCCLKCmd), (12 bytes).
    Removing stm32f10x_rcc.o(i.RCC_RTCCLKConfig), (16 bytes).
    Removing stm32f10x_rcc.o(i.RCC_SYSCLKConfig), (24 bytes).
    Removing stm32f10x_rcc.o(i.RCC_USBCLKConfig), (12 bytes).
    Removing stm32f10x_rcc.o(i.RCC_WaitForHSEStartUp), (56 bytes).
    Removing aes.o(i.aes_crypt_cbc), (146 bytes).
    Removing aes.o(i.aes_crypt_cfb128), (130 bytes).
    Removing aes.o(i.aes_crypt_ecb), (2564 bytes).
    Removing aes.o(i.aes_self_test), (892 bytes).
    Removing aes.o(i.aes_setkey_dec), (252 bytes).
    Removing aes.o(i.aes_setkey_enc), (504 bytes).
    Removing aes.o(.constdata), (9304 bytes).
    Removing stm32f10x_flash.o(i.FLASH_BootConfig), (120 bytes).
    Removing stm32f10x_flash.o(i.FLASH_ClearFlag), (24 bytes).
    Removing stm32f10x_flash.o(i.FLASH_EnableWriteProtection), (196 bytes).
    Removing stm32f10x_flash.o(i.FLASH_EraseAllBank1Pages), (72 bytes).
    Removing stm32f10x_flash.o(i.FLASH_EraseAllBank2Pages), (72 bytes).
    Removing stm32f10x_flash.o(i.FLASH_EraseAllPages), (124 bytes).
    Removing stm32f10x_flash.o(i.FLASH_EraseOptionBytes), (168 bytes).
    Removing stm32f10x_flash.o(i.FLASH_ErasePage), (152 bytes).
    Removing stm32f10x_flash.o(i.FLASH_GetBank1Status), (52 bytes).
    Removing stm32f10x_flash.o(i.FLASH_GetBank2Status), (52 bytes).
    Removing stm32f10x_flash.o(i.FLASH_GetFlagStatus), (68 bytes).
    Removing stm32f10x_flash.o(i.FLASH_GetPrefetchBufferStatus), (24 bytes).
    Removing stm32f10x_flash.o(i.FLASH_GetReadOutProtectionStatus), (24 bytes).
    Removing stm32f10x_flash.o(i.FLASH_GetStatus), (52 bytes).
    Removing stm32f10x_flash.o(i.FLASH_GetUserOptionByte), (12 bytes).
    Removing stm32f10x_flash.o(i.FLASH_GetWriteProtectionOptionByte), (12 bytes).
    Removing stm32f10x_flash.o(i.FLASH_HalfCycleAccessCmd), (28 bytes).
    Removing stm32f10x_flash.o(i.FLASH_ITConfig), (72 bytes).
    Removing stm32f10x_flash.o(i.FLASH_Lock), (28 bytes).
    Removing stm32f10x_flash.o(i.FLASH_LockBank1), (20 bytes).
    Removing stm32f10x_flash.o(i.FLASH_LockBank2), (20 bytes).
    Removing stm32f10x_flash.o(i.FLASH_PrefetchBufferCmd), (28 bytes).
    Removing stm32f10x_flash.o(i.FLASH_ProgramHalfWord), (116 bytes).
    Removing stm32f10x_flash.o(i.FLASH_ProgramOptionByteData), (84 bytes).
    Removing stm32f10x_flash.o(i.FLASH_ProgramWord), (356 bytes).
    Removing stm32f10x_flash.o(i.FLASH_ReadOutProtection), (172 bytes).
    Removing stm32f10x_flash.o(i.FLASH_SetLatency), (24 bytes).
    Removing stm32f10x_flash.o(i.FLASH_Unlock), (32 bytes).
    Removing stm32f10x_flash.o(i.FLASH_UnlockBank1), (24 bytes).
    Removing stm32f10x_flash.o(i.FLASH_UnlockBank2), (24 bytes).
    Removing stm32f10x_flash.o(i.FLASH_UserOptionByteConfig), (104 bytes).
    Removing stm32f10x_flash.o(i.FLASH_WaitForLastBank1Operation), (38 bytes).
    Removing stm32f10x_flash.o(i.FLASH_WaitForLastBank2Operation), (38 bytes).
    Removing stm32f10x_flash.o(i.FLASH_WaitForLastOperation), (38 bytes).
    Removing stm32f10x_gpio.o(i.GPIO_AFIODeInit), (20 bytes).
    Removing stm32f10x_gpio.o(i.GPIO_DeInit), (200 bytes).
    Removing stm32f10x_gpio.o(i.GPIO_ETH_MediaInterfaceConfig), (12 bytes).
    Removing stm32f10x_gpio.o(i.GPIO_EventOutputCmd), (12 bytes).
    Removing stm32f10x_gpio.o(i.GPIO_EventOutputConfig), (32 bytes).
    Removing stm32f10x_gpio.o(i.GPIO_PinLockConfig), (18 bytes).
    Removing stm32f10x_gpio.o(i.GPIO_PinRemapConfig), (144 bytes).
    Removing stm32f10x_gpio.o(i.GPIO_ReadInputData), (8 bytes).
    Removing stm32f10x_gpio.o(i.GPIO_ReadOutputData), (8 bytes).
    Removing stm32f10x_gpio.o(i.GPIO_ReadOutputDataBit), (18 bytes).
    Removing stm32f10x_gpio.o(i.GPIO_StructInit), (16 bytes).
    Removing stm32f10x_gpio.o(i.GPIO_Write), (4 bytes).
    Removing stm32f10x_gpio.o(i.GPIO_WriteBit), (10 bytes).
    Removing stm32f10x_spi.o(i.I2S_Cmd), (24 bytes).
    Removing stm32f10x_spi.o(i.I2S_Init), (232 bytes).
    Removing stm32f10x_spi.o(i.I2S_StructInit), (20 bytes).
    Removing stm32f10x_spi.o(i.SPI_BiDirectionalLineConfig), (28 bytes).
    Removing stm32f10x_spi.o(i.SPI_DataSizeConfig), (18 bytes).
    Removing stm32f10x_spi.o(i.SPI_GetCRC), (16 bytes).
    Removing stm32f10x_spi.o(i.SPI_GetCRCPolynomial), (6 bytes).
    Removing stm32f10x_spi.o(i.SPI_I2S_ClearFlag), (6 bytes).
    Removing stm32f10x_spi.o(i.SPI_I2S_ClearITPendingBit), (20 bytes).
    Removing stm32f10x_spi.o(i.SPI_I2S_DMACmd), (18 bytes).
    Removing stm32f10x_spi.o(i.SPI_I2S_DeInit), (88 bytes).
    Removing stm32f10x_spi.o(i.SPI_I2S_GetITStatus), (52 bytes).
    Removing stm32f10x_spi.o(i.SPI_I2S_ITConfig), (32 bytes).
    Removing stm32f10x_spi.o(i.SPI_NSSInternalSoftwareConfig), (30 bytes).
    Removing stm32f10x_spi.o(i.SPI_SSOutputCmd), (24 bytes).
    Removing stm32f10x_spi.o(i.SPI_StructInit), (24 bytes).
    Removing stm32f10x_spi.o(i.SPI_TransmitCRC), (10 bytes).
    Removing stm32f10x_tim.o(i.TI1_Config), (128 bytes).
    Removing stm32f10x_tim.o(i.TI2_Config), (152 bytes).
    Removing stm32f10x_tim.o(i.TI3_Config), (144 bytes).
    Removing stm32f10x_tim.o(i.TI4_Config), (152 bytes).
    Removing stm32f10x_tim.o(i.TIM_BDTRConfig), (32 bytes).
    Removing stm32f10x_tim.o(i.TIM_BDTRStructInit), (18 bytes).
    Removing stm32f10x_tim.o(i.TIM_CCPreloadControl), (24 bytes).
    Removing stm32f10x_tim.o(i.TIM_CCxCmd), (30 bytes).
    Removing stm32f10x_tim.o(i.TIM_CCxNCmd), (30 bytes).
    Removing stm32f10x_tim.o(i.TIM_ClearFlag), (6 bytes).
    Removing stm32f10x_tim.o(i.TIM_ClearOC1Ref), (18 bytes).
    Removing stm32f10x_tim.o(i.TIM_ClearOC2Ref), (24 bytes).
    Removing stm32f10x_tim.o(i.TIM_ClearOC3Ref), (18 bytes).
    Removing stm32f10x_tim.o(i.TIM_ClearOC4Ref), (24 bytes).
    Removing stm32f10x_tim.o(i.TIM_CounterModeConfig), (18 bytes).
    Removing stm32f10x_tim.o(i.TIM_CtrlPWMOutputs), (30 bytes).
    Removing stm32f10x_tim.o(i.TIM_DMACmd), (18 bytes).
    Removing stm32f10x_tim.o(i.TIM_DMAConfig), (10 bytes).
    Removing stm32f10x_tim.o(i.TIM_DeInit), (488 bytes).
    Removing stm32f10x_tim.o(i.TIM_ETRClockMode1Config), (54 bytes).
    Removing stm32f10x_tim.o(i.TIM_ETRClockMode2Config), (32 bytes).
    Removing stm32f10x_tim.o(i.TIM_ETRConfig), (28 bytes).
    Removing stm32f10x_tim.o(i.TIM_EncoderInterfaceConfig), (66 bytes).
    Removing stm32f10x_tim.o(i.TIM_ForcedOC1Config), (18 bytes).
    Removing stm32f10x_tim.o(i.TIM_ForcedOC2Config), (26 bytes).
    Removing stm32f10x_tim.o(i.TIM_ForcedOC3Config), (18 bytes).
    Removing stm32f10x_tim.o(i.TIM_ForcedOC4Config), (26 bytes).
    Removing stm32f10x_tim.o(i.TIM_GenerateEvent), (4 bytes).
    Removing stm32f10x_tim.o(i.TIM_GetCapture1), (6 bytes).
    Removing stm32f10x_tim.o(i.TIM_GetCapture2), (6 bytes).
    Removing stm32f10x_tim.o(i.TIM_GetCapture3), (6 bytes).
    Removing stm32f10x_tim.o(i.TIM_GetCapture4), (8 bytes).
    Removing stm32f10x_tim.o(i.TIM_GetCounter), (6 bytes).
    Removing stm32f10x_tim.o(i.TIM_GetFlagStatus), (18 bytes).
    Removing stm32f10x_tim.o(i.TIM_GetPrescaler), (6 bytes).
    Removing stm32f10x_tim.o(i.TIM_ICInit), (172 bytes).
    Removing stm32f10x_tim.o(i.TIM_ICStructInit), (18 bytes).
    Removing stm32f10x_tim.o(i.TIM_ITConfig), (18 bytes).
    Removing stm32f10x_tim.o(i.TIM_ITRxExternalClockConfig), (24 bytes).
    Removing stm32f10x_tim.o(i.TIM_InternalClockConfig), (12 bytes).
    Removing stm32f10x_tim.o(i.TIM_OC1FastConfig), (18 bytes).
    Removing stm32f10x_tim.o(i.TIM_OC1NPolarityConfig), (18 bytes).
    Removing stm32f10x_tim.o(i.TIM_OC1PolarityConfig), (18 bytes).
    Removing stm32f10x_tim.o(i.TIM_OC2FastConfig), (26 bytes).
    Removing stm32f10x_tim.o(i.TIM_OC2Init), (164 bytes).
    Removing stm32f10x_tim.o(i.TIM_OC2NPolarityConfig), (26 bytes).
    Removing stm32f10x_tim.o(i.TIM_OC2PolarityConfig), (26 bytes).
    Removing stm32f10x_tim.o(i.TIM_OC2PreloadConfig), (26 bytes).
    Removing stm32f10x_tim.o(i.TIM_OC3FastConfig), (18 bytes).
    Removing stm32f10x_tim.o(i.TIM_OC3Init), (160 bytes).
    Removing stm32f10x_tim.o(i.TIM_OC3NPolarityConfig), (26 bytes).
    Removing stm32f10x_tim.o(i.TIM_OC3PolarityConfig), (26 bytes).
    Removing stm32f10x_tim.o(i.TIM_OC3PreloadConfig), (18 bytes).
    Removing stm32f10x_tim.o(i.TIM_OC4FastConfig), (26 bytes).
    Removing stm32f10x_tim.o(i.TIM_OC4Init), (124 bytes).
    Removing stm32f10x_tim.o(i.TIM_OC4PolarityConfig), (26 bytes).
    Removing stm32f10x_tim.o(i.TIM_OC4PreloadConfig), (26 bytes).
    Removing stm32f10x_tim.o(i.TIM_OCStructInit), (20 bytes).
    Removing stm32f10x_tim.o(i.TIM_PWMIConfig), (124 bytes).
    Removing stm32f10x_tim.o(i.TIM_PrescalerConfig), (6 bytes).
    Removing stm32f10x_tim.o(i.TIM_SelectCCDMA), (24 bytes).
    Removing stm32f10x_tim.o(i.TIM_SelectCOM), (24 bytes).
    Removing stm32f10x_tim.o(i.TIM_SelectHallSensor), (24 bytes).
    Removing stm32f10x_tim.o(i.TIM_SelectInputTrigger), (18 bytes).
    Removing stm32f10x_tim.o(i.TIM_SelectMasterSlaveMode), (18 bytes).
    Removing stm32f10x_tim.o(i.TIM_SelectOCxM), (82 bytes).
    Removing stm32f10x_tim.o(i.TIM_SelectOnePulseMode), (18 bytes).
    Removing stm32f10x_tim.o(i.TIM_SelectOutputTrigger), (18 bytes).
    Removing stm32f10x_tim.o(i.TIM_SelectSlaveMode), (18 bytes).
    Removing stm32f10x_tim.o(i.TIM_SetAutoreload), (4 bytes).
    Removing stm32f10x_tim.o(i.TIM_SetClockDivision), (18 bytes).
    Removing stm32f10x_tim.o(i.TIM_SetCompare1), (4 bytes).
    Removing stm32f10x_tim.o(i.TIM_SetCompare2), (4 bytes).
    Removing stm32f10x_tim.o(i.TIM_SetCompare3), (4 bytes).
    Removing stm32f10x_tim.o(i.TIM_SetCompare4), (6 bytes).
    Removing stm32f10x_tim.o(i.TIM_SetCounter), (4 bytes).
    Removing stm32f10x_tim.o(i.TIM_SetIC1Prescaler), (18 bytes).
    Removing stm32f10x_tim.o(i.TIM_SetIC2Prescaler), (26 bytes).
    Removing stm32f10x_tim.o(i.TIM_SetIC3Prescaler), (18 bytes).
    Removing stm32f10x_tim.o(i.TIM_SetIC4Prescaler), (26 bytes).
    Removing stm32f10x_tim.o(i.TIM_TIxExternalClockConfig), (62 bytes).
    Removing stm32f10x_tim.o(i.TIM_TimeBaseStructInit), (18 bytes).
    Removing stm32f10x_tim.o(i.TIM_UpdateDisableConfig), (24 bytes).
    Removing stm32f10x_tim.o(i.TIM_UpdateRequestConfig), (24 bytes).
    Removing stm32f10x_usart.o(i.USART_ClearITPendingBit), (30 bytes).
    Removing stm32f10x_usart.o(i.USART_ClockInit), (34 bytes).
    Removing stm32f10x_usart.o(i.USART_ClockStructInit), (12 bytes).
    Removing stm32f10x_usart.o(i.USART_DMACmd), (18 bytes).
    Removing stm32f10x_usart.o(i.USART_DeInit), (156 bytes).
    Removing stm32f10x_usart.o(i.USART_GetITStatus), (84 bytes).
    Removing stm32f10x_usart.o(i.USART_HalfDuplexCmd), (24 bytes).
    Removing stm32f10x_usart.o(i.USART_ITConfig), (74 bytes).
    Removing stm32f10x_usart.o(i.USART_IrDACmd), (24 bytes).
    Removing stm32f10x_usart.o(i.USART_IrDAConfig), (18 bytes).
    Removing stm32f10x_usart.o(i.USART_LINBreakDetectLengthConfig), (18 bytes).
    Removing stm32f10x_usart.o(i.USART_LINCmd), (24 bytes).
    Removing stm32f10x_usart.o(i.USART_OneBitMethodCmd), (24 bytes).
    Removing stm32f10x_usart.o(i.USART_OverSampling8Cmd), (22 bytes).
    Removing stm32f10x_usart.o(i.USART_ReceiverWakeUpCmd), (24 bytes).
    Removing stm32f10x_usart.o(i.USART_SendBreak), (10 bytes).
    Removing stm32f10x_usart.o(i.USART_SetAddress), (18 bytes).
    Removing stm32f10x_usart.o(i.USART_SetGuardTime), (16 bytes).
    Removing stm32f10x_usart.o(i.USART_SetPrescaler), (16 bytes).
    Removing stm32f10x_usart.o(i.USART_SmartCardCmd), (24 bytes).
    Removing stm32f10x_usart.o(i.USART_SmartCardNACKCmd), (24 bytes).
    Removing stm32f10x_usart.o(i.USART_StructInit), (24 bytes).
    Removing stm32f10x_usart.o(i.USART_WakeUpConfig), (18 bytes).
    Removing ff.o(i.dir_read), (196 bytes).
    Removing ff.o(i.dir_remove), (106 bytes).
    Removing ff.o(i.f_chdir), (88 bytes).
    Removing ff.o(i.f_chmod), (100 bytes).
    Removing ff.o(i.f_closedir), (22 bytes).
    Removing ff.o(i.f_getcwd), (294 bytes).
    Removing ff.o(i.f_getfree), (258 bytes).
    Removing ff.o(i.f_getlabel), (190 bytes).
    Removing ff.o(i.f_lseek), (382 bytes).
    Removing ff.o(i.f_mkdir), (368 bytes).
    Removing ff.o(i.f_mkfs), (1608 bytes).
    Removing ff.o(i.f_opendir), (114 bytes).
    Removing ff.o(i.f_printf), (628 bytes).
    Removing ff.o(i.f_putc), (64 bytes).
    Removing ff.o(i.f_puts), (74 bytes).
    Removing ff.o(i.f_readdir), (96 bytes).
    Removing ff.o(i.f_rename), (274 bytes).
    Removing ff.o(i.f_setlabel), (412 bytes).
    Removing ff.o(i.f_stat), (64 bytes).
    Removing ff.o(i.f_truncate), (184 bytes).
    Removing ff.o(i.f_unlink), (194 bytes).
    Removing ff.o(i.f_utime), (102 bytes).
    Removing ff.o(i.f_write), (474 bytes).
    Removing ff.o(i.get_fileinfo), (258 bytes).
    Removing ff.o(i.pick_lfn), (116 bytes).
    Removing ff.o(i.putc_bfd), (68 bytes).
    Removing mmc_32f1.o(i.get_fattime), (4 bytes).
    Removing minini.o(i.cache_accum), (42 bytes).
    Removing minini.o(i.cache_flush), (140 bytes).
    Removing minini.o(i.check_enquote), (54 bytes).
    Removing minini.o(i.close_rename), (56 bytes).
    Removing minini.o(i.ini_browse), (290 bytes).
    Removing minini.o(i.ini_getbool), (116 bytes).
    Removing minini.o(i.ini_getkey), (104 bytes).
    Removing minini.o(i.ini_getsection), (100 bytes).
    Removing minini.o(i.ini_putl), (36 bytes).
    Removing minini.o(i.ini_puts), (916 bytes).
    Removing minini.o(i.ini_rename), (34 bytes).
    Removing minini.o(i.ini_tempname), (42 bytes).
    Removing minini.o(i.long2str), (82 bytes).
    Removing minini.o(i.strreverse), (34 bytes).
    Removing minini.o(i.writekey), (100 bytes).
    Removing minini.o(i.writesection), (80 bytes).
    Removing dadd.o(.text), (334 bytes).
    Removing dmul.o(.text), (228 bytes).
    Removing ddiv.o(.text), (222 bytes).
    Removing dfixul.o(.text), (48 bytes).
    Removing cdrcmple.o(.text), (48 bytes).
    Removing depilogue.o(.text), (186 bytes).

273 unused section(s) (total 41666 bytes) removed from the image.

==============================================================================

Memory Map of the image

  Image Entry point : 0x00000000

  Load Region LR_IROM1 (Base: 0x08000000, Size: 0x000045a8, Max: 0x000c0000, ABSOLUTE)

    Execution Region ER_IROM1 (Base: 0x08000000, Size: 0x00004558, Max: 0x000c0000, ABSOLUTE)

    Base Addr    Size         Type   Attr      Idx    E Section Name        Object

    0x08000000   0x00000130   Data   RO            3    RESET               startup_stm32f10x_hd.o
    0x08000130   0x00000000   Code   RO         2586  * .ARM.Collect$$$$00000000  mc_w.l(entry.o)
    0x08000130   0x00000004   Code   RO         2876    .ARM.Collect$$$$00000001  mc_w.l(entry2.o)
    0x08000134   0x00000004   Code   RO         2879    .ARM.Collect$$$$00000004  mc_w.l(entry5.o)
    0x08000138   0x00000000   Code   RO         2881    .ARM.Collect$$$$00000008  mc_w.l(entry7b.o)
    0x08000138   0x00000000   Code   RO         2883    .ARM.Collect$$$$0000000A  mc_w.l(entry8b.o)
    0x08000138   0x00000008   Code   RO         2884    .ARM.Collect$$$$0000000B  mc_w.l(entry9a.o)
    0x08000140   0x00000000   Code   RO         2886    .ARM.Collect$$$$0000000D  mc_w.l(entry10a.o)
    0x08000140   0x00000000   Code   RO         2888    .ARM.Collect$$$$0000000F  mc_w.l(entry11a.o)
    0x08000140   0x00000004   Code   RO         2877    .ARM.Collect$$$$00002712  mc_w.l(entry2.o)
    0x08000144   0x00000024   Code   RO            4    .text               startup_stm32f10x_hd.o
    0x08000168   0x0000000c   Code   RO         2589    .text               mc_w.l(toupper.o)
    0x08000174   0x00000024   Code   RO         2593    .text               mc_w.l(memseta.o)
    0x08000198   0x00000024   Code   RO         2595    .text               mc_w.l(strstr.o)
    0x080001bc   0x00000014   Code   RO         2597    .text               mc_w.l(strchr.o)
    0x080001d0   0x0000000e   Code   RO         2599    .text               mc_w.l(strlen.o)
    0x080001de   0x0000001e   Code   RO         2607    .text               mc_w.l(strncmp.o)
    0x080001fc   0x00000070   Code   RO         2874    .text               mc_w.l(strtol.o)
    0x0800026c   0x0000002c   Code   RO         2891    .text               mc_w.l(uidiv.o)
    0x08000298   0x00000008   Code   RO         2895    .text               mc_w.l(ctype_o.o)
    0x080002a0   0x0000009e   Code   RO         2930    .text               mc_w.l(_strtoul.o)
    0x0800033e   0x00000002   PAD
    0x08000340   0x00000024   Code   RO         2943    .text               mc_w.l(init.o)
    0x08000364   0x0000001c   Code   RO         2951    .text               mc_w.l(_chval.o)
    0x08000380   0x00000026   Code   RO          336    i.Bootloader_CMD    stm_loader.o
    0x080003a6   0x00000004   Code   RO          195    i.BusFault_Handler  stm32f10x_it.o
    0x080003aa   0x00000002   PAD
    0x080003ac   0x0000045c   Code   RO          493    i.Card_UTL          card_utl.o
    0x08000808   0x00000002   Code   RO          196    i.DebugMon_Handler  stm32f10x_it.o
    0x0800080a   0x00000002   PAD
    0x0800080c   0x00000034   Code   RO          197    i.EXTI9_5_IRQHandler  stm32f10x_it.o
    0x08000840   0x00000046   Code   RO          279    i.EXTI9_Config      hardware_config.o
    0x08000886   0x00000022   Code   RO          337    i.EraseSTM          stm_loader.o
    0x080008a8   0x00000198   Code   RO          280    i.GPIO_Config       hardware_config.o
    0x08000a40   0x00000040   Code   RO         1017    i.GPIO_EXTILineConfig  stm32f10x_gpio.o
    0x08000a80   0x00000116   Code   RO         1020    i.GPIO_Init         stm32f10x_gpio.o
    0x08000b96   0x00000012   Code   RO         1024    i.GPIO_ReadInputDataBit  stm32f10x_gpio.o
    0x08000ba8   0x00000004   Code   RO         1027    i.GPIO_ResetBits    stm32f10x_gpio.o
    0x08000bac   0x00000004   Code   RO         1028    i.GPIO_SetBits      stm32f10x_gpio.o
    0x08000bb0   0x00000004   Code   RO          198    i.HardFault_Handler  stm32f10x_it.o
    0x08000bb4   0x00000084   Code   RO          338    i.Init_Loader_File  stm_loader.o
    0x08000c38   0x00000080   Code   RO          339    i.Init_Release_File  stm_loader.o
    0x08000cb8   0x0000008c   Code   RO          340    i.Init_Test_File    stm_loader.o
    0x08000d44   0x00000068   Code   RO          117    i.Loader_Halt       main.o
    0x08000dac   0x00000004   Code   RO          199    i.MemManage_Handler  stm32f10x_it.o
    0x08000db0   0x00000068   Code   RO         2347    i.ModifyPWD         mmc_32f1.o
    0x08000e18   0x00000002   Code   RO          200    i.NMI_Handler       stm32f10x_it.o
    0x08000e1a   0x00000002   PAD
    0x08000e1c   0x00000070   Code   RO          508    i.NVIC_Init         misc.o
    0x08000e8c   0x00000014   Code   RO          509    i.NVIC_PriorityGroupConfig  misc.o
    0x08000ea0   0x00000002   Code   RO          201    i.PendSV_Handler    stm32f10x_it.o
    0x08000ea2   0x00000002   PAD
    0x08000ea4   0x00000020   Code   RO          546    i.RCC_APB1PeriphClockCmd  stm32f10x_rcc.o
    0x08000ec4   0x00000020   Code   RO          548    i.RCC_APB2PeriphClockCmd  stm32f10x_rcc.o
    0x08000ee4   0x000000d4   Code   RO          556    i.RCC_GetClocksFreq  stm32f10x_rcc.o
    0x08000fb8   0x00000020   Code   RO         2348    i.ReadCardStatus    mmc_32f1.o
    0x08000fd8   0x00000038   Code   RO          341    i.ReadUnProtect     stm_loader.o
    0x08001010   0x00000054   Code   RO         2349    i.Receive_DataBlock  mmc_32f1.o
    0x08001064   0x00000086   Code   RO          342    i.Run_Application   stm_loader.o
    0x080010ea   0x00000018   Code   RO         1132    i.SPI_CalculateCRC  stm32f10x_spi.o
    0x08001102   0x00000018   Code   RO         1133    i.SPI_Cmd           stm32f10x_spi.o
    0x0800111a   0x00000002   PAD
    0x0800111c   0x00000054   Code   RO         2350    i.SPI_HighSpeed     mmc_32f1.o
    0x08001170   0x00000012   Code   RO         1141    i.SPI_I2S_GetFlagStatus  stm32f10x_spi.o
    0x08001182   0x00000006   Code   RO         1144    i.SPI_I2S_ReceiveData  stm32f10x_spi.o
    0x08001188   0x00000004   Code   RO         1145    i.SPI_I2S_SendData  stm32f10x_spi.o
    0x0800118c   0x0000003c   Code   RO         1146    i.SPI_Init          stm32f10x_spi.o
    0x080011c8   0x00000054   Code   RO         2351    i.SPI_LowSpeed      mmc_32f1.o
    0x0800121c   0x00000034   Code   RO         2352    i.SPI_ReadWrite_Byte  mmc_32f1.o
    0x08001250   0x00000018   Code   RO         2353    i.SPI_Release       mmc_32f1.o
    0x08001268   0x00000002   Code   RO          202    i.SVC_Handler       stm32f10x_it.o
    0x0800126a   0x00000002   PAD
    0x0800126c   0x000000a8   Code   RO         2354    i.Send_Command      mmc_32f1.o
    0x08001314   0x00000008   Code   RO           10    i.SetSysClock       system_stm32f10x.o
    0x0800131c   0x000000e0   Code   RO           11    i.SetSysClockTo72   system_stm32f10x.o
    0x080013fc   0x0000003a   Code   RO          343    i.SyncSTM           stm_loader.o
    0x08001436   0x00000002   PAD
    0x08001438   0x00000090   Code   RO          203    i.SysTick_Handler   stm32f10x_it.o
    0x080014c8   0x00000060   Code   RO           13    i.SystemInit        system_stm32f10x.o
    0x08001528   0x00000016   Code   RO          204    i.TIM2_IRQHandler   stm32f10x_it.o
    0x0800153e   0x00000018   Code   RO         1276    i.TIM_ARRPreloadConfig  stm32f10x_tim.o
    0x08001556   0x00000006   Code   RO         1283    i.TIM_ClearITPendingBit  stm32f10x_tim.o
    0x0800155c   0x00000018   Code   RO         1288    i.TIM_Cmd           stm32f10x_tim.o
    0x08001574   0x00000022   Code   RO         1309    i.TIM_GetITStatus   stm32f10x_tim.o
    0x08001596   0x00000002   PAD
    0x08001598   0x00000098   Code   RO         1317    i.TIM_OC1Init       stm32f10x_tim.o
    0x08001630   0x00000012   Code   RO         1320    i.TIM_OC1PreloadConfig  stm32f10x_tim.o
    0x08001642   0x00000002   PAD
    0x08001644   0x000000a4   Code   RO         1359    i.TIM_TimeBaseInit  stm32f10x_tim.o
    0x080016e8   0x0000007c   Code   RO          281    i.Timer11_Config    hardware_config.o
    0x08001764   0x00000058   Code   RO         2355    i.Transmit_DataBlock  mmc_32f1.o
    0x080017bc   0x000000a4   Code   RO          283    i.USART1_Config     hardware_config.o
    0x08001860   0x00000012   Code   RO         1820    i.USART_ClearFlag   stm32f10x_usart.o
    0x08001872   0x00000018   Code   RO         1824    i.USART_Cmd         stm32f10x_usart.o
    0x0800188a   0x0000001a   Code   RO         1827    i.USART_GetFlagStatus  stm32f10x_usart.o
    0x080018a4   0x000000d8   Code   RO         1831    i.USART_Init        stm32f10x_usart.o
    0x0800197c   0x0000000a   Code   RO         1838    i.USART_ReceiveData  stm32f10x_usart.o
    0x08001986   0x00000008   Code   RO         1841    i.USART_SendData    stm32f10x_usart.o
    0x0800198e   0x00000002   PAD
    0x08001990   0x00000018   Code   RO          423    i.UartFix           uart.o
    0x080019a8   0x00000050   Code   RO          424    i.UartGetChar       uart.o
    0x080019f8   0x000000a8   Code   RO          426    i.UartGetStringEx   uart.o
    0x08001aa0   0x0000002c   Code   RO          427    i.UartPutChar       uart.o
    0x08001acc   0x00000004   Code   RO          205    i.UsageFault_Handler  stm32f10x_it.o
    0x08001ad0   0x00000030   Code   RO         2356    i.Wait_Ready        mmc_32f1.o
    0x08001b00   0x00000160   Code   RO          344    i.WriteHEXtoSTM     stm_loader.o
    0x08001c60   0x00000020   Code   RO         2768    i.__0printf$6       mc_w.l(printf6.o)
    0x08001c80   0x00000028   Code   RO         2770    i.__0sprintf$6      mc_w.l(printf6.o)
    0x08001ca8   0x00000008   Code   RO         2923    i.__aeabi_errno_addr  mc_w.l(errno.o)
    0x08001cb0   0x000002f0   Code   RO         2775    i._printf_core      mc_w.l(printf6.o)
    0x08001fa0   0x00000024   Code   RO         2776    i._printf_post_padding  mc_w.l(printf6.o)
    0x08001fc4   0x0000002e   Code   RO         2777    i._printf_pre_padding  mc_w.l(printf6.o)
    0x08001ff2   0x0000000a   Code   RO         2779    i._sputc            mc_w.l(printf6.o)
    0x08001ffc   0x00000090   Code   RO         2000    i.check_fs          ff.o
    0x0800208c   0x00000014   Code   RO         2001    i.chk_chr           ff.o
    0x080020a0   0x0000008a   Code   RO         2448    i.cleanstring       minini.o
    0x0800212a   0x0000001a   Code   RO         2002    i.clust2sect        ff.o
    0x08002144   0x00000090   Code   RO         2003    i.cmp_lfn           ff.o
    0x080021d4   0x000000d6   Code   RO         2004    i.create_chain      ff.o
    0x080022aa   0x00000002   PAD
    0x080022ac   0x00000298   Code   RO         2005    i.create_name       ff.o
    0x08002544   0x00000014   Code   RO          284    i.delay_ms          hardware_config.o
    0x08002558   0x0000005c   Code   RO         2006    i.dir_alloc         ff.o
    0x080025b4   0x000000ea   Code   RO         2007    i.dir_find          ff.o
    0x0800269e   0x0000010e   Code   RO         2008    i.dir_next          ff.o
    0x080027ac   0x00000136   Code   RO         2010    i.dir_register      ff.o
    0x080028e2   0x0000009e   Code   RO         2012    i.dir_sdi           ff.o
    0x08002980   0x00000168   Code   RO         2357    i.disk_initialize   mmc_32f1.o
    0x08002ae8   0x00000228   Code   RO         2358    i.disk_ioctl        mmc_32f1.o
    0x08002d10   0x00000094   Code   RO         2359    i.disk_read         mmc_32f1.o
    0x08002da4   0x00000014   Code   RO         2360    i.disk_status       mmc_32f1.o
    0x08002db8   0x000000b4   Code   RO         2361    i.disk_write        mmc_32f1.o
    0x08002e6c   0x00000020   Code   RO         2015    i.f_close           ff.o
    0x08002e8c   0x00000052   Code   RO         2020    i.f_gets            ff.o
    0x08002ede   0x00000002   PAD
    0x08002ee0   0x0000005c   Code   RO         2024    i.f_mount           ff.o
    0x08002f3c   0x00000168   Code   RO         2025    i.f_open            ff.o
    0x080030a4   0x000001a2   Code   RO         2030    i.f_read            ff.o
    0x08003246   0x00000002   PAD
    0x08003248   0x000000b0   Code   RO         2035    i.f_sync            ff.o
    0x080032f8   0x00000398   Code   RO         2040    i.find_volume       ff.o
    0x08003690   0x00000080   Code   RO         2041    i.fit_lfn           ff.o
    0x08003710   0x000000ae   Code   RO         2042    i.follow_path       ff.o
    0x080037be   0x00000002   PAD
    0x080037c0   0x00000024   Code   RO          285    i.fputc             hardware_config.o
    0x080037e4   0x000000b4   Code   RO         2043    i.gen_numname       ff.o
    0x08003898   0x000000f2   Code   RO         2044    i.get_fat           ff.o
    0x0800398a   0x00000048   Code   RO         2046    i.get_ldnumber      ff.o
    0x080039d2   0x00000186   Code   RO         2450    i.getkeystring      minini.o
    0x08003b58   0x00000058   Code   RO         2454    i.ini_getl          minini.o
    0x08003bb0   0x00000080   Code   RO         2455    i.ini_gets          minini.o
    0x08003c30   0x00000020   Code   RO         2047    i.ld_clust          ff.o
    0x08003c50   0x000002e4   Code   RO          118    i.main              main.o
    0x08003f34   0x00000026   Code   RO         2048    i.mem_cmp           ff.o
    0x08003f5a   0x0000001a   Code   RO         2049    i.mem_cpy           ff.o
    0x08003f74   0x00000014   Code   RO         2050    i.mem_set           ff.o
    0x08003f88   0x00000020   Code   RO          119    i.mmc_mount         main.o
    0x08003fa8   0x00000034   Code   RO         2051    i.move_window       ff.o
    0x08003fdc   0x00000142   Code   RO         2053    i.put_fat           ff.o
    0x0800411e   0x0000006c   Code   RO         2055    i.remove_chain      ff.o
    0x0800418a   0x000000c4   Code   RO         2462    i.save_strncpy      minini.o
    0x0800424e   0x00000012   Code   RO         2463    i.skipleading       minini.o
    0x08004260   0x0000001a   Code   RO         2464    i.skiptrailing      minini.o
    0x0800427a   0x00000010   Code   RO         2056    i.st_clust          ff.o
    0x0800428a   0x0000001e   Code   RO         2465    i.striptrailing     minini.o
    0x080042a8   0x00000020   Code   RO         2057    i.sum_sfn           ff.o
    0x080042c8   0x000000c8   Code   RO         2058    i.sync_fs           ff.o
    0x08004390   0x00000052   Code   RO         2059    i.sync_window       ff.o
    0x080043e2   0x00000036   Code   RO         2060    i.validate          ff.o
    0x08004418   0x000000ba   Data   RO         2061    .constdata          ff.o
    0x080044d2   0x00000081   Data   RO         2896    .constdata          mc_w.l(ctype_o.o)
    0x08004553   0x00000001   PAD
    0x08004554   0x00000004   Data   RO         2897    .constdata          mc_w.l(ctype_o.o)
    0x08004558   0x00000000   Data   RO         2955    Region$$Table       anon$$obj.o


    Execution Region RW_IRAM1 (Base: 0x20000000, Size: 0x00002450, Max: 0x00018000, ABSOLUTE)

    Base Addr    Size         Type   Attr      Idx    E Section Name        Object

    0x20000000   0x00000014   Data   RW           14    .data               system_stm32f10x.o
    0x20000014   0x00000003   Data   RW          121    .data               main.o
    0x20000017   0x00000001   PAD
    0x20000018   0x00000002   Data   RW          286    .data               hardware_config.o
    0x2000001a   0x00000002   PAD
    0x2000001c   0x00000004   Data   RW          430    .data               uart.o
    0x20000020   0x00000014   Data   RW          576    .data               stm32f10x_rcc.o
    0x20000034   0x00000006   Data   RW         2062    .data               ff.o
    0x2000003a   0x00000002   PAD
    0x2000003c   0x0000000a   Data   RW         2363    .data               mmc_32f1.o
    0x20000046   0x00000002   PAD
    0x20000048   0x00000004   Data   RW         2890    .data               mc_w.l(stdout.o)
    0x2000004c   0x00000004   Data   RW         2926    .data               mc_w.l(errno.o)
    0x20000050   0x000002d4   Zero   RW          120    .bss                main.o
    0x20000324   0x00000100   Zero   RW          346    .bss                stm_loader.o
    0x20000424   0x00000028   Zero   RW          494    .bss                card_utl.o
    0x2000044c   0x00000004   PAD
    0x20000450   0x00002000   Zero   RW            1    STACK               startup_stm32f10x_hd.o

