Component: ARM Compiler 5.05 update 1 (build 106) Tool: armlink [4d0efa]

==============================================================================

Section Cross References

    startup_stm32f10x_hd.o(RESET) refers to startup_stm32f10x_hd.o(STACK) for __initial_sp
    startup_stm32f10x_hd.o(RESET) refers to startup_stm32f10x_hd.o(.text) for Reset_Handler
    startup_stm32f10x_hd.o(RESET) refers to stm32f10x_it.o(i.NMI_Handler) for NMI_Handler
    startup_stm32f10x_hd.o(RESET) refers to stm32f10x_it.o(i.HardFault_Handler) for HardFault_Handler
    startup_stm32f10x_hd.o(RESET) refers to stm32f10x_it.o(i.MemManage_Handler) for MemManage_Handler
    startup_stm32f10x_hd.o(RESET) refers to stm32f10x_it.o(i.BusFault_Handler) for BusFault_Handler
    startup_stm32f10x_hd.o(RESET) refers to stm32f10x_it.o(i.UsageFault_Handler) for UsageFault_Handler
    startup_stm32f10x_hd.o(RESET) refers to stm32f10x_it.o(i.SVC_Handler) for SVC_Handler
    startup_stm32f10x_hd.o(RESET) refers to stm32f10x_it.o(i.DebugMon_Handler) for DebugMon_Handler
    startup_stm32f10x_hd.o(RESET) refers to stm32f10x_it.o(i.PendSV_Handler) for PendSV_Handler
    startup_stm32f10x_hd.o(RESET) refers to stm32f10x_it.o(i.SysTick_Handler) for SysTick_Handler
    startup_stm32f10x_hd.o(RESET) refers to stm32f10x_it.o(i.TIM2_IRQHandler) for TIM2_IRQHandler
    startup_stm32f10x_hd.o(.text) refers to system_stm32f10x.o(i.SystemInit) for SystemInit
    startup_stm32f10x_hd.o(.text) refers to entry.o(.ARM.Collect$$$$00000000) for __main
    system_stm32f10x.o(i.SetSysClock) refers to system_stm32f10x.o(i.SetSysClockTo72) for SetSysClockTo72
    system_stm32f10x.o(i.SystemCoreClockUpdate) refers to system_stm32f10x.o(.data) for SystemCoreClock
    system_stm32f10x.o(i.SystemInit) refers to system_stm32f10x.o(i.SetSysClock) for SetSysClock
    main.o(i.main) refers to hardware_config.o(i.GPIO_Config) for GPIO_Config
    main.o(i.main) refers to hardware_config.o(i.Timer2_Config) for Timer2_Config
    main.o(i.main) refers to hardware_config.o(i.Timer11_Config) for Timer11_Config
    main.o(i.main) refers to stm32f10x_tim.o(i.TIM_Cmd) for TIM_Cmd
    main.o(i.main) refers to hardware_config.o(i.USART1_Config) for USART1_Config
    main.o(i.main) refers to stm32f10x_gpio.o(i.GPIO_SetBits) for GPIO_SetBits
    main.o(i.main) refers to hardware_config.o(i.Delay) for Delay
    main.o(i.main) refers to stm32f10x_gpio.o(i.GPIO_ReadInputDataBit) for GPIO_ReadInputDataBit
    main.o(i.main) refers to stm32f10x_gpio.o(i.GPIO_ResetBits) for GPIO_ResetBits
    main.o(i.main) refers to stm_loader.o(i.SyncEraseSTM) for SyncEraseSTM
    main.o(i.main) refers to ff.o(i.f_mount) for f_mount
    main.o(i.main) refers to stm_loader.o(i.GetLoaderFN) for GetLoaderFN
    main.o(i.main) refers to stm_loader.o(i.WriteHEXtoSTM) for WriteHEXtoSTM
    main.o(i.main) refers to main.o(.data) for beep
    main.o(i.main) refers to main.o(.bss) for fs
    stm32f10x_it.o(i.TIM2_IRQHandler) refers to stm32f10x_tim.o(i.TIM_GetITStatus) for TIM_GetITStatus
    stm32f10x_it.o(i.TIM2_IRQHandler) refers to stm32f10x_tim.o(i.TIM_ClearITPendingBit) for TIM_ClearITPendingBit
    stm32f10x_it.o(i.TIM2_IRQHandler) refers to stm32f10x_tim.o(i.TIM_Cmd) for TIM_Cmd
    stm32f10x_it.o(i.TIM2_IRQHandler) refers to main.o(.data) for beep
    stm32f10x_it.o(i.TIM2_IRQHandler) refers to uart.o(.data) for PreTick
    hardware_config.o(i.GPIO_Config) refers to stm32f10x_rcc.o(i.RCC_APB2PeriphClockCmd) for RCC_APB2PeriphClockCmd
    hardware_config.o(i.GPIO_Config) refers to stm32f10x_rcc.o(i.RCC_APB1PeriphClockCmd) for RCC_APB1PeriphClockCmd
    hardware_config.o(i.GPIO_Config) refers to stm32f10x_gpio.o(i.GPIO_Init) for GPIO_Init
    hardware_config.o(i.GPIO_Config) refers to stm32f10x_gpio.o(i.GPIO_SetBits) for GPIO_SetBits
    hardware_config.o(i.GPIO_Config) refers to stm32f10x_spi.o(i.SPI_Init) for SPI_Init
    hardware_config.o(i.GPIO_Config) refers to stm32f10x_spi.o(i.SPI_CalculateCRC) for SPI_CalculateCRC
    hardware_config.o(i.GPIO_Config) refers to stm32f10x_spi.o(i.SPI_Cmd) for SPI_Cmd
    hardware_config.o(i.GPIO_Config) refers to stm32f10x_spi.o(i.SPI_I2S_GetFlagStatus) for SPI_I2S_GetFlagStatus
    hardware_config.o(i.GPIO_Config) refers to stm32f10x_spi.o(i.SPI_I2S_SendData) for SPI_I2S_SendData
    hardware_config.o(i.GPIO_Config) refers to stm32f10x_spi.o(i.SPI_I2S_ReceiveData) for SPI_I2S_ReceiveData
    hardware_config.o(i.Timer11_Config) refers to stm32f10x_tim.o(i.TIM_TimeBaseInit) for TIM_TimeBaseInit
    hardware_config.o(i.Timer11_Config) refers to stm32f10x_tim.o(i.TIM_OC1Init) for TIM_OC1Init
    hardware_config.o(i.Timer11_Config) refers to stm32f10x_tim.o(i.TIM_OC1PreloadConfig) for TIM_OC1PreloadConfig
    hardware_config.o(i.Timer11_Config) refers to stm32f10x_tim.o(i.TIM_ARRPreloadConfig) for TIM_ARRPreloadConfig
    hardware_config.o(i.Timer11_Config) refers to stm32f10x_tim.o(i.TIM_Cmd) for TIM_Cmd
[...]
    ff.o(i.chk_mounted) refers to diskio.o(i.disk_initialize) for disk_initialize
    ff.o(i.chk_mounted) refers to ff.o(i.check_fs) for check_fs
    ff.o(i.chk_mounted) refers to diskio.o(i.disk_read) for disk_read
    ff.o(i.chk_mounted) refers to ff.o(.data) for FatFs
    ff.o(i.create_chain) refers to ff.o(i.get_fat) for get_fat
    ff.o(i.create_chain) refers to ff.o(i.put_fat) for put_fat
    ff.o(i.create_name) refers to ff.o(i.mem_set) for mem_set
    ff.o(i.create_name) refers to ff.o(i.chk_chr) for chk_chr
    ff.o(i.dir_find) refers to ff.o(i.dir_sdi) for dir_sdi
    ff.o(i.dir_find) refers to ff.o(i.move_window) for move_window
    ff.o(i.dir_find) refers to ff.o(i.mem_cmp) for mem_cmp
    ff.o(i.dir_find) refers to ff.o(i.dir_next) for dir_next
    ff.o(i.dir_next) refers to ff.o(i.get_fat) for get_fat
    ff.o(i.dir_next) refers to ff.o(i.create_chain) for create_chain
    ff.o(i.dir_next) refers to ff.o(i.move_window) for move_window
    ff.o(i.dir_next) refers to ff.o(i.mem_set) for mem_set
    ff.o(i.dir_next) refers to ff.o(i.clust2sect) for clust2sect
    ff.o(i.dir_read) refers to ff.o(i.move_window) for move_window
    ff.o(i.dir_read) refers to ff.o(i.dir_next) for dir_next
    ff.o(i.dir_register) refers to ff.o(i.dir_sdi) for dir_sdi
    ff.o(i.dir_register) refers to ff.o(i.move_window) for move_window
    ff.o(i.dir_register) refers to ff.o(i.dir_next) for dir_next
    ff.o(i.dir_register) refers to ff.o(i.mem_set) for mem_set
    ff.o(i.dir_register) refers to ff.o(i.mem_cpy) for mem_cpy
    ff.o(i.dir_remove) refers to ff.o(i.dir_sdi) for dir_sdi
    ff.o(i.dir_remove) refers to ff.o(i.move_window) for move_window
    ff.o(i.dir_sdi) refers to ff.o(i.get_fat) for get_fat
    ff.o(i.dir_sdi) refers to ff.o(i.clust2sect) for clust2sect
    ff.o(i.f_chmod) refers to ff.o(i.chk_mounted) for chk_mounted
    ff.o(i.f_chmod) refers to ff.o(i.follow_path) for follow_path
    ff.o(i.f_chmod) refers to ff.o(i.sync) for sync
    ff.o(i.f_close) refers to ff.o(i.f_sync) for f_sync
    ff.o(i.f_getfree) refers to ff.o(i.chk_mounted) for chk_mounted
    ff.o(i.f_getfree) refers to ff.o(i.get_fat) for get_fat
    ff.o(i.f_getfree) refers to ff.o(i.move_window) for move_window
    ff.o(i.f_gets) refers to ff.o(i.f_read) for f_read
    ff.o(i.f_lseek) refers to ff.o(i.validate) for validate
    ff.o(i.f_lseek) refers to ff.o(i.create_chain) for create_chain
    ff.o(i.f_lseek) refers to ff.o(i.get_fat) for get_fat
    ff.o(i.f_lseek) refers to ff.o(i.clust2sect) for clust2sect
    ff.o(i.f_lseek) refers to diskio.o(i.disk_write) for disk_write
    ff.o(i.f_lseek) refers to diskio.o(i.disk_read) for disk_read
    ff.o(i.f_mkdir) refers to diskio.o(i.get_fattime) for get_fattime
    ff.o(i.f_mkdir) refers to ff.o(i.chk_mounted) for chk_mounted
    ff.o(i.f_mkdir) refers to ff.o(i.follow_path) for follow_path
    ff.o(i.f_mkdir) refers to ff.o(i.create_chain) for create_chain
    ff.o(i.f_mkdir) refers to ff.o(i.move_window) for move_window
    ff.o(i.f_mkdir) refers to ff.o(i.clust2sect) for clust2sect
    ff.o(i.f_mkdir) refers to ff.o(i.mem_set) for mem_set
    ff.o(i.f_mkdir) refers to ff.o(i.mem_cpy) for mem_cpy
    ff.o(i.f_mkdir) refers to ff.o(i.dir_register) for dir_register
    ff.o(i.f_mkdir) refers to ff.o(i.remove_chain) for remove_chain
    ff.o(i.f_mkdir) refers to ff.o(i.sync) for sync
    ff.o(i.f_mount) refers to ff.o(.data) for FatFs
    ff.o(i.f_open) refers to ff.o(i.chk_mounted) for chk_mounted
    ff.o(i.f_open) refers to ff.o(i.follow_path) for follow_path
    ff.o(i.f_open) refers to ff.o(i.dir_register) for dir_register
    ff.o(i.f_open) refers to diskio.o(i.get_fattime) for get_fattime
    ff.o(i.f_open) refers to ff.o(i.remove_chain) for remove_chain
    ff.o(i.f_open) refers to ff.o(i.move_window) for move_window
    ff.o(i.f_opendir) refers to ff.o(i.chk_mounted) for chk_mounted
    ff.o(i.f_opendir) refers to ff.o(i.follow_path) for follow_path
    ff.o(i.f_opendir) refers to ff.o(i.dir_sdi) for dir_sdi
    ff.o(i.f_printf) refers to ff.o(i.f_putc) for f_putc
    ff.o(i.f_printf) refers to ff.o(i.f_puts) for f_puts
    ff.o(i.f_putc) refers to ff.o(i.f_write) for f_write
    ff.o(i.f_puts) refers to ff.o(i.f_putc) for f_putc
    ff.o(i.f_read) refers to ff.o(i.validate) for validate
    ff.o(i.f_read) refers to ff.o(i.get_fat) for get_fat
    ff.o(i.f_read) refers to ff.o(i.clust2sect) for clust2sect
    ff.o(i.f_read) refers to diskio.o(i.disk_read) for disk_read
    ff.o(i.f_read) refers to ff.o(i.mem_cpy) for mem_cpy
    ff.o(i.f_read) refers to diskio.o(i.disk_write) for disk_write
    ff.o(i.f_readdir) refers to ff.o(i.validate) for validate
    ff.o(i.f_readdir) refers to ff.o(i.dir_sdi) for dir_sdi
    ff.o(i.f_readdir) refers to ff.o(i.dir_read) for dir_read
    ff.o(i.f_readdir) refers to ff.o(i.get_fileinfo) for get_fileinfo
    ff.o(i.f_readdir) refers to ff.o(i.dir_next) for dir_next
    ff.o(i.f_rename) refers to ff.o(i.chk_mounted) for chk_mounted
    ff.o(i.f_rename) refers to ff.o(i.follow_path) for follow_path
    ff.o(i.f_rename) refers to ff.o(i.mem_cpy) for mem_cpy
    ff.o(i.f_rename) refers to ff.o(i.dir_register) for dir_register
    ff.o(i.f_rename) refers to ff.o(i.clust2sect) for clust2sect
    ff.o(i.f_rename) refers to ff.o(i.move_window) for move_window
    ff.o(i.f_rename) refers to ff.o(i.dir_remove) for dir_remove
    ff.o(i.f_rename) refers to ff.o(i.sync) for sync
    ff.o(i.f_stat) refers to ff.o(i.chk_mounted) for chk_mounted
    ff.o(i.f_stat) refers to ff.o(i.follow_path) for follow_path
    ff.o(i.f_stat) refers to ff.o(i.get_fileinfo) for get_fileinfo
    ff.o(i.f_sync) refers to ff.o(i.validate) for validate
    ff.o(i.f_sync) refers to diskio.o(i.disk_write) for disk_write
    ff.o(i.f_sync) refers to ff.o(i.move_window) for move_window
    ff.o(i.f_sync) refers to diskio.o(i.get_fattime) for get_fattime
    ff.o(i.f_sync) refers to ff.o(i.sync) for sync
    ff.o(i.f_truncate) refers to ff.o(i.validate) for validate
    ff.o(i.f_truncate) refers to ff.o(i.remove_chain) for remove_chain
    ff.o(i.f_truncate) refers to ff.o(i.get_fat) for get_fat
    ff.o(i.f_truncate) refers to ff.o(i.put_fat) for put_fat
    ff.o(i.f_unlink) refers to ff.o(i.chk_mounted) for chk_mounted
    ff.o(i.f_unlink) refers to ff.o(i.follow_path) for follow_path
    ff.o(i.f_unlink) refers to ff.o(i.mem_cpy) for mem_cpy
    ff.o(i.f_unlink) refers to ff.o(i.dir_sdi) for dir_sdi
    ff.o(i.f_unlink) refers to ff.o(i.dir_read) for dir_read
    ff.o(i.f_unlink) refers to ff.o(i.dir_remove) for dir_remove
    ff.o(i.f_unlink) refers to ff.o(i.remove_chain) for remove_chain
    ff.o(i.f_unlink) refers to ff.o(i.sync) for sync
    ff.o(i.f_utime) refers to ff.o(i.chk_mounted) for chk_mounted
    ff.o(i.f_utime) refers to ff.o(i.follow_path) for follow_path
    ff.o(i.f_utime) refers to ff.o(i.sync) for sync
    ff.o(i.f_write) refers to ff.o(i.validate) for validate
    ff.o(i.f_write) refers to ff.o(i.create_chain) for create_chain
    ff.o(i.f_write) refers to diskio.o(i.disk_write) for disk_write
    ff.o(i.f_write) refers to ff.o(i.clust2sect) for clust2sect
    ff.o(i.f_write) refers to ff.o(i.mem_cpy) for mem_cpy
    ff.o(i.f_write) refers to diskio.o(i.disk_read) for disk_read
    ff.o(i.follow_path) refers to ff.o(i.dir_sdi) for dir_sdi
    ff.o(i.follow_path) refers to ff.o(i.create_name) for create_name
    ff.o(i.follow_path) refers to ff.o(i.dir_find) for dir_find
    ff.o(i.get_fat) refers to ff.o(i.move_window) for move_window
    ff.o(i.move_window) refers to diskio.o(i.disk_write) for disk_write
    ff.o(i.move_window) refers to diskio.o(i.disk_read) for disk_read
    ff.o(i.put_fat) refers to ff.o(i.move_window) for move_window
    ff.o(i.remove_chain) refers to ff.o(i.get_fat) for get_fat
    ff.o(i.remove_chain) refers to ff.o(i.put_fat) for put_fat
    ff.o(i.sync) refers to ff.o(i.move_window) for move_window
    ff.o(i.sync) refers to ff.o(i.mem_set) for mem_set
    ff.o(i.sync) refers to diskio.o(i.disk_write) for disk_write
    ff.o(i.sync) refers to diskio.o(i.disk_ioctl) for disk_ioctl
    ff.o(i.validate) refers to diskio.o(i.disk_status) for disk_status
    minini.o(i.cache_accum) refers to strlen.o(.text) for strlen
    minini.o(i.cache_flush) refers to ff.o(i.f_lseek) for f_lseek
    minini.o(i.cache_flush) refers to ff.o(i.f_gets) for f_gets
    minini.o(i.cache_flush) refers to ff.o(i.f_puts) for f_puts
    minini.o(i.cache_flush) refers to strcmp.o(.text) for strcmp
    minini.o(i.cleanstring) refers to minini.o(i.striptrailing) for striptrailing
    minini.o(i.cleanstring) refers to strchr.o(.text) for strchr
    minini.o(i.close_rename) refers to ff.o(i.f_close) for f_close
    minini.o(i.close_rename) refers to ff.o(i.f_unlink) for f_unlink
    minini.o(i.close_rename) refers to minini.o(i.ini_tempname) for ini_tempname
    minini.o(i.close_rename) refers to minini.o(i.ini_rename) for ini_rename
    minini.o(i.getkeystring) refers to strlen.o(.text) for strlen
    minini.o(i.getkeystring) refers to ff.o(i.f_gets) for f_gets
    minini.o(i.getkeystring) refers to minini.o(i.skipleading) for skipleading
    minini.o(i.getkeystring) refers to strchr.o(.text) for strchr
    minini.o(i.getkeystring) refers to strncmp.o(.text) for strncmp
    minini.o(i.getkeystring) refers to minini.o(i.save_strncpy) for save_strncpy
    minini.o(i.getkeystring) refers to minini.o(i.skiptrailing) for skiptrailing
    minini.o(i.getkeystring) refers to minini.o(i.striptrailing) for striptrailing
    minini.o(i.getkeystring) refers to minini.o(i.cleanstring) for cleanstring
    minini.o(i.ini_browse) refers to ff.o(i.f_open) for f_open
    minini.o(i.ini_browse) refers to strlen.o(.text) for strlen
    minini.o(i.ini_browse) refers to ff.o(i.f_gets) for f_gets
    minini.o(i.ini_browse) refers to minini.o(i.skipleading) for skipleading
    minini.o(i.ini_browse) refers to strchr.o(.text) for strchr
    minini.o(i.ini_browse) refers to minini.o(i.save_strncpy) for save_strncpy
    minini.o(i.ini_browse) refers to minini.o(i.striptrailing) for striptrailing
    minini.o(i.ini_browse) refers to minini.o(i.cleanstring) for cleanstring
    minini.o(i.ini_browse) refers to ff.o(i.f_close) for f_close
    minini.o(i.ini_getbool) refers to minini.o(i.ini_gets) for ini_gets
    minini.o(i.ini_getbool) refers to toupper.o(.text) for toupper
    minini.o(i.ini_getkey) refers to ff.o(i.f_open) for f_open
    minini.o(i.ini_getkey) refers to minini.o(i.getkeystring) for getkeystring
    minini.o(i.ini_getkey) refers to ff.o(i.f_close) for f_close
    minini.o(i.ini_getkey) refers to strlen.o(.text) for strlen
    minini.o(i.ini_getl) refers to minini.o(i.ini_gets) for ini_gets
    minini.o(i.ini_getl) refers to toupper.o(.text) for toupper
    minini.o(i.ini_getl) refers to strtol.o(.text) for strtol
    minini.o(i.ini_gets) refers to ff.o(i.f_open) for f_open
    minini.o(i.ini_gets) refers to minini.o(i.getkeystring) for getkeystring
    minini.o(i.ini_gets) refers to ff.o(i.f_close) for f_close
    minini.o(i.ini_gets) refers to minini.o(i.save_strncpy) for save_strncpy
    minini.o(i.ini_gets) refers to strlen.o(.text) for strlen
    minini.o(i.ini_getsection) refers to ff.o(i.f_open) for f_open
    minini.o(i.ini_getsection) refers to minini.o(i.getkeystring) for getkeystring
    minini.o(i.ini_getsection) refers to ff.o(i.f_close) for f_close
    minini.o(i.ini_getsection) refers to strlen.o(.text) for strlen
    minini.o(i.ini_putl) refers to minini.o(i.long2str) for long2str
    minini.o(i.ini_putl) refers to minini.o(i.ini_puts) for ini_puts
    minini.o(i.ini_puts) refers to ff.o(i.f_open) for f_open
    minini.o(i.ini_puts) refers to minini.o(i.writesection) for writesection
    minini.o(i.ini_puts) refers to minini.o(i.writekey) for writekey
    minini.o(i.ini_puts) refers to ff.o(i.f_close) for f_close
    minini.o(i.ini_puts) refers to minini.o(i.getkeystring) for getkeystring
    minini.o(i.ini_puts) refers to strcmp.o(.text) for strcmp
    minini.o(i.ini_puts) refers to ff.o(i.f_lseek) for f_lseek
    minini.o(i.ini_puts) refers to minini.o(i.ini_tempname) for ini_tempname
    minini.o(i.ini_puts) refers to strlen.o(.text) for strlen
    minini.o(i.ini_puts) refers to ff.o(i.f_gets) for f_gets
    minini.o(i.ini_puts) refers to minini.o(i.cache_flush) for cache_flush
    minini.o(i.ini_puts) refers to ff.o(i.f_puts) for f_puts
    minini.o(i.ini_puts) refers to minini.o(i.close_rename) for close_rename
    minini.o(i.ini_puts) refers to minini.o(i.skipleading) for skipleading
    minini.o(i.ini_puts) refers to strchr.o(.text) for strchr
    minini.o(i.ini_puts) refers to strncmp.o(.text) for strncmp
    minini.o(i.ini_puts) refers to minini.o(i.cache_accum) for cache_accum
    minini.o(i.ini_puts) refers to minini.o(i.skiptrailing) for skiptrailing
    minini.o(i.ini_rename) refers to strchr.o(.text) for strchr
    minini.o(i.ini_rename) refers to ff.o(i.f_rename) for f_rename
    minini.o(i.ini_tempname) refers to minini.o(i.save_strncpy) for save_strncpy
    minini.o(i.ini_tempname) refers to strrchr.o(.text) for strrchr
    minini.o(i.long2str) refers to minini.o(i.strreverse) for strreverse
    minini.o(i.striptrailing) refers to strchr.o(.text) for strchr
    minini.o(i.striptrailing) refers to minini.o(i.skiptrailing) for skiptrailing
    minini.o(i.strreverse) refers to strlen.o(.text) for strlen
    minini.o(i.writekey) refers to minini.o(i.check_enquote) for check_enquote
    minini.o(i.writekey) refers to minini.o(i.save_strncpy) for save_strncpy
    minini.o(i.writekey) refers to strrchr.o(.text) for strrchr
    minini.o(i.writekey) refers to strcpy.o(.text) for strcpy
    minini.o(i.writekey) refers to ff.o(i.f_puts) for f_puts
    minini.o(i.writesection) refers to strlen.o(.text) for strlen
    minini.o(i.writesection) refers to minini.o(i.save_strncpy) for save_strncpy
    minini.o(i.writesection) refers to strrchr.o(.text) for strrchr
    minini.o(i.writesection) refers to strcpy.o(.text) for strcpy
    minini.o(i.writesection) refers to ff.o(i.f_puts) for f_puts
    entry.o(.ARM.Collect$$$$00000000) refers (Special) to entry10a.o(.ARM.Collect$$$$0000000D) for __rt_final_cpp
    entry.o(.ARM.Collect$$$$00000000) refers (Special) to entry11a.o(.ARM.Collect$$$$0000000F) for __rt_final_exit
    entry.o(.ARM.Collect$$$$00000000) refers (Special) to entry7b.o(.ARM.Collect$$$$00000008) for _main_clock
    entry.o(.ARM.Collect$$$$00000000) refers (Special) to entry8b.o(.ARM.Collect$$$$0000000A) for _main_cpp_init
    entry.o(.ARM.Collect$$$$00000000) refers (Special) to entry9a.o(.ARM.Collect$$$$0000000B) for _main_init
    entry.o(.ARM.Collect$$$$00000000) refers (Special) to entry5.o(.ARM.Collect$$$$00000004) for _main_scatterload
    entry.o(.ARM.Collect$$$$00000000) refers (Special) to entry2.o(.ARM.Collect$$$$00000001) for _main_stk
    strtol.o(.text) refers to ctype_o.o(.text) for __rt_ctype_table
    strtol.o(.text) refers to _strtoul.o(.text) for _strtoul
    strtol.o(.text) refers to errno.o(i.__aeabi_errno_addr) for __aeabi_errno_addr
    entry2.o(.ARM.Collect$$$$00000001) refers to entry2.o(.ARM.Collect$$$$00002712) for __lit__00000000
    entry2.o(.ARM.Collect$$$$00002712) refers to startup_stm32f10x_hd.o(STACK) for __initial_sp
    entry2.o(__vectab_stack_and_reset_area) refers to startup_stm32f10x_hd.o(STACK) for __initial_sp
    entry2.o(__vectab_stack_and_reset_area) refers to entry.o(.ARM.Collect$$$$00000000) for __main
    entry5.o(.ARM.Collect$$$$00000004) refers to init.o(.text) for __scatterload
    entry9a.o(.ARM.Collect$$$$0000000B) refers to main.o(i.main) for main
    entry9b.o(.ARM.Collect$$$$0000000C) refers to main.o(i.main) for main
    ctype_o.o(.text) refers to ctype_o.o(.constdata) for .constdata
    ctype_o.o(.constdata) refers to ctype_o.o(.constdata) for __ctype_table
    isalnum_o.o(.text) refers to ctype_o.o(.text) for __rt_ctype_table
    isalpha_o.o(.text) refers to ctype_o.o(.text) for __rt_ctype_table
    isblank_o.o(.text) refers to ctype_o.o(.constdata) for __ctype_table
    iscntrl_o.o(.text) refers to ctype_o.o(.text) for __rt_ctype_table
    isdigit_o.o(.text) refers to ctype_o.o(.text) for __rt_ctype_table
    isgraph_o.o(.text) refers to ctype_o.o(.text) for __rt_ctype_table
    islower_o.o(.text) refers to ctype_o.o(.text) for __rt_ctype_table
    isprint_o.o(.text) refers to ctype_o.o(.text) for __rt_ctype_table
    ispunct_o.o(.text) refers to ctype_o.o(.text) for __rt_ctype_table
    isspace_o.o(.text) refers to ctype_o.o(.text) for __rt_ctype_table
    isupper_o.o(.text) refers to ctype_o.o(.text) for __rt_ctype_table
    isxdigit_o.o(.text) refers to ctype_o.o(.text) for __rt_ctype_table
    errno.o(i.__aeabi_errno_addr) refers to errno.o(.data) for .data
    errno.o(i.__read_errno) refers to errno.o(.data) for .data
    errno.o(i.__set_errno) refers to errno.o(.data) for .data
    _strtoul.o(.text) refers to _chval.o(.text) for _chval
    _strtoul.o(.text) refers to errno.o(i.__aeabi_errno_addr) for __aeabi_errno_addr
    init.o(.text) refers to entry5.o(.ARM.Collect$$$$00000004) for __main_after_scatterload


==============================================================================

Removing Unused input sections from the image.

    Removing startup_stm32f10x_hd.o(HEAP), (512 bytes).
    Removing system_stm32f10x.o(i.SystemCoreClockUpdate), (164 bytes).
    Removing core_cm3.o(.emb_text), (32 bytes).
    Removing stm32f10x_it.o(.data), (2 bytes).
    Removing hardware_config.o(i.fputc), (36 bytes).
    Removing stm_loader.o(i.Protect), (42 bytes).
    Removing stm_loader.o(i.UnProtect), (48 bytes).
    Removing stm_loader.o(i.ini_rename), (34 bytes).
    Removing uart.o(i.ConsoleGetLineEx), (308 bytes).
    Removing uart.o(i.UartDisable), (16 bytes).
    Removing uart.o(i.UartEnable), (16 bytes).
    Removing uart.o(i.UartFix), (24 bytes).
    Removing uart.o(i.UartGetData), (88 bytes).
    Removing uart.o(i.UartGetStringEx), (168 bytes).
    Removing uart.o(i.UartPutData), (64 bytes).
    Removing uart.o(i.UartPutString), (56 bytes).
    Removing misc.o(i.NVIC_SetVectorTable), (20 bytes).
    Removing misc.o(i.NVIC_SystemLPConfig), (32 bytes).
    Removing misc.o(i.SysTick_CLKSourceConfig), (40 bytes).
    Removing stm32f10x_rcc.o(i.RCC_ADCCLKConfig), (24 bytes).
    Removing stm32f10x_rcc.o(i.RCC_AHBPeriphClockCmd), (32 bytes).
    Removing stm32f10x_rcc.o(i.RCC_APB1PeriphResetCmd), (32 bytes).
    Removing stm32f10x_rcc.o(i.RCC_APB2PeriphResetCmd), (32 bytes).
    Removing stm32f10x_rcc.o(i.RCC_AdjustHSICalibrationValue), (24 bytes).
    Removing stm32f10x_rcc.o(i.RCC_BackupResetCmd), (12 bytes).
    Removing stm32f10x_rcc.o(i.RCC_ClearFlag), (20 bytes).
    Removing stm32f10x_rcc.o(i.RCC_ClearITPendingBit), (12 bytes).
    Removing stm32f10x_rcc.o(i.RCC_ClockSecuritySystemCmd), (12 bytes).
    Removing stm32f10x_rcc.o(i.RCC_DeInit), (76 bytes).
    Removing stm32f10x_rcc.o(i.RCC_GetFlagStatus), (60 bytes).
    Removing stm32f10x_rcc.o(i.RCC_GetITStatus), (24 bytes).
    Removing stm32f10x_rcc.o(i.RCC_GetSYSCLKSource), (16 bytes).
    Removing stm32f10x_rcc.o(i.RCC_HCLKConfig), (24 bytes).
    Removing stm32f10x_rcc.o(i.RCC_HSEConfig), (76 bytes).
    Removing stm32f10x_rcc.o(i.RCC_HSICmd), (12 bytes).
    Removing stm32f10x_rcc.o(i.RCC_ITConfig), (32 bytes).
    Removing stm32f10x_rcc.o(i.RCC_LSEConfig), (52 bytes).
    Removing stm32f10x_rcc.o(i.RCC_LSICmd), (12 bytes).
    Removing stm32f10x_rcc.o(i.RCC_MCOConfig), (12 bytes).
    Removing stm32f10x_rcc.o(i.RCC_PCLK1Config), (24 bytes).
    Removing stm32f10x_rcc.o(i.RCC_PCLK2Config), (24 bytes).
    Removing stm32f10x_rcc.o(i.RCC_PLLCmd), (12 bytes).
    Removing stm32f10x_rcc.o(i.RCC_PLLConfig), (28 bytes).
    Removing stm32f10x_rcc.o(i.RCC_RTCCLKCmd), (12 bytes).
    Removing stm32f10x_rcc.o(i.RCC_RTCCLKConfig), (16 bytes).
    Removing stm32f10x_rcc.o(i.RCC_SYSCLKConfig), (24 bytes).
    Removing stm32f10x_rcc.o(i.RCC_USBCLKConfig), (12 bytes).
    Removing stm32f10x_rcc.o(i.RCC_WaitForHSEStartUp), (56 bytes).
    Removing stm32f10x_flash.o(i.FLASH_BootConfig), (120 bytes).
    Removing stm32f10x_flash.o(i.FLASH_ClearFlag), (24 bytes).
    Removing stm32f10x_flash.o(i.FLASH_EnableWriteProtection), (196 bytes).
    Removing stm32f10x_flash.o(i.FLASH_EraseAllBank1Pages), (72 bytes).
    Removing stm32f10x_flash.o(i.FLASH_EraseAllBank2Pages), (72 bytes).
    Removing stm32f10x_flash.o(i.FLASH_EraseAllPages), (124 bytes).
    Removing stm32f10x_flash.o(i.FLASH_EraseOptionBytes), (168 bytes).
    Removing stm32f10x_flash.o(i.FLASH_ErasePage), (152 bytes).
    Removing stm32f10x_flash.o(i.FLASH_GetBank1Status), (52 bytes).
    Removing stm32f10x_flash.o(i.FLASH_GetBank2Status), (52 bytes).
    Removing stm32f10x_flash.o(i.FLASH_GetFlagStatus), (68 bytes).
    Removing stm32f10x_flash.o(i.FLASH_GetPrefetchBufferStatus), (24 bytes).
    Removing stm32f10x_flash.o(i.FLASH_GetReadOutProtectionStatus), (24 bytes).
    Removing stm32f10x_flash.o(i.FLASH_GetStatus), (52 bytes).
    Removing stm32f10x_flash.o(i.FLASH_GetUserOptionByte), (12 bytes).
    Removing stm32f10x_flash.o(i.FLASH_GetWriteProtectionOptionByte), (12 bytes).
    Removing stm32f10x_flash.o(i.FLASH_HalfCycleAccessCmd), (28 bytes).
    Removing stm32f10x_flash.o(i.FLASH_ITConfig), (72 bytes).
    Removing stm32f10x_flash.o(i.FLASH_Lock), (28 bytes).
    Removing stm32f10x_flash.o(i.FLASH_LockBank1), (20 bytes).
    Removing stm32f10x_flash.o(i.FLASH_LockBank2), (20 bytes).
    Removing stm32f10x_flash.o(i.FLASH_PrefetchBufferCmd), (28 bytes).
    Removing stm32f10x_flash.o(i.FLASH_ProgramHalfWord), (116 bytes).
    Removing stm32f10x_flash.o(i.FLASH_ProgramOptionByteData), (84 bytes).
    Removing stm32f10x_flash.o(i.FLASH_ProgramWord), (356 bytes).
    Removing stm32f10x_flash.o(i.FLASH_ReadOutProtection), (172 bytes).
    Removing stm32f10x_flash.o(i.FLASH_SetLatency), (24 bytes).
    Removing stm32f10x_flash.o(i.FLASH_Unlock), (32 bytes).
    Removing stm32f10x_flash.o(i.FLASH_UnlockBank1), (24 bytes).
    Removing stm32f10x_flash.o(i.FLASH_UnlockBank2), (24 bytes).
    Removing stm32f10x_flash.o(i.FLASH_UserOptionByteConfig), (104 bytes).
    Removing stm32f10x_flash.o(i.FLASH_WaitForLastBank1Operation), (38 bytes).
    Removing stm32f10x_flash.o(i.FLASH_WaitForLastBank2Operation), (38 bytes).
    Removing stm32f10x_flash.o(i.FLASH_WaitForLastOperation), (38 bytes).
    Removing stm32f10x_gpio.o(i.GPIO_AFIODeInit), (20 bytes).
    Removing stm32f10x_gpio.o(i.GPIO_DeInit), (200 bytes).
    Removing stm32f10x_gpio.o(i.GPIO_ETH_MediaInterfaceConfig), (12 bytes).
    Removing stm32f10x_gpio.o(i.GPIO_EXTILineConfig), (64 bytes).
    Removing stm32f10x_gpio.o(i.GPIO_EventOutputCmd), (12 bytes).
    Removing stm32f10x_gpio.o(i.GPIO_EventOutputConfig), (32 bytes).
    Removing stm32f10x_gpio.o(i.GPIO_PinLockConfig), (18 bytes).
    Removing stm32f10x_gpio.o(i.GPIO_PinRemapConfig), (144 bytes).
    Removing stm32f10x_gpio.o(i.GPIO_ReadInputData), (8 bytes).
    Removing stm32f10x_gpio.o(i.GPIO_ReadOutputData), (8 bytes).
    Removing stm32f10x_gpio.o(i.GPIO_ReadOutputDataBit), (18 bytes).
    Removing stm32f10x_gpio.o(i.GPIO_StructInit), (16 bytes).
    Removing stm32f10x_gpio.o(i.GPIO_Write), (4 bytes).
    Removing stm32f10x_gpio.o(i.GPIO_WriteBit), (10 bytes).
    Removing stm32f10x_spi.o(i.I2S_Cmd), (24 bytes).
    Removing stm32f10x_spi.o(i.I2S_Init), (232 bytes).
    Removing stm32f10x_spi.o(i.I2S_StructInit), (20 bytes).
    Removing stm32f10x_spi.o(i.SPI_BiDirectionalLineConfig), (28 bytes).
    Removing stm32f10x_spi.o(i.SPI_DataSizeConfig), (18 bytes).
    Removing stm32f10x_spi.o(i.SPI_GetCRC), (16 bytes).
    Removing stm32f10x_spi.o(i.SPI_GetCRCPolynomial), (6 bytes).
    Removing stm32f10x_spi.o(i.SPI_I2S_ClearFlag), (6 bytes).
    Removing stm32f10x_spi.o(i.SPI_I2S_ClearITPendingBit), (20 bytes).
    Removing stm32f10x_spi.o(i.SPI_I2S_DMACmd), (18 bytes).
    Removing stm32f10x_spi.o(i.SPI_I2S_DeInit), (88 bytes).
    Removing stm32f10x_spi.o(i.SPI_I2S_GetITStatus), (52 bytes).
    Removing stm32f10x_spi.o(i.SPI_I2S_ITConfig), (32 bytes).
    Removing stm32f10x_spi.o(i.SPI_NSSInternalSoftwareConfig), (30 bytes).
    Removing stm32f10x_spi.o(i.SPI_SSOutputCmd), (24 bytes).
    Removing stm32f10x_spi.o(i.SPI_StructInit), (24 bytes).
    Removing stm32f10x_spi.o(i.SPI_TransmitCRC), (10 bytes).
    Removing stm32f10x_tim.o(i.TI1_Config), (128 bytes).
    Removing stm32f10x_tim.o(i.TI2_Config), (152 bytes).
    Removing stm32f10x_tim.o(i.TI3_Config), (144 bytes).
    Removing stm32f10x_tim.o(i.TI4_Config), (152 bytes).
    Removing stm32f10x_tim.o(i.TIM_BDTRConfig), (32 bytes).
    Removing stm32f10x_tim.o(i.TIM_BDTRStructInit), (18 bytes).
    Removing stm32f10x_tim.o(i.TIM_CCPreloadControl), (24 bytes).
    Removing stm32f10x_tim.o(i.TIM_CCxCmd), (30 bytes).
    Removing stm32f10x_tim.o(i.TIM_CCxNCmd), (30 bytes).
    Removing stm32f10x_tim.o(i.TIM_ClearFlag), (6 bytes).
    Removing stm32f10x_tim.o(i.TIM_ClearOC1Ref), (18 bytes).
    Removing stm32f10x_tim.o(i.TIM_ClearOC2Ref), (24 bytes).
    Removing stm32f10x_tim.o(i.TIM_ClearOC3Ref), (18 bytes).
    Removing stm32f10x_tim.o(i.TIM_ClearOC4Ref), (24 bytes).
    Removing stm32f10x_tim.o(i.TIM_CounterModeConfig), (18 bytes).
    Removing stm32f10x_tim.o(i.TIM_CtrlPWMOutputs), (30 bytes).
    Removing stm32f10x_tim.o(i.TIM_DMACmd), (18 bytes).
    Removing stm32f10x_tim.o(i.TIM_DMAConfig), (10 bytes).
    Removing stm32f10x_tim.o(i.TIM_DeInit), (488 bytes).
    Removing stm32f10x_tim.o(i.TIM_ETRClockMode1Config), (54 bytes).
    Removing stm32f10x_tim.o(i.TIM_ETRClockMode2Config), (32 bytes).
    Removing stm32f10x_tim.o(i.TIM_ETRConfig), (28 bytes).
    Removing stm32f10x_tim.o(i.TIM_EncoderInterfaceConfig), (66 bytes).
    Removing stm32f10x_tim.o(i.TIM_ForcedOC1Config), (18 bytes).
    Removing stm32f10x_tim.o(i.TIM_ForcedOC2Config), (26 bytes).
    Removing stm32f10x_tim.o(i.TIM_ForcedOC3Config), (18 bytes).
    Removing stm32f10x_tim.o(i.TIM_ForcedOC4Config), (26 bytes).
    Removing stm32f10x_tim.o(i.TIM_GenerateEvent), (4 bytes).
    Removing stm32f10x_tim.o(i.TIM_GetCapture1), (6 bytes).
    Removing stm32f10x_tim.o(i.TIM_GetCapture2), (6 bytes).
    Removing stm32f10x_tim.o(i.TIM_GetCapture3), (6 bytes).
    Removing stm32f10x_tim.o(i.TIM_GetCapture4), (8 bytes).
    Removing stm32f10x_tim.o(i.TIM_GetCounter), (6 bytes).
    Removing stm32f10x_tim.o(i.TIM_GetFlagStatus), (18 bytes).
    Removing stm32f10x_tim.o(i.TIM_GetPrescaler), (6 bytes).
    Removing stm32f10x_tim.o(i.TIM_ICInit), (172 bytes).
    Removing stm32f10x_tim.o(i.TIM_ICStructInit), (18 bytes).
    Removing stm32f10x_tim.o(i.TIM_ITRxExternalClockConfig), (24 bytes).
    Removing stm32f10x_tim.o(i.TIM_InternalClockConfig), (12 bytes).
    Removing stm32f10x_tim.o(i.TIM_OC1FastConfig), (18 bytes).
    Removing stm32f10x_tim.o(i.TIM_OC1NPolarityConfig), (18 bytes).
    Removing stm32f10x_tim.o(i.TIM_OC1PolarityConfig), (18 bytes).
    Removing stm32f10x_tim.o(i.TIM_OC2FastConfig), (26 bytes).
    Removing stm32f10x_tim.o(i.TIM_OC2Init), (164 bytes).
    Removing stm32f10x_tim.o(i.TIM_OC2NPolarityConfig), (26 bytes).
    Removing stm32f10x_tim.o(i.TIM_OC2PolarityConfig), (26 bytes).
    Removing stm32f10x_tim.o(i.TIM_OC2PreloadConfig), (26 bytes).
    Removing stm32f10x_tim.o(i.TIM_OC3FastConfig), (18 bytes).
    Removing stm32f10x_tim.o(i.TIM_OC3Init), (160 bytes).
    Removing stm32f10x_tim.o(i.TIM_OC3NPolarityConfig), (26 bytes).
    Removing stm32f10x_tim.o(i.TIM_OC3PolarityConfig), (26 bytes).
    Removing stm32f10x_tim.o(i.TIM_OC3PreloadConfig), (18 bytes).
    Removing stm32f10x_tim.o(i.TIM_OC4FastConfig), (26 bytes).
    Removing stm32f10x_tim.o(i.TIM_OC4Init), (124 bytes).
    Removing stm32f10x_tim.o(i.TIM_OC4PolarityConfig), (26 bytes).
    Removing stm32f10x_tim.o(i.TIM_OC4PreloadConfig), (26 bytes).
    Removing stm32f10x_tim.o(i.TIM_OCStructInit), (20 bytes).
    Removing stm32f10x_tim.o(i.TIM_PWMIConfig), (124 bytes).
    Removing stm32f10x_tim.o(i.TIM_SelectCCDMA), (24 bytes).
    Removing stm32f10x_tim.o(i.TIM_SelectCOM), (24 bytes).
    Removing stm32f10x_tim.o(i.TIM_SelectHallSensor), (24 bytes).
    Removing stm32f10x_tim.o(i.TIM_SelectInputTrigger), (18 bytes).
    Removing stm32f10x_tim.o(i.TIM_SelectMasterSlaveMode), (18 bytes).
    Removing stm32f10x_tim.o(i.TIM_SelectOCxM), (82 bytes).
    Removing stm32f10x_tim.o(i.TIM_SelectOnePulseMode), (18 bytes).
    Removing stm32f10x_tim.o(i.TIM_SelectOutputTrigger), (18 bytes).
    Removing stm32f10x_tim.o(i.TIM_SelectSlaveMode), (18 bytes).
    Removing stm32f10x_tim.o(i.TIM_SetAutoreload), (4 bytes).
    Removing stm32f10x_tim.o(i.TIM_SetClockDivision), (18 bytes).
    Removing stm32f10x_tim.o(i.TIM_SetCompare1), (4 bytes).
    Removing stm32f10x_tim.o(i.TIM_SetCompare2), (4 bytes).
    Removing stm32f10x_tim.o(i.TIM_SetCompare3), (4 bytes).
    Removing stm32f10x_tim.o(i.TIM_SetCompare4), (6 bytes).
    Removing stm32f10x_tim.o(i.TIM_SetCounter), (4 bytes).
    Removing stm32f10x_tim.o(i.TIM_SetIC1Prescaler), (18 bytes).
    Removing stm32f10x_tim.o(i.TIM_SetIC2Prescaler), (26 bytes).
    Removing stm32f10x_tim.o(i.TIM_SetIC3Prescaler), (18 bytes).
    Removing stm32f10x_tim.o(i.TIM_SetIC4Prescaler), (26 bytes).
    Removing stm32f10x_tim.o(i.TIM_TIxExternalClockConfig), (62 bytes).
    Removing stm32f10x_tim.o(i.TIM_TimeBaseStructInit), (18 bytes).
    Removing stm32f10x_tim.o(i.TIM_UpdateDisableConfig), (24 bytes).
    Removing stm32f10x_tim.o(i.TIM_UpdateRequestConfig), (24 bytes).
    Removing stm32f10x_usart.o(i.USART_ClearFlag), (18 bytes).
    Removing stm32f10x_usart.o(i.USART_ClearITPendingBit), (30 bytes).
    Removing stm32f10x_usart.o(i.USART_ClockInit), (34 bytes).
    Removing stm32f10x_usart.o(i.USART_ClockStructInit), (12 bytes).
    Removing stm32f10x_usart.o(i.USART_DMACmd), (18 bytes).
    Removing stm32f10x_usart.o(i.USART_DeInit), (156 bytes).
    Removing stm32f10x_usart.o(i.USART_GetFlagStatus), (26 bytes).
    Removing stm32f10x_usart.o(i.USART_GetITStatus), (84 bytes).
    Removing stm32f10x_usart.o(i.USART_HalfDuplexCmd), (24 bytes).
    Removing stm32f10x_usart.o(i.USART_ITConfig), (74 bytes).
    Removing stm32f10x_usart.o(i.USART_IrDACmd), (24 bytes).
    Removing stm32f10x_usart.o(i.USART_IrDAConfig), (18 bytes).
    Removing stm32f10x_usart.o(i.USART_LINBreakDetectLengthConfig), (18 bytes).
    Removing stm32f10x_usart.o(i.USART_LINCmd), (24 bytes).
    Removing stm32f10x_usart.o(i.USART_OneBitMethodCmd), (24 bytes).
    Removing stm32f10x_usart.o(i.USART_OverSampling8Cmd), (22 bytes).
    Removing stm32f10x_usart.o(i.USART_ReceiveData), (10 bytes).
    Removing stm32f10x_usart.o(i.USART_ReceiverWakeUpCmd), (24 bytes).
    Removing stm32f10x_usart.o(i.USART_SendBreak), (10 bytes).
    Removing stm32f10x_usart.o(i.USART_SendData), (8 bytes).
    Removing stm32f10x_usart.o(i.USART_SetAddress), (18 bytes).
    Removing stm32f10x_usart.o(i.USART_SetGuardTime), (16 bytes).
    Removing stm32f10x_usart.o(i.USART_SetPrescaler), (16 bytes).
    Removing stm32f10x_usart.o(i.USART_SmartCardCmd), (24 bytes).
    Removing stm32f10x_usart.o(i.USART_SmartCardNACKCmd), (24 bytes).
    Removing stm32f10x_usart.o(i.USART_StructInit), (24 bytes).
    Removing stm32f10x_usart.o(i.USART_WakeUpConfig), (18 bytes).
    Removing ff.o(i.dir_read), (86 bytes).
    Removing ff.o(i.dir_remove), (44 bytes).
    Removing ff.o(i.f_chmod), (84 bytes).
    Removing ff.o(i.f_getfree), (276 bytes).
    Removing ff.o(i.f_lseek), (432 bytes).
    Removing ff.o(i.f_mkdir), (384 bytes).
    Removing ff.o(i.f_opendir), (110 bytes).
    Removing ff.o(i.f_printf), (686 bytes).
    Removing ff.o(i.f_putc), (38 bytes).
    Removing ff.o(i.f_puts), (42 bytes).
    Removing ff.o(i.f_readdir), (88 bytes).
    Removing ff.o(i.f_rename), (290 bytes).
    Removing ff.o(i.f_truncate), (156 bytes).
    Removing ff.o(i.f_unlink), (178 bytes).
    Removing ff.o(i.f_utime), (86 bytes).
    Removing ff.o(i.f_write), (526 bytes).
    Removing minini.o(i.cache_accum), (42 bytes).
    Removing minini.o(i.cache_flush), (140 bytes).
    Removing minini.o(i.check_enquote), (54 bytes).
    Removing minini.o(i.close_rename), (56 bytes).
    Removing minini.o(i.ini_browse), (290 bytes).
    Removing minini.o(i.ini_getbool), (116 bytes).
    Removing minini.o(i.ini_getkey), (104 bytes).
    Removing minini.o(i.ini_getsection), (100 bytes).
    Removing minini.o(i.ini_putl), (36 bytes).
    Removing minini.o(i.ini_puts), (916 bytes).
    Removing minini.o(i.ini_rename), (34 bytes).
    Removing minini.o(i.ini_tempname), (42 bytes).
    Removing minini.o(i.long2str), (82 bytes).
    Removing minini.o(i.strreverse), (34 bytes).
    Removing minini.o(i.writekey), (100 bytes).
    Removing minini.o(i.writesection), (80 bytes).

254 unused section(s) (total 16058 bytes) removed from the image.

==============================================================================

Image Symbol Table

    Local Symbols

    Symbol Name                              Value     Ov Type        Size  Object(Section)

    ../clib/microlib/ctype/ctype.c           0x00000000   Number         0  isblank_o.o ABSOLUTE
    ../clib/microlib/ctype/ctype.c           0x00000000   Number         0  isxdigit_o.o ABSOLUTE
    ../clib/microlib/ctype/ctype.c           0x00000000   Number         0  ispunct_o.o ABSOLUTE
    ../clib/microlib/ctype/ctype.c           0x00000000   Number         0  isspace_o.o ABSOLUTE
    ../clib/microlib/ctype/ctype.c           0x00000000   Number         0  isalnum_o.o ABSOLUTE
    ../clib/microlib/ctype/ctype.c           0x00000000   Number         0  isalpha_o.o ABSOLUTE
    ../clib/microlib/ctype/ctype.c           0x00000000   Number         0  isgraph_o.o ABSOLUTE
    ../clib/microlib/ctype/ctype.c           0x00000000   Number         0  iscntrl_o.o ABSOLUTE
    ../clib/microlib/ctype/ctype.c           0x00000000   Number         0  isupper_o.o ABSOLUTE
    ../clib/microlib/ctype/ctype.c           0x00000000   Number         0  islower_o.o ABSOLUTE
    ../clib/microlib/ctype/ctype.c           0x00000000   Number         0  isprint_o.o ABSOLUTE
    ../clib/microlib/ctype/ctype.c           0x00000000   Number         0  isdigit_o.o ABSOLUTE
    ../clib/microlib/ctype/ctype.c           0x00000000   Number         0  ctype_o.o ABSOLUTE
    ../clib/microlib/ctype/toupper.c         0x00000000   Number         0  toupper.o ABSOLUTE
    ../clib/microlib/errno.c                 0x00000000   Number         0  errno.o ABSOLUTE
    ../clib/microlib/init/entry.s            0x00000000   Number         0  entry11b.o ABSOLUTE
    ../clib/microlib/init/entry.s            0x00000000   Number         0  entry9a.o ABSOLUTE
    ../clib/microlib/init/entry.s            0x00000000   Number         0  entry8b.o ABSOLUTE
    ../clib/microlib/init/entry.s            0x00000000   Number         0  entry8a.o ABSOLUTE
    ../clib/microlib/init/entry.s            0x00000000   Number         0  entry5.o ABSOLUTE
    ../clib/microlib/init/entry.s            0x00000000   Number         0  entry7b.o ABSOLUTE
    ../clib/microlib/init/entry.s            0x00000000   Number         0  entry7a.o ABSOLUTE
    ../clib/microlib/init/entry.s            0x00000000   Number         0  entry.o ABSOLUTE
    ../clib/microlib/init/entry.s            0x00000000   Number         0  entry2.o ABSOLUTE
    ../clib/microlib/init/entry.s            0x00000000   Number         0  entry9b.o ABSOLUTE
    ../clib/microlib/init/entry.s            0x00000000   Number         0  entry11a.o ABSOLUTE
    ../clib/microlib/init/entry.s            0x00000000   Number         0  entry10b.o ABSOLUTE
    ../clib/microlib/init/entry.s            0x00000000   Number         0  entry10a.o ABSOLUTE
    ../clib/microlib/string/memset.c         0x00000000   Number         0  memseta.o ABSOLUTE
    ../clib/microlib/string/strchr.c         0x00000000   Number         0  strchr.o ABSOLUTE
    ../clib/microlib/string/strcmp.c         0x00000000   Number         0  strcmp.o ABSOLUTE
    ../clib/microlib/string/strcpy.c         0x00000000   Number         0  strcpy.o ABSOLUTE
    ../clib/microlib/string/strlen.c         0x00000000   Number         0  strlen.o ABSOLUTE
    ../clib/microlib/string/strncmp.c        0x00000000   Number         0  strncmp.o ABSOLUTE
    ../clib/microlib/string/strrchr.c        0x00000000   Number         0  strrchr.o ABSOLUTE
    ../clib/scanf.c                          0x00000000   Number         0  _strtoul.o ABSOLUTE
    ../clib/scanf.c                          0x00000000   Number         0  _chval.o ABSOLUTE
    ../clib/scanf.c                          0x00000000   Number         0  strtol.o ABSOLUTE
    ..\Application\src\hardware_config.c     0x00000000   Number         0  hardware_config.o ABSOLUTE
    ..\Application\src\main.c                0x00000000   Number         0  main.o ABSOLUTE
    ..\Application\src\stm32f10x_it.c        0x00000000   Number         0  stm32f10x_it.o ABSOLUTE
    ..\Application\src\stm_loader.c          0x00000000   Number         0  stm_loader.o ABSOLUTE
    ..\Application\src\uart.c                0x00000000   Number         0  uart.o ABSOLUTE
    ..\Libraries\CMSIS\CM3\CoreSupport\core_cm3.c 0x00000000   Number         0  core_cm3.o ABSOLUTE
    ..\Libraries\CMSIS\CM3\DeviceSupport\ST\STM32F10x\startup\arm\startup_stm32f10x_hd.s 0x00000000   Number         0  startup_stm32f10x_hd.o ABSOLUTE
    ..\Libraries\CMSIS\CM3\DeviceSupport\ST\STM32F10x\system_stm32f10x.c 0x00000000   Number         0  system_stm32f10x.o ABSOLUTE
    ..\Libraries\FatFs_R0.08b\diskio.c       0x00000000   Number         0  diskio.o ABSOLUTE
    ..\Libraries\FatFs_R0.08b\ff.c           0x00000000   Number         0  ff.o ABSOLUTE
    ..\Libraries\STM32F10x_StdPeriph_Driver\src\misc.c 0x00000000   Number         0  misc.o ABSOLUTE
    ..\Libraries\STM32F10x_StdPeriph_Driver\src\stm32f10x_flash.c 0x00000000   Number         0  stm32f10x_flash.o ABSOLUTE
    ..\Libraries\STM32F10x_StdPeriph_Driver\src\stm32f10x_gpio.c 0x00000000   Number         0  stm32f10x_gpio.o ABSOLUTE
    ..\Libraries\STM32F10x_StdPeriph_Driver\src\stm32f10x_rcc.c 0x00000000   Number         0  stm32f10x_rcc.o ABSOLUTE
    ..\Libraries\STM32F10x_StdPeriph_Driver\src\stm32f10x_spi.c 0x00000000   Number         0  stm32f10x_spi.o ABSOLUTE
    ..\Libraries\STM32F10x_StdPeriph_Driver\src\stm32f10x_tim.c 0x00000000   Number         0  stm32f10x_tim.o ABSOLUTE
    ..\Libraries\STM32F10x_StdPeriph_Driver\src\stm32f10x_usart.c 0x00000000   Number         0  stm32f10x_usart.o ABSOLUTE
    ..\Libraries\ini\dev\minIni.c            0x00000000   Number         0  minini.o ABSOLUTE
    ..\\Libraries\\CMSIS\\CM3\\CoreSupport\\core_cm3.c 0x00000000   Number         0  core_cm3.o ABSOLUTE
    dc.s                                     0x00000000   Number         0  dc.o ABSOLUTE
    handlers.s                               0x00000000   Number         0  handlers.o ABSOLUTE
    init.s                                   0x00000000   Number         0  init.o ABSOLUTE
    RESET                                    0x08000000   Section      304  startup_stm32f10x_hd.o(RESET)
    .ARM.Collect$$$$00000000                 0x08000130   Section        0  entry.o(.ARM.Collect$$$$00000000)
    .ARM.Collect$$$$00000001                 0x08000130   Section        4  entry2.o(.ARM.Collect$$$$00000001)
    .ARM.Collect$$$$00000004                 0x08000134   Section        4  entry5.o(.ARM.Collect$$$$00000004)
    .ARM.Collect$$$$00000008                 0x08000138   Section        0  entry7b.o(.ARM.Collect$$$$00000008)
    .ARM.Collect$$$$0000000A                 0x08000138   Section        0  entry8b.o(.ARM.Collect$$$$0000000A)
    .ARM.Collect$$$$0000000B                 0x08000138   Section        8  entry9a.o(.ARM.Collect$$$$0000000B)
    .ARM.Collect$$$$0000000D                 0x08000140   Section        0  entry10a.o(.ARM.Collect$$$$0000000D)
    .ARM.Collect$$$$0000000F                 0x08000140   Section        0  entry11a.o(.ARM.Collect$$$$0000000F)
    .ARM.Collect$$$$00002712                 0x08000140   Section        4  entry2.o(.ARM.Collect$$$$00002712)
    __lit__00000000                          0x08000140   Data           4  entry2.o(.ARM.Collect$$$$00002712)
    .text                                    0x08000144   Section       36  startup_stm32f10x_hd.o(.text)
    .text                                    0x08000168   Section        0  toupper.o(.text)
    .text                                    0x08000174   Section        0  memseta.o(.text)
    .text                                    0x08000198   Section        0  strchr.o(.text)
    .text                                    0x080001ac   Section        0  strlen.o(.text)
    .text                                    0x080001ba   Section        0  strncmp.o(.text)
    .text                                    0x080001d8   Section        0  strtol.o(.text)
    .text                                    0x08000248   Section        0  ctype_o.o(.text)
    .text                                    0x08000250   Section        0  _strtoul.o(.text)
    .text                                    0x080002f0   Section       36  init.o(.text)
    .text                                    0x08000314   Section        0  _chval.o(.text)
    i.BusFault_Handler                       0x08000330   Section        0  stm32f10x_it.o(i.BusFault_Handler)
    i.DebugMon_Handler                       0x08000334   Section        0  stm32f10x_it.o(i.DebugMon_Handler)
    i.Delay                                  0x08000336   Section        0  hardware_config.o(i.Delay)
    i.GPIO_Config                            0x08000348   Section        0  hardware_config.o(i.GPIO_Config)
    i.GPIO_Init                              0x080004dc   Section        0  stm32f10x_gpio.o(i.GPIO_Init)
    i.GPIO_ReadInputDataBit                  0x080005f2   Section        0  stm32f10x_gpio.o(i.GPIO_ReadInputDataBit)
    i.GPIO_ResetBits                         0x08000604   Section        0  stm32f10x_gpio.o(i.GPIO_ResetBits)
    i.GPIO_SetBits                           0x08000608   Section        0  stm32f10x_gpio.o(i.GPIO_SetBits)
    i.GetLoaderFN                            0x0800060c   Section        0  stm_loader.o(i.GetLoaderFN)
    i.HardFault_Handler                      0x080006a4   Section        0  stm32f10x_it.o(i.HardFault_Handler)
    i.MemManage_Handler                      0x080006a8   Section        0  stm32f10x_it.o(i.MemManage_Handler)
    i.NMI_Handler                            0x080006ac   Section        0  stm32f10x_it.o(i.NMI_Handler)
    i.NVIC_Init                              0x080006b0   Section        0  misc.o(i.NVIC_Init)
    i.NVIC_PriorityGroupConfig               0x08000720   Section        0  misc.o(i.NVIC_PriorityGroupConfig)
    i.PendSV_Handler                         0x08000734   Section        0  stm32f10x_it.o(i.PendSV_Handler)
    i.RCC_APB1PeriphClockCmd                 0x08000738   Section        0  stm32f10x_rcc.o(i.RCC_APB1PeriphClockCmd)
    i.RCC_APB2PeriphClockCmd                 0x08000758   Section        0  stm32f10x_rcc.o(i.RCC_APB2PeriphClockCmd)
    i.RCC_GetClocksFreq                      0x08000778   Section        0  stm32f10x_rcc.o(i.RCC_GetClocksFreq)
    i.Receive_DataBlock                      0x0800084c   Section        0  diskio.o(i.Receive_DataBlock)
    Receive_DataBlock                        0x0800084d   Thumb Code    78  diskio.o(i.Receive_DataBlock)
    i.SPI_CalculateCRC                       0x080008a0   Section        0  stm32f10x_spi.o(i.SPI_CalculateCRC)
    i.SPI_Cmd                                0x080008b8   Section        0  stm32f10x_spi.o(i.SPI_Cmd)
    i.SPI_HighSpeed                          0x080008d0   Section        0  diskio.o(i.SPI_HighSpeed)
    SPI_HighSpeed                            0x080008d1   Thumb Code    78  diskio.o(i.SPI_HighSpeed)
    i.SPI_I2S_GetFlagStatus                  0x08000924   Section        0  stm32f10x_spi.o(i.SPI_I2S_GetFlagStatus)
    i.SPI_I2S_ReceiveData                    0x08000936   Section        0  stm32f10x_spi.o(i.SPI_I2S_ReceiveData)
    i.SPI_I2S_SendData                       0x0800093c   Section        0  stm32f10x_spi.o(i.SPI_I2S_SendData)
    i.SPI_Init                               0x08000940   Section        0  stm32f10x_spi.o(i.SPI_Init)
    i.SPI_LowSpeed                           0x0800097c   Section        0  diskio.o(i.SPI_LowSpeed)
    SPI_LowSpeed                             0x0800097d   Thumb Code    80  diskio.o(i.SPI_LowSpeed)
    i.SPI_ReadWrite_Byte                     0x080009d0   Section        0  diskio.o(i.SPI_ReadWrite_Byte)
    SPI_ReadWrite_Byte                       0x080009d1   Thumb Code    46  diskio.o(i.SPI_ReadWrite_Byte)
    i.SPI_Release                            0x08000a04   Section        0  diskio.o(i.SPI_Release)
    SPI_Release                              0x08000a05   Thumb Code    20  diskio.o(i.SPI_Release)
    i.SVC_Handler                            0x08000a1c   Section        0  stm32f10x_it.o(i.SVC_Handler)
    i.Send_Command                           0x08000a20   Section        0  diskio.o(i.Send_Command)
    Send_Command                             0x08000a21   Thumb Code   164  diskio.o(i.Send_Command)
    i.SetSysClock                            0x08000ac8   Section        0  system_stm32f10x.o(i.SetSysClock)
    SetSysClock                              0x08000ac9   Thumb Code     8  system_stm32f10x.o(i.SetSysClock)
    i.SetSysClockTo72                        0x08000ad0   Section        0  system_stm32f10x.o(i.SetSysClockTo72)
    SetSysClockTo72                          0x08000ad1   Thumb Code   214  system_stm32f10x.o(i.SetSysClockTo72)
    i.SyncEraseSTM                           0x08000bb0   Section        0  stm_loader.o(i.SyncEraseSTM)
    i.SysTick_Handler                        0x08000c38   Section        0  stm32f10x_it.o(i.SysTick_Handler)
    i.SystemInit                             0x08000c3c   Section        0  system_stm32f10x.o(i.SystemInit)
    i.TIM2_IRQHandler                        0x08000c9c   Section        0  stm32f10x_it.o(i.TIM2_IRQHandler)
    i.TIM_ARRPreloadConfig                   0x08000cf0   Section        0  stm32f10x_tim.o(i.TIM_ARRPreloadConfig)
    i.TIM_ClearITPendingBit                  0x08000d08   Section        0  stm32f10x_tim.o(i.TIM_ClearITPendingBit)
    i.TIM_Cmd                                0x08000d0e   Section        0  stm32f10x_tim.o(i.TIM_Cmd)
    i.TIM_GetITStatus                        0x08000d26   Section        0  stm32f10x_tim.o(i.TIM_GetITStatus)
    i.TIM_ITConfig                           0x08000d48   Section        0  stm32f10x_tim.o(i.TIM_ITConfig)
    i.TIM_OC1Init                            0x08000d5c   Section        0  stm32f10x_tim.o(i.TIM_OC1Init)
    i.TIM_OC1PreloadConfig                   0x08000df4   Section        0  stm32f10x_tim.o(i.TIM_OC1PreloadConfig)
    i.TIM_PrescalerConfig                    0x08000e06   Section        0  stm32f10x_tim.o(i.TIM_PrescalerConfig)
    i.TIM_TimeBaseInit                       0x08000e0c   Section        0  stm32f10x_tim.o(i.TIM_TimeBaseInit)
    i.Timer11_Config                         0x08000eb0   Section        0  hardware_config.o(i.Timer11_Config)
    i.Timer2_Config                          0x08000f2c   Section        0  hardware_config.o(i.Timer2_Config)
    i.Transmit_DataBlock                     0x08000ff0   Section        0  diskio.o(i.Transmit_DataBlock)
    Transmit_DataBlock                       0x08000ff1   Thumb Code    88  diskio.o(i.Transmit_DataBlock)
    i.USART1_Config                          0x08001048   Section        0  hardware_config.o(i.USART1_Config)
    i.USART_Cmd                              0x080010f0   Section        0  stm32f10x_usart.o(i.USART_Cmd)
    i.USART_Init                             0x08001108   Section        0  stm32f10x_usart.o(i.USART_Init)
    i.UartGetChar                            0x080011e0   Section        0  uart.o(i.UartGetChar)
    i.UartPutChar                            0x08001230   Section        0  uart.o(i.UartPutChar)
    i.UsageFault_Handler                     0x0800125c   Section        0  stm32f10x_it.o(i.UsageFault_Handler)
    i.Wait_Ready                             0x08001260   Section        0  diskio.o(i.Wait_Ready)
    Wait_Ready                               0x08001261   Thumb Code    40  diskio.o(i.Wait_Ready)
    i.WriteHEXtoSTM                          0x0800128c   Section        0  stm_loader.o(i.WriteHEXtoSTM)
    i.__aeabi_errno_addr                     0x080013e4   Section        0  errno.o(i.__aeabi_errno_addr)
    i.__scatterload_copy                     0x080013ec   Section       14  handlers.o(i.__scatterload_copy)
    i.__scatterload_null                     0x080013fa   Section        2  handlers.o(i.__scatterload_null)
    i.__scatterload_zeroinit                 0x080013fc   Section       14  handlers.o(i.__scatterload_zeroinit)
    i.check_fs                               0x0800140c   Section        0  ff.o(i.check_fs)
    check_fs                                 0x0800140d   Thumb Code   138  ff.o(i.check_fs)
    i.chk_chr                                0x0800149c   Section        0  ff.o(i.chk_chr)
    chk_chr                                  0x0800149d   Thumb Code    20  ff.o(i.chk_chr)
    i.chk_mounted                            0x080014b0   Section        0  ff.o(i.chk_mounted)
    chk_mounted                              0x080014b1   Thumb Code   864  ff.o(i.chk_mounted)
    i.cleanstring                            0x08001820   Section        0  minini.o(i.cleanstring)
    cleanstring                              0x08001821   Thumb Code   138  minini.o(i.cleanstring)
    i.clust2sect                             0x080018aa   Section        0  ff.o(i.clust2sect)
    i.create_chain                           0x080018c4   Section        0  ff.o(i.create_chain)
    create_chain                             0x080018c5   Thumb Code   202  ff.o(i.create_chain)
    i.create_name                            0x08001990   Section        0  ff.o(i.create_name)
    create_name                              0x08001991   Thumb Code   336  ff.o(i.create_name)
    i.dir_find                               0x08001af0   Section        0  ff.o(i.dir_find)
    dir_find                                 0x08001af1   Thumb Code    92  ff.o(i.dir_find)
    i.dir_next                               0x08001b4c   Section        0  ff.o(i.dir_next)
    dir_next                                 0x08001b4d   Thumb Code   278  ff.o(i.dir_next)
    i.dir_register                           0x08001c62   Section        0  ff.o(i.dir_register)
    dir_register                             0x08001c63   Thumb Code   110  ff.o(i.dir_register)
    i.dir_sdi                                0x08001cd0   Section        0  ff.o(i.dir_sdi)
    dir_sdi                                  0x08001cd1   Thumb Code   156  ff.o(i.dir_sdi)
    i.disk_initialize                        0x08001d6c   Section        0  diskio.o(i.disk_initialize)
    i.disk_ioctl                             0x08001ec0   Section        0  diskio.o(i.disk_ioctl)
    i.disk_read                              0x080020e8   Section        0  diskio.o(i.disk_read)
    i.disk_status                            0x0800217c   Section        0  diskio.o(i.disk_status)
    i.disk_write                             0x08002190   Section        0  diskio.o(i.disk_write)
    i.f_close                                0x08002244   Section        0  ff.o(i.f_close)
    i.f_gets                                 0x0800225a   Section        0  ff.o(i.f_gets)
    i.f_mount                                0x080022a8   Section        0  ff.o(i.f_mount)
    i.f_open                                 0x080022d4   Section        0  ff.o(i.f_open)
    i.f_read                                 0x08002440   Section        0  ff.o(i.f_read)
    i.f_stat                                 0x0800260e   Section        0  ff.o(i.f_stat)
    i.f_sync                                 0x08002648   Section        0  ff.o(i.f_sync)
    i.follow_path                            0x08002700   Section        0  ff.o(i.follow_path)
    follow_path                              0x08002701   Thumb Code   158  ff.o(i.follow_path)
    i.get_fat                                0x0800279e   Section        0  ff.o(i.get_fat)
    i.get_fattime                            0x08002882   Section        0  diskio.o(i.get_fattime)
    i.get_fileinfo                           0x08002886   Section        0  ff.o(i.get_fileinfo)
    get_fileinfo                             0x08002887   Thumb Code   152  ff.o(i.get_fileinfo)
    i.getkeystring                           0x0800291e   Section        0  minini.o(i.getkeystring)
    getkeystring                             0x0800291f   Thumb Code   390  minini.o(i.getkeystring)
    i.ini_getl                               0x08002aa4   Section        0  minini.o(i.ini_getl)
    i.ini_gets                               0x08002afc   Section        0  minini.o(i.ini_gets)
    i.main                                   0x08002b7c   Section        0  main.o(i.main)
    i.mem_cmp                                0x08002cb4   Section        0  ff.o(i.mem_cmp)
    mem_cmp                                  0x08002cb5   Thumb Code    38  ff.o(i.mem_cmp)
    i.mem_cpy                                0x08002cda   Section        0  ff.o(i.mem_cpy)
    mem_cpy                                  0x08002cdb   Thumb Code    26  ff.o(i.mem_cpy)
    i.mem_set                                0x08002cf4   Section        0  ff.o(i.mem_set)
    mem_set                                  0x08002cf5   Thumb Code    20  ff.o(i.mem_set)
    i.move_window                            0x08002d08   Section        0  ff.o(i.move_window)
    move_window                              0x08002d09   Thumb Code   114  ff.o(i.move_window)
    i.put_fat                                0x08002d7a   Section        0  ff.o(i.put_fat)
    i.remove_chain                           0x08002eb0   Section        0  ff.o(i.remove_chain)
    remove_chain                             0x08002eb1   Thumb Code   104  ff.o(i.remove_chain)
    i.save_strncpy                           0x08002f18   Section        0  minini.o(i.save_strncpy)
    save_strncpy                             0x08002f19   Thumb Code   196  minini.o(i.save_strncpy)
    i.skipleading                            0x08002fdc   Section        0  minini.o(i.skipleading)
    skipleading                              0x08002fdd   Thumb Code    18  minini.o(i.skipleading)
    i.skiptrailing                           0x08002fee   Section        0  minini.o(i.skiptrailing)
    skiptrailing                             0x08002fef   Thumb Code    26  minini.o(i.skiptrailing)
    i.striptrailing                          0x08003008   Section        0  minini.o(i.striptrailing)
    striptrailing                            0x08003009   Thumb Code    30  minini.o(i.striptrailing)
    i.sync                                   0x08003026   Section        0  ff.o(i.sync)
    sync                                     0x08003027   Thumb Code   202  ff.o(i.sync)
    i.validate                               0x080030f0   Section        0  ff.o(i.validate)
    validate                                 0x080030f1   Thumb Code    42  ff.o(i.validate)
    .constdata                               0x0800311a   Section      129  ctype_o.o(.constdata)
    .constdata                               0x0800319c   Section        4  ctype_o.o(.constdata)
    table                                    0x0800319c   Data           4  ctype_o.o(.constdata)
    .data                                    0x20000000   Section       20  system_stm32f10x.o(.data)
    .data                                    0x20000014   Section       12  main.o(.data)
    .data                                    0x20000020   Section        4  uart.o(.data)
    .data                                    0x20000024   Section       20  stm32f10x_rcc.o(.data)
    APBAHBPrescTable                         0x20000024   Data          16  stm32f10x_rcc.o(.data)
    ADCPrescTable                            0x20000034   Data           4  stm32f10x_rcc.o(.data)
    .data                                    0x20000038   Section        6  diskio.o(.data)
    Stat                                     0x2000003c   Data           1  diskio.o(.data)
    CardType                                 0x2000003d   Data           1  diskio.o(.data)
    .data                                    0x20000040   Section        6  ff.o(.data)
    FatFs                                    0x20000040   Data           4  ff.o(.data)
    Fsid                                     0x20000044   Data           2  ff.o(.data)
    .data                                    0x20000048   Section        4  errno.o(.data)
    _errno                                   0x20000048   Data           4  errno.o(.data)
    .bss                                     0x2000004c   Section      640  main.o(.bss)
    .bss                                     0x200002cc   Section      252  stm_loader.o(.bss)
    STACK                                    0x200003c8   Section     1024  startup_stm32f10x_hd.o(STACK)

    Global Symbols

    Symbol Name                              Value     Ov Type        Size  Object(Section)

    BuildAttributes$$THM_ISAv4$P$D$K$B$S$PE$A:L22UL41UL21$X:L11$S22US41US21$IEEE1$IW$USESV6$~STKCKD$USESV7$~SHL$OSPACE$EBA8$MICROLIB$REQ8$PRES8$EABIv2 0x00000000   Number         0  anon$$obj.o ABSOLUTE
    __ARM_use_no_argv                        0x00000000   Number         0  main.o ABSOLUTE
    __cpp_initialize__aeabi_                  - Undefined Weak Reference
    __cxa_finalize                            - Undefined Weak Reference
    __decompress                              - Undefined Weak Reference
    _clock_init                               - Undefined Weak Reference
    _microlib_exit                            - Undefined Weak Reference
    __Vectors_Size                           0x00000130   Number         0  startup_stm32f10x_hd.o ABSOLUTE
    __Vectors                                0x08000000   Data           4  startup_stm32f10x_hd.o(RESET)
    __Vectors_End                            0x08000130   Data           0  startup_stm32f10x_hd.o(RESET)
    __main                                   0x08000131   Thumb Code     0  entry.o(.ARM.Collect$$$$00000000)
    _main_stk                                0x08000131   Thumb Code     0  entry2.o(.ARM.Collect$$$$00000001)
    _main_scatterload                        0x08000135   Thumb Code     0  entry5.o(.ARM.Collect$$$$00000004)
    __main_after_scatterload                 0x08000139   Thumb Code     0  entry5.o(.ARM.Collect$$$$00000004)
    _main_clock                              0x08000139   Thumb Code     0  entry7b.o(.ARM.Collect$$$$00000008)
    _main_cpp_init                           0x08000139   Thumb Code     0  entry8b.o(.ARM.Collect$$$$0000000A)
    _main_init                               0x08000139   Thumb Code     0  entry9a.o(.ARM.Collect$$$$0000000B)
    __rt_final_cpp                           0x08000141   Thumb Code     0  entry10a.o(.ARM.Collect$$$$0000000D)
    __rt_final_exit                          0x08000141   Thumb Code     0  entry11a.o(.ARM.Collect$$$$0000000F)
    Reset_Handler                            0x08000145   Thumb Code     8  startup_stm32f10x_hd.o(.text)
    ADC1_2_IRQHandler                        0x0800015f   Thumb Code     0  startup_stm32f10x_hd.o(.text)
    ADC3_IRQHandler                          0x0800015f   Thumb Code     0  startup_stm32f10x_hd.o(.text)
    CAN1_RX1_IRQHandler                      0x0800015f   Thumb Code     0  startup_stm32f10x_hd.o(.text)
    CAN1_SCE_IRQHandler                      0x0800015f   Thumb Code     0  startup_stm32f10x_hd.o(.text)
    DMA1_Channel1_IRQHandler                 0x0800015f   Thumb Code     0  startup_stm32f10x_hd.o(.text)
    DMA1_Channel2_IRQHandler                 0x0800015f   Thumb Code     0  startup_stm32f10x_hd.o(.text)
    DMA1_Channel3_IRQHandler                 0x0800015f   Thumb Code     0  startup_stm32f10x_hd.o(.text)
    DMA1_Channel4_IRQHandler                 0x0800015f   Thumb Code     0  startup_stm32f10x_hd.o(.text)
    DMA1_Channel5_IRQHandler                 0x0800015f   Thumb Code     0  startup_stm32f10x_hd.o(.text)
    DMA1_Channel6_IRQHandler                 0x0800015f   Thumb Code     0  startup_stm32f10x_hd.o(.text)
    DMA1_Channel7_IRQHandler                 0x0800015f   Thumb Code     0  startup_stm32f10x_hd.o(.text)
    DMA2_Channel1_IRQHandler                 0x0800015f   Thumb Code     0  startup_stm32f10x_hd.o(.text)
    DMA2_Channel2_IRQHandler                 0x0800015f   Thumb Code     0  startup_stm32f10x_hd.o(.text)
    DMA2_Channel3_IRQHandler                 0x0800015f   Thumb Code     0  startup_stm32f10x_hd.o(.text)
    DMA2_Channel4_5_IRQHandler               0x0800015f   Thumb Code     0  startup_stm32f10x_hd.o(.text)
    EXTI0_IRQHandler                         0x0800015f   Thumb Code     0  startup_stm32f10x_hd.o(.text)
    EXTI15_10_IRQHandler                     0x0800015f   Thumb Code     0  startup_stm32f10x_hd.o(.text)
    EXTI1_IRQHandler                         0x0800015f   Thumb Code     0  startup_stm32f10x_hd.o(.text)
    EXTI2_IRQHandler                         0x0800015f   Thumb Code     0  startup_stm32f10x_hd.o(.text)
    EXTI3_IRQHandler                         0x0800015f   Thumb Code     0  startup_stm32f10x_hd.o(.text)
    EXTI4_IRQHandler                         0x0800015f   Thumb Code     0  startup_stm32f10x_hd.o(.text)
    EXTI9_5_IRQHandler                       0x0800015f   Thumb Code     0  startup_stm32f10x_hd.o(.text)
    FLASH_IRQHandler                         0x0800015f   Thumb Code     0  startup_stm32f10x_hd.o(.text)
    FSMC_IRQHandler                          0x0800015f   Thumb Code     0  startup_stm32f10x_hd.o(.text)
    I2C1_ER_IRQHandler                       0x0800015f   Thumb Code     0  startup_stm32f10x_hd.o(.text)
    I2C1_EV_IRQHandler                       0x0800015f   Thumb Code     0  startup_stm32f10x_hd.o(.text)
    I2C2_ER_IRQHandler                       0x0800015f   Thumb Code     0  startup_stm32f10x_hd.o(.text)
    I2C2_EV_IRQHandler                       0x0800015f   Thumb Code     0  startup_stm32f10x_hd.o(.text)
    PVD_IRQHandler                           0x0800015f   Thumb Code     0  startup_stm32f10x_hd.o(.text)
    RCC_IRQHandler                           0x0800015f   Thumb Code     0  startup_stm32f10x_hd.o(.text)
    RTCAlarm_IRQHandler                      0x0800015f   Thumb Code     0  startup_stm32f10x_hd.o(.text)
    RTC_IRQHandler                           0x0800015f   Thumb Code     0  startup_stm32f10x_hd.o(.text)
    SDIO_IRQHandler                          0x0800015f   Thumb Code     0  startup_stm32f10x_hd.o(.text)
    SPI1_IRQHandler                          0x0800015f   Thumb Code     0  startup_stm32f10x_hd.o(.text)
    SPI2_IRQHandler                          0x0800015f   Thumb Code     0  startup_stm32f10x_hd.o(.text)
    SPI3_IRQHandler                          0x0800015f   Thumb Code     0  startup_stm32f10x_hd.o(.text)
    TAMPER_IRQHandler                        0x0800015f   Thumb Code     0  startup_stm32f10x_hd.o(.text)
    TIM1_BRK_IRQHandler                      0x0800015f   Thumb Code     0  startup_stm32f10x_hd.o(.text)
    TIM1_CC_IRQHandler                       0x0800015f   Thumb Code     0  startup_stm32f10x_hd.o(.text)
    TIM1_TRG_COM_IRQHandler                  0x0800015f   Thumb Code     0  startup_stm32f10x_hd.o(.text)
    TIM1_UP_IRQHandler                       0x0800015f   Thumb Code     0  startup_stm32f10x_hd.o(.text)
    TIM3_IRQHandler                          0x0800015f   Thumb Code     0  startup_stm32f10x_hd.o(.text)
    TIM4_IRQHandler                          0x0800015f   Thumb Code     0  startup_stm32f10x_hd.o(.text)
    TIM5_IRQHandler                          0x0800015f   Thumb Code     0  startup_stm32f10x_hd.o(.text)
    TIM6_IRQHandler                          0x0800015f   Thumb Code     0  startup_stm32f10x_hd.o(.text)
    TIM7_IRQHandler                          0x0800015f   Thumb Code     0  startup_stm32f10x_hd.o(.text)
    TIM8_BRK_IRQHandler                      0x0800015f   Thumb Code     0  startup_stm32f10x_hd.o(.text)
    TIM8_CC_IRQHandler                       0x0800015f   Thumb Code     0  startup_stm32f10x_hd.o(.text)
    TIM8_TRG_COM_IRQHandler                  0x0800015f   Thumb Code     0  startup_stm32f10x_hd.o(.text)
    TIM8_UP_IRQHandler                       0x0800015f   Thumb Code     0  startup_stm32f10x_hd.o(.text)
    UART4_IRQHandler                         0x0800015f   Thumb Code     0  startup_stm32f10x_hd.o(.text)
    UART5_IRQHandler                         0x0800015f   Thumb Code     0  startup_stm32f10x_hd.o(.text)
    USART1_IRQHandler                        0x0800015f   Thumb Code     0  startup_stm32f10x_hd.o(.text)
    USART2_IRQHandler                        0x0800015f   Thumb Code     0  startup_stm32f10x_hd.o(.text)
    USART3_IRQHandler                        0x0800015f   Thumb Code     0  startup_stm32f10x_hd.o(.text)
    USBWakeUp_IRQHandler                     0x0800015f   Thumb Code     0  startup_stm32f10x_hd.o(.text)
    USB_HP_CAN1_TX_IRQHandler                0x0800015f   Thumb Code     0  startup_stm32f10x_hd.o(.text)
    USB_LP_CAN1_RX0_IRQHandler               0x0800015f   Thumb Code     0  startup_stm32f10x_hd.o(.text)
    WWDG_IRQHandler                          0x0800015f   Thumb Code     0  startup_stm32f10x_hd.o(.text)
    toupper                                  0x08000169   Thumb Code    12  toupper.o(.text)
    __aeabi_memset                           0x08000175   Thumb Code    14  memseta.o(.text)
    __aeabi_memset4                          0x08000175   Thumb Code     0  memseta.o(.text)
    __aeabi_memset8                          0x08000175   Thumb Code     0  memseta.o(.text)
    __aeabi_memclr                           0x08000183   Thumb Code     4  memseta.o(.text)
    __aeabi_memclr4                          0x08000183   Thumb Code     0  memseta.o(.text)
    __aeabi_memclr8                          0x08000183   Thumb Code     0  memseta.o(.text)
    _memset$wrapper                          0x08000187   Thumb Code    18  memseta.o(.text)
    strchr                                   0x08000199   Thumb Code    20  strchr.o(.text)
    strlen                                   0x080001ad   Thumb Code    14  strlen.o(.text)
    strncmp                                  0x080001bb   Thumb Code    30  strncmp.o(.text)
    strtol                                   0x080001d9   Thumb Code   112  strtol.o(.text)
    __rt_ctype_table                         0x08000249   Thumb Code     4  ctype_o.o(.text)
    _strtoul                                 0x08000251   Thumb Code   158  _strtoul.o(.text)
    __scatterload                            0x080002f1   Thumb Code    28  init.o(.text)
    __scatterload_rt2                        0x080002f1   Thumb Code     0  init.o(.text)
    _chval                                   0x08000315   Thumb Code    28  _chval.o(.text)
    BusFault_Handler                         0x08000331   Thumb Code     4  stm32f10x_it.o(i.BusFault_Handler)
    DebugMon_Handler                         0x08000335   Thumb Code     2  stm32f10x_it.o(i.DebugMon_Handler)
    Delay                                    0x08000337   Thumb Code    18  hardware_config.o(i.Delay)
    GPIO_Config                              0x08000349   Thumb Code   378  hardware_config.o(i.GPIO_Config)
    GPIO_Init                                0x080004dd   Thumb Code   278  stm32f10x_gpio.o(i.GPIO_Init)
    GPIO_ReadInputDataBit                    0x080005f3   Thumb Code    18  stm32f10x_gpio.o(i.GPIO_ReadInputDataBit)
    GPIO_ResetBits                           0x08000605   Thumb Code     4  stm32f10x_gpio.o(i.GPIO_ResetBits)
    GPIO_SetBits                             0x08000609   Thumb Code     4  stm32f10x_gpio.o(i.GPIO_SetBits)
    GetLoaderFN                              0x0800060d   Thumb Code    82  stm_loader.o(i.GetLoaderFN)
    HardFault_Handler                        0x080006a5   Thumb Code     4  stm32f10x_it.o(i.HardFault_Handler)
    MemManage_Handler                        0x080006a9   Thumb Code     4  stm32f10x_it.o(i.MemManage_Handler)
    NMI_Handler                              0x080006ad   Thumb Code     2  stm32f10x_it.o(i.NMI_Handler)
    NVIC_Init                                0x080006b1   Thumb Code   100  misc.o(i.NVIC_Init)
    NVIC_PriorityGroupConfig                 0x08000721   Thumb Code    10  misc.o(i.NVIC_PriorityGroupConfig)
    PendSV_Handler                           0x08000735   Thumb Code     2  stm32f10x_it.o(i.PendSV_Handler)
    RCC_APB1PeriphClockCmd                   0x08000739   Thumb Code    26  stm32f10x_rcc.o(i.RCC_APB1PeriphClockCmd)
    RCC_APB2PeriphClockCmd                   0x08000759   Thumb Code    26  stm32f10x_rcc.o(i.RCC_APB2PeriphClockCmd)
    RCC_GetClocksFreq                        0x08000779   Thumb Code   192  stm32f10x_rcc.o(i.RCC_GetClocksFreq)
    SPI_CalculateCRC                         0x080008a1   Thumb Code    24  stm32f10x_spi.o(i.SPI_CalculateCRC)
    SPI_Cmd                                  0x080008b9   Thumb Code    24  stm32f10x_spi.o(i.SPI_Cmd)
    SPI_I2S_GetFlagStatus                    0x08000925   Thumb Code    18  stm32f10x_spi.o(i.SPI_I2S_GetFlagStatus)
    SPI_I2S_ReceiveData                      0x08000937   Thumb Code     6  stm32f10x_spi.o(i.SPI_I2S_ReceiveData)
    SPI_I2S_SendData                         0x0800093d   Thumb Code     4  stm32f10x_spi.o(i.SPI_I2S_SendData)
    SPI_Init                                 0x08000941   Thumb Code    60  stm32f10x_spi.o(i.SPI_Init)
    SVC_Handler                              0x08000a1d   Thumb Code     2  stm32f10x_it.o(i.SVC_Handler)
    SyncEraseSTM                             0x08000bb1   Thumb Code   136  stm_loader.o(i.SyncEraseSTM)
    SysTick_Handler                          0x08000c39   Thumb Code     2  stm32f10x_it.o(i.SysTick_Handler)
    SystemInit                               0x08000c3d   Thumb Code    78  system_stm32f10x.o(i.SystemInit)
    TIM2_IRQHandler                          0x08000c9d   Thumb Code    72  stm32f10x_it.o(i.TIM2_IRQHandler)
    TIM_ARRPreloadConfig                     0x08000cf1   Thumb Code    24  stm32f10x_tim.o(i.TIM_ARRPreloadConfig)
    TIM_ClearITPendingBit                    0x08000d09   Thumb Code     6  stm32f10x_tim.o(i.TIM_ClearITPendingBit)
    TIM_Cmd                                  0x08000d0f   Thumb Code    24  stm32f10x_tim.o(i.TIM_Cmd)
    TIM_GetITStatus                          0x08000d27   Thumb Code    34  stm32f10x_tim.o(i.TIM_GetITStatus)
    TIM_ITConfig                             0x08000d49   Thumb Code    18  stm32f10x_tim.o(i.TIM_ITConfig)
    TIM_OC1Init                              0x08000d5d   Thumb Code   132  stm32f10x_tim.o(i.TIM_OC1Init)
    TIM_OC1PreloadConfig                     0x08000df5   Thumb Code    18  stm32f10x_tim.o(i.TIM_OC1PreloadConfig)
    TIM_PrescalerConfig                      0x08000e07   Thumb Code     6  stm32f10x_tim.o(i.TIM_PrescalerConfig)
    TIM_TimeBaseInit                         0x08000e0d   Thumb Code   122  stm32f10x_tim.o(i.TIM_TimeBaseInit)
    Timer11_Config                           0x08000eb1   Thumb Code   112  hardware_config.o(i.Timer11_Config)
    Timer2_Config                            0x08000f2d   Thumb Code   188  hardware_config.o(i.Timer2_Config)
    USART1_Config                            0x08001049   Thumb Code   158  hardware_config.o(i.USART1_Config)
    USART_Cmd                                0x080010f1   Thumb Code    24  stm32f10x_usart.o(i.USART_Cmd)
    USART_Init                               0x08001109   Thumb Code   210  stm32f10x_usart.o(i.USART_Init)
    UartGetChar                              0x080011e1   Thumb Code    70  uart.o(i.UartGetChar)
    UartPutChar                              0x08001231   Thumb Code    40  uart.o(i.UartPutChar)
    UsageFault_Handler                       0x0800125d   Thumb Code     4  stm32f10x_it.o(i.UsageFault_Handler)
    WriteHEXtoSTM                            0x0800128d   Thumb Code   324  stm_loader.o(i.WriteHEXtoSTM)
    __aeabi_errno_addr                       0x080013e5   Thumb Code     4  errno.o(i.__aeabi_errno_addr)
    __rt_errno_addr                          0x080013e5   Thumb Code     0  errno.o(i.__aeabi_errno_addr)
    __scatterload_copy                       0x080013ed   Thumb Code    14  handlers.o(i.__scatterload_copy)
    __scatterload_null                       0x080013fb   Thumb Code     2  handlers.o(i.__scatterload_null)
    __scatterload_zeroinit                   0x080013fd   Thumb Code    14  handlers.o(i.__scatterload_zeroinit)
    clust2sect                               0x080018ab   Thumb Code    26  ff.o(i.clust2sect)
    disk_initialize                          0x08001d6d   Thumb Code   324  diskio.o(i.disk_initialize)
    disk_ioctl                               0x08001ec1   Thumb Code   540  diskio.o(i.disk_ioctl)
    disk_read                                0x080020e9   Thumb Code   138  diskio.o(i.disk_read)
    disk_status                              0x0800217d   Thumb Code    14  diskio.o(i.disk_status)
    disk_write                               0x08002191   Thumb Code   172  diskio.o(i.disk_write)
    f_close                                  0x08002245   Thumb Code    22  ff.o(i.f_close)
    f_gets                                   0x0800225b   Thumb Code    78  ff.o(i.f_gets)
    f_mount                                  0x080022a9   Thumb Code    38  ff.o(i.f_mount)
    f_open                                   0x080022d5   Thumb Code   364  ff.o(i.f_open)
    f_read                                   0x08002441   Thumb Code   462  ff.o(i.f_read)
    f_stat                                   0x0800260f   Thumb Code    58  ff.o(i.f_stat)
    f_sync                                   0x08002649   Thumb Code   184  ff.o(i.f_sync)
    get_fat                                  0x0800279f   Thumb Code   228  ff.o(i.get_fat)
    get_fattime                              0x08002883   Thumb Code     4  diskio.o(i.get_fattime)
    ini_getl                                 0x08002aa5   Thumb Code    84  minini.o(i.ini_getl)
    ini_gets                                 0x08002afd   Thumb Code   124  minini.o(i.ini_gets)
    main                                     0x08002b7d   Thumb Code   268  main.o(i.main)
    put_fat                                  0x08002d7b   Thumb Code   310  ff.o(i.put_fat)
    __ctype_table                            0x0800311a   Data         129  ctype_o.o(.constdata)
    Region$$Table$$Base                      0x080031a0   Number         0  anon$$obj.o(Region$$Table)
    Region$$Table$$Limit                     0x080031c0   Number         0  anon$$obj.o(Region$$Table)
    SystemCoreClock                          0x20000000   Data           4  system_stm32f10x.o(.data)
    AHBPrescTable                            0x20000004   Data          16  system_stm32f10x.o(.data)
    CCR1_Val                                 0x20000014   Data           2  main.o(.data)
    CCR2_Val                                 0x20000016   Data           2  main.o(.data)
    CCR3_Val                                 0x20000018   Data           2  main.o(.data)
    CCR4_Val                                 0x2000001a   Data           2  main.o(.data)
    PrescalerValue                           0x2000001c   Data           2  main.o(.data)
    beep                                     0x2000001e   Data           2  main.o(.data)
    PreTick                                  0x20000020   Data           4  uart.o(.data)
    timer1                                   0x20000038   Data           2  diskio.o(.data)
    timer2                                   0x2000003a   Data           2  diskio.o(.data)
    loader_fn                                0x2000004c   Data          40  main.o(.bss)
    release_fn                               0x20000074   Data          40  main.o(.bss)
    fs                                       0x2000009c   Data         560  main.o(.bss)
    ReadBuf                                  0x200002cc   Data         252  stm_loader.o(.bss)
    __initial_sp                             0x200007c8   Data           0  startup_stm32f10x_hd.o(STACK)



==============================================================================

Memory Map of the image

  Image Entry point : 0x08000131

  Load Region LR_IROM1 (Base: 0x08000000, Size: 0x0000320c, Max: 0x000c0000, ABSOLUTE)

    Execution Region ER_IROM1 (Base: 0x08000000, Size: 0x000031c0, Max: 0x000c0000, ABSOLUTE)

    Base Addr    Size         Type   Attr      Idx    E Section Name        Object

    0x08000000   0x00000130   Data   RO            3    RESET               startup_stm32f10x_hd.o
    0x08000130   0x00000000   Code   RO         2341  * .ARM.Collect$$$$00000000  mc_w.l(entry.o)
    0x08000130   0x00000004   Code   RO         2362    .ARM.Collect$$$$00000001  mc_w.l(entry2.o)
    0x08000134   0x00000004   Code   RO         2365    .ARM.Collect$$$$00000004  mc_w.l(entry5.o)
    0x08000138   0x00000000   Code   RO         2367    .ARM.Collect$$$$00000008  mc_w.l(entry7b.o)
    0x08000138   0x00000000   Code   RO         2369    .ARM.Collect$$$$0000000A  mc_w.l(entry8b.o)
    0x08000138   0x00000008   Code   RO         2370    .ARM.Collect$$$$0000000B  mc_w.l(entry9a.o)
    0x08000140   0x00000000   Code   RO         2372    .ARM.Collect$$$$0000000D  mc_w.l(entry10a.o)
    0x08000140   0x00000000   Code   RO         2374    .ARM.Collect$$$$0000000F  mc_w.l(entry11a.o)
    0x08000140   0x00000004   Code   RO         2363    .ARM.Collect$$$$00002712  mc_w.l(entry2.o)
    0x08000144   0x00000024   Code   RO            4    .text               startup_stm32f10x_hd.o
    0x08000168   0x0000000c   Code   RO         2344    .text               mc_w.l(toupper.o)
    0x08000174   0x00000024   Code   RO         2346    .text               mc_w.l(memseta.o)
    0x08000198   0x00000014   Code   RO         2348    .text               mc_w.l(strchr.o)
    0x080001ac   0x0000000e   Code   RO         2350    .text               mc_w.l(strlen.o)
    0x080001ba   0x0000001e   Code   RO         2356    .text               mc_w.l(strncmp.o)
    0x080001d8   0x00000070   Code   RO         2360    .text               mc_w.l(strtol.o)
    0x08000248   0x00000008   Code   RO         2376    .text               mc_w.l(ctype_o.o)
    0x08000250   0x0000009e   Code   RO         2411    .text               mc_w.l(_strtoul.o)
    0x080002ee   0x00000002   PAD
    0x080002f0   0x00000024   Code   RO         2413    .text               mc_w.l(init.o)
    0x08000314   0x0000001c   Code   RO         2415    .text               mc_w.l(_chval.o)
    0x08000330   0x00000004   Code   RO          178    i.BusFault_Handler  stm32f10x_it.o
    0x08000334   0x00000002   Code   RO          179    i.DebugMon_Handler  stm32f10x_it.o
    0x08000336   0x00000012   Code   RO          251    i.Delay             hardware_config.o
    0x08000348   0x00000194   Code   RO          252    i.GPIO_Config       hardware_config.o
    0x080004dc   0x00000116   Code   RO          874    i.GPIO_Init         stm32f10x_gpio.o
    0x080005f2   0x00000012   Code   RO          878    i.GPIO_ReadInputDataBit  stm32f10x_gpio.o
    0x08000604   0x00000004   Code   RO          881    i.GPIO_ResetBits    stm32f10x_gpio.o
    0x08000608   0x00000004   Code   RO          882    i.GPIO_SetBits      stm32f10x_gpio.o
    0x0800060c   0x00000098   Code   RO          293    i.GetLoaderFN       stm_loader.o
    0x080006a4   0x00000004   Code   RO          180    i.HardFault_Handler  stm32f10x_it.o
    0x080006a8   0x00000004   Code   RO          181    i.MemManage_Handler  stm32f10x_it.o
    0x080006ac   0x00000002   Code   RO          182    i.NMI_Handler       stm32f10x_it.o
    0x080006ae   0x00000002   PAD
    0x080006b0   0x00000070   Code   RO          422    i.NVIC_Init         misc.o
    0x08000720   0x00000014   Code   RO          423    i.NVIC_PriorityGroupConfig  misc.o
    0x08000734   0x00000002   Code   RO          183    i.PendSV_Handler    stm32f10x_it.o
    0x08000736   0x00000002   PAD
    0x08000738   0x00000020   Code   RO          460    i.RCC_APB1PeriphClockCmd  stm32f10x_rcc.o
    0x08000758   0x00000020   Code   RO          462    i.RCC_APB2PeriphClockCmd  stm32f10x_rcc.o
    0x08000778   0x000000d4   Code   RO          470    i.RCC_GetClocksFreq  stm32f10x_rcc.o
    0x0800084c   0x00000054   Code   RO         1854    i.Receive_DataBlock  diskio.o
    0x080008a0   0x00000018   Code   RO          986    i.SPI_CalculateCRC  stm32f10x_spi.o
    0x080008b8   0x00000018   Code   RO          987    i.SPI_Cmd           stm32f10x_spi.o
    0x080008d0   0x00000054   Code   RO         1855    i.SPI_HighSpeed     diskio.o
    0x08000924   0x00000012   Code   RO          995    i.SPI_I2S_GetFlagStatus  stm32f10x_spi.o
    0x08000936   0x00000006   Code   RO          998    i.SPI_I2S_ReceiveData  stm32f10x_spi.o
    0x0800093c   0x00000004   Code   RO          999    i.SPI_I2S_SendData  stm32f10x_spi.o
    0x08000940   0x0000003c   Code   RO         1000    i.SPI_Init          stm32f10x_spi.o
    0x0800097c   0x00000054   Code   RO         1856    i.SPI_LowSpeed      diskio.o
    0x080009d0   0x00000034   Code   RO         1857    i.SPI_ReadWrite_Byte  diskio.o
    0x08000a04   0x00000018   Code   RO         1858    i.SPI_Release       diskio.o
    0x08000a1c   0x00000002   Code   RO          184    i.SVC_Handler       stm32f10x_it.o
    0x08000a1e   0x00000002   PAD
    0x08000a20   0x000000a8   Code   RO         1859    i.Send_Command      diskio.o
    0x08000ac8   0x00000008   Code   RO           10    i.SetSysClock       system_stm32f10x.o
    0x08000ad0   0x000000e0   Code   RO           11    i.SetSysClockTo72   system_stm32f10x.o
    0x08000bb0   0x00000088   Code   RO          295    i.SyncEraseSTM      stm_loader.o
    0x08000c38   0x00000002   Code   RO          185    i.SysTick_Handler   stm32f10x_it.o
    0x08000c3a   0x00000002   PAD
    0x08000c3c   0x00000060   Code   RO           13    i.SystemInit        system_stm32f10x.o
    0x08000c9c   0x00000054   Code   RO          186    i.TIM2_IRQHandler   stm32f10x_it.o
    0x08000cf0   0x00000018   Code   RO         1130    i.TIM_ARRPreloadConfig  stm32f10x_tim.o
    0x08000d08   0x00000006   Code   RO         1137    i.TIM_ClearITPendingBit  stm32f10x_tim.o
    0x08000d0e   0x00000018   Code   RO         1142    i.TIM_Cmd           stm32f10x_tim.o
    0x08000d26   0x00000022   Code   RO         1163    i.TIM_GetITStatus   stm32f10x_tim.o
    0x08000d48   0x00000012   Code   RO         1167    i.TIM_ITConfig      stm32f10x_tim.o
    0x08000d5a   0x00000002   PAD
    0x08000d5c   0x00000098   Code   RO         1171    i.TIM_OC1Init       stm32f10x_tim.o
    0x08000df4   0x00000012   Code   RO         1174    i.TIM_OC1PreloadConfig  stm32f10x_tim.o
    0x08000e06   0x00000006   Code   RO         1191    i.TIM_PrescalerConfig  stm32f10x_tim.o
    0x08000e0c   0x000000a4   Code   RO         1213    i.TIM_TimeBaseInit  stm32f10x_tim.o
    0x08000eb0   0x0000007c   Code   RO          253    i.Timer11_Config    hardware_config.o
    0x08000f2c   0x000000c4   Code   RO          254    i.Timer2_Config     hardware_config.o
    0x08000ff0   0x00000058   Code   RO         1860    i.Transmit_DataBlock  diskio.o
    0x08001048   0x000000a8   Code   RO          255    i.USART1_Config     hardware_config.o
    0x080010f0   0x00000018   Code   RO         1678    i.USART_Cmd         stm32f10x_usart.o
    0x08001108   0x000000d8   Code   RO         1685    i.USART_Init        stm32f10x_usart.o
    0x080011e0   0x00000050   Code   RO          354    i.UartGetChar       uart.o
    0x08001230   0x0000002c   Code   RO          357    i.UartPutChar       uart.o
    0x0800125c   0x00000004   Code   RO          187    i.UsageFault_Handler  stm32f10x_it.o
    0x08001260   0x0000002c   Code   RO         1861    i.Wait_Ready        diskio.o
    0x0800128c   0x00000158   Code   RO          297    i.WriteHEXtoSTM     stm_loader.o
    0x080013e4   0x00000008   Code   RO         2404    i.__aeabi_errno_addr  mc_w.l(errno.o)
    0x080013ec   0x0000000e   Code   RO         2419    i.__scatterload_copy  mc_w.l(handlers.o)
    0x080013fa   0x00000002   Code   RO         2420    i.__scatterload_null  mc_w.l(handlers.o)
    0x080013fc   0x0000000e   Code   RO         2421    i.__scatterload_zeroinit  mc_w.l(handlers.o)
    0x0800140a   0x00000002   PAD
    0x0800140c   0x00000090   Code   RO         1942    i.check_fs          ff.o
    0x0800149c   0x00000014   Code   RO         1943    i.chk_chr           ff.o
    0x080014b0   0x00000370   Code   RO         1944    i.chk_mounted       ff.o
    0x08001820   0x0000008a   Code   RO         2200    i.cleanstring       minini.o
    0x080018aa   0x0000001a   Code   RO         1945    i.clust2sect        ff.o
    0x080018c4   0x000000ca   Code   RO         1946    i.create_chain      ff.o
    0x0800198e   0x00000002   PAD
    0x08001990   0x00000160   Code   RO         1947    i.create_name       ff.o
    0x08001af0   0x0000005c   Code   RO         1948    i.dir_find          ff.o
    0x08001b4c   0x00000116   Code   RO         1949    i.dir_next          ff.o
    0x08001c62   0x0000006e   Code   RO         1951    i.dir_register      ff.o
    0x08001cd0   0x0000009c   Code   RO         1953    i.dir_sdi           ff.o
    0x08001d6c   0x00000154   Code   RO         1862    i.disk_initialize   diskio.o
    0x08001ec0   0x00000228   Code   RO         1863    i.disk_ioctl        diskio.o
    0x080020e8   0x00000094   Code   RO         1864    i.disk_read         diskio.o
    0x0800217c   0x00000014   Code   RO         1865    i.disk_status       diskio.o
    0x08002190   0x000000b4   Code   RO         1866    i.disk_write        diskio.o
    0x08002244   0x00000016   Code   RO         1955    i.f_close           ff.o
    0x0800225a   0x0000004e   Code   RO         1957    i.f_gets            ff.o
    0x080022a8   0x0000002c   Code   RO         1960    i.f_mount           ff.o
    0x080022d4   0x0000016c   Code   RO         1961    i.f_open            ff.o
    0x08002440   0x000001ce   Code   RO         1966    i.f_read            ff.o
    0x0800260e   0x0000003a   Code   RO         1969    i.f_stat            ff.o
    0x08002648   0x000000b8   Code   RO         1970    i.f_sync            ff.o
    0x08002700   0x0000009e   Code   RO         1975    i.follow_path       ff.o
    0x0800279e   0x000000e4   Code   RO         1976    i.get_fat           ff.o
    0x08002882   0x00000004   Code   RO         1867    i.get_fattime       diskio.o
    0x08002886   0x00000098   Code   RO         1977    i.get_fileinfo      ff.o
    0x0800291e   0x00000186   Code   RO         2202    i.getkeystring      minini.o
    0x08002aa4   0x00000058   Code   RO         2206    i.ini_getl          minini.o
    0x08002afc   0x00000080   Code   RO         2207    i.ini_gets          minini.o
    0x08002b7c   0x00000138   Code   RO          116    i.main              main.o
    0x08002cb4   0x00000026   Code   RO         1978    i.mem_cmp           ff.o
    0x08002cda   0x0000001a   Code   RO         1979    i.mem_cpy           ff.o
    0x08002cf4   0x00000014   Code   RO         1980    i.mem_set           ff.o
    0x08002d08   0x00000072   Code   RO         1981    i.move_window       ff.o
    0x08002d7a   0x00000136   Code   RO         1982    i.put_fat           ff.o
    0x08002eb0   0x00000068   Code   RO         1983    i.remove_chain      ff.o
    0x08002f18   0x000000c4   Code   RO         2214    i.save_strncpy      minini.o
    0x08002fdc   0x00000012   Code   RO         2215    i.skipleading       minini.o
    0x08002fee   0x0000001a   Code   RO         2216    i.skiptrailing      minini.o
    0x08003008   0x0000001e   Code   RO         2217    i.striptrailing     minini.o
    0x08003026   0x000000ca   Code   RO         1984    i.sync              ff.o
    0x080030f0   0x0000002a   Code   RO         1985    i.validate          ff.o
    0x0800311a   0x00000081   Data   RO         2377    .constdata          mc_w.l(ctype_o.o)
    0x0800319b   0x00000001   PAD
    0x0800319c   0x00000004   Data   RO         2378    .constdata          mc_w.l(ctype_o.o)
    0x080031a0   0x00000020   Data   RO         2417    Region$$Table       anon$$obj.o


    Execution Region RW_IRAM1 (Base: 0x20000000, Size: 0x000007c8, Max: 0x00018000, ABSOLUTE)

    Base Addr    Size         Type   Attr      Idx    E Section Name        Object

    0x20000000   0x00000014   Data   RW           14    .data               system_stm32f10x.o
    0x20000014   0x0000000c   Data   RW          118    .data               main.o
    0x20000020   0x00000004   Data   RW          360    .data               uart.o
    0x20000024   0x00000014   Data   RW          490    .data               stm32f10x_rcc.o
    0x20000038   0x00000006   Data   RW         1868    .data               diskio.o
    0x2000003e   0x00000002   PAD
    0x20000040   0x00000006   Data   RW         1986    .data               ff.o
    0x20000046   0x00000002   PAD
    0x20000048   0x00000004   Data   RW         2407    .data               mc_w.l(errno.o)
    0x2000004c   0x00000280   Zero   RW          117    .bss                main.o
    0x200002cc   0x000000fc   Zero   RW          299    .bss                stm_loader.o
    0x200003c8   0x00000400   Zero   RW            1    STACK               startup_stm32f10x_hd.o


==============================================================================

Image component sizes


      Code (inc. data)   RO Data    RW Data    ZI Data      Debug   Object Name

      1872        102          0          6          0      11344   diskio.o
      4866         44          0          6          0      24122   ff.o
       910         56          0          0          0       3931   hardware_config.o
       312         44          0         12        640     210435   main.o
      1014          8          0          0          0       7526   minini.o
       132         22          0          0          0       1679   misc.o
        36          8        304          0       1024        936   startup_stm32f10x_hd.o
       304          0          0          0          0       3860   stm32f10x_gpio.o
       110         12          0          0          0       4560   stm32f10x_it.o
       276         32          0         20          0       4630   stm32f10x_rcc.o
       136          0          0          0          0       4665   stm32f10x_spi.o
       446         62          0          0          0       6428   stm32f10x_tim.o
       240          6          0          0          0       2969   stm32f10x_usart.o
       632         90          0          0        252       6074   stm_loader.o
       328         28          0         20          0      58029   system_stm32f10x.o
       124         14          0          4          0       1858   uart.o

    ----------------------------------------------------------------------
     11750        528        336         72       1916     353046   Object Totals
         0          0         32          0          0          0   (incl. Generated)
        12          0          0          4          0          0   (incl. Padding)

    ----------------------------------------------------------------------

      Code (inc. data)   RO Data    RW Data    ZI Data      Debug   Library Member Name

        28          0          0          0          0         68   _chval.o
       158          0          0          0          0         92   _strtoul.o
         8          4        133          0          0         68   ctype_o.o
         0          0          0          0          0          0   entry.o
         0          0          0          0          0          0   entry10a.o
         0          0          0          0          0          0   entry11a.o
         8          4          0          0          0          0   entry2.o
         4          0          0          0          0          0   entry5.o
         0          0          0          0          0          0   entry7b.o
         0          0          0          0          0          0   entry8b.o
         8          4          0          0          0          0   entry9a.o
         8          4          0          4          0         68   errno.o
        30          0          0          0          0          0   handlers.o
        36          8          0          0          0         68   init.o
        36          0          0          0          0        108   memseta.o
        20          0          0          0          0         68   strchr.o
        14          0          0          0          0         68   strlen.o
        30          0          0          0          0         80   strncmp.o
       112          0          0          0          0         88   strtol.o
        12          0          0          0          0         68   toupper.o

    ----------------------------------------------------------------------
       516         24        134          4          0        844   Library Totals
         4          0          1          0          0          0   (incl. Padding)

    ----------------------------------------------------------------------

      Code (inc. data)   RO Data    RW Data    ZI Data      Debug   Library Name

       512         24        133          4          0        844   mc_w.l

    ----------------------------------------------------------------------
       516         24        134          4          0        844   Library Totals

    ----------------------------------------------------------------------

==============================================================================


      Code (inc. data)   RO Data    RW Data    ZI Data      Debug   

     12266        552        470         76       1916     348842   Grand Totals
     12266        552        470         76       1916     348842   ELF Image Totals
     12266        552        470         76          0          0   ROM Totals

==============================================================================

    Total RO  Size (Code + RO Data)                12736 (  12.44kB)
    Total RW  Size (RW Data + ZI Data)              1992 (   1.95kB)
    Total ROM Size (Code + RO Data + RW Data)      12812 (  12.51kB)

==============================================================================

