<html>
<body>
<pre>
<h1>µVision Build Log</h1>
<h2>Tool Versions:</h2>
IDE-Version: µVision V5.13.0.0
Copyright (C) 2014 ARM Ltd and ARM Germany GmbH. All rights reserved.
License Information: Dan Den, China Electronic PLC, LIC=W9645-GN3FC-KTX3H-W2LLH-4SU4D-LHYKT
 
Tool Versions:
Toolchain:       MDK-ARM Professional  Version: 5.13.0.0
Toolchain Path:  C:\Keil_v5\ARM\ARMCC\Bin
C Compiler:      Armcc.exe V5.05 update 1 (build 106)
Assembler:       Armasm.exe V5.05 update 1 (build 106)
Linker/Locator:  ArmLink.exe V5.05 update 1 (build 106)
Library Manager: ArmAr.exe V5.05 update 1 (build 106)
Hex Converter:   FromElf.exe V5.05 update 1 (build 106)
CPU DLL:         SARMCM3.DLL V5.13.0.0
Dialog DLL:      DCM.DLL V1.13.1.0
Target DLL:      UL2CM3.DLL V1.154.12.0
Dialog DLL:      TCM.DLL V1.14.4.0
 
<h2>Project:</h2>
D:\MyWORK\STM32_DENKOV\FatFS-SPI-stm32f103\Libraries\IAP\stsw-stm32008\STM32F10x_AN2557_FW_V3.3.0\Project\IAP\MDK-ARM\IAP.uvprojx
Project File Date:  04/18/2015

<h2>Output:</h2>
Rebuild target 'STM32100E-EVAL'
compiling common.c...
compiling download.c...
compiling main.c...
compiling stm32f10x_it.c...
compiling ymodem.c...
compiling upload.c...
compiling stm32f10x_dma.c...
compiling stm32f10x_exti.c...
compiling stm32f10x_flash.c...
compiling stm32f10x_gpio.c...
compiling stm32f10x_i2c.c...
compiling stm32f10x_rcc.c...
compiling stm32f10x_sdio.c...
compiling stm32f10x_spi.c...
compiling stm32f10x_usart.c...
compiling misc.c...
compiling core_cm3.c...
compiling system_stm32f10x.c...
compiling stm32_eval.c...
assembling startup_stm32f10x_hd_vl.s...
linking...
Program Size: Code=5928 RO-data=1048 RW-data=132 ZI-data=3332  
".\STM32100E-EVAL\STM32100E-EVAL.axf" - 0 Error(s), 0 Warning(s).

<h2>Collection of Component include folders:</h2>
  D:\MyWORK\STM32_DENKOV\FatFS-SPI-stm32f103\Libraries\IAP\stsw-stm32008\STM32F10x_AN2557_FW_V3.3.0\Project\IAP\MDK-ARM\RTE
  C:\Keil_v5\ARM\PACK\Keil\STM32F1xx_DFP\1.0.5\Device\Include

<h2>Collection of Component Files used:</h2>
</pre>
</body>
</html>
