Component: ARM Compiler 5.05 update 1 (build 106) Tool: armlink [4d0efa]

==============================================================================

Section Cross References

    startup_stm32f10x_hd.o(RESET) refers to startup_stm32f10x_hd.o(STACK) for __initial_sp
    startup_stm32f10x_hd.o(RESET) refers to startup_stm32f10x_hd.o(.text) for Reset_Handler
    startup_stm32f10x_hd.o(RESET) refers to stm32f10x_it.o(i.NMI_Handler) for NMI_Handler
    startup_stm32f10x_hd.o(RESET) refers to stm32f10x_it.o(i.HardFault_Handler) for HardFault_Handler
    startup_stm32f10x_hd.o(RESET) refers to stm32f10x_it.o(i.MemManage_Handler) for MemManage_Handler
    startup_stm32f10x_hd.o(RESET) refers to stm32f10x_it.o(i.BusFault_Handler) for BusFault_Handler
    startup_stm32f10x_hd.o(RESET) refers to stm32f10x_it.o(i.UsageFault_Handler) for UsageFault_Handler
    startup_stm32f10x_hd.o(RESET) refers to stm32f10x_it.o(i.SVC_Handler) for SVC_Handler
    startup_stm32f10x_hd.o(RESET) refers to stm32f10x_it.o(i.DebugMon_Handler) for DebugMon_Handler
    startup_stm32f10x_hd.o(RESET) refers to stm32f10x_it.o(i.PendSV_Handler) for PendSV_Handler
    startup_stm32f10x_hd.o(RESET) refers to stm32f10x_it.o(i.SysTick_Handler) for SysTick_Handler
    startup_stm32f10x_hd.o(RESET) refers to stm32f10x_it.o(i.TIM2_IRQHandler) for TIM2_IRQHandler
    startup_stm32f10x_hd.o(.text) refers to system_stm32f10x.o(i.SystemInit) for SystemInit
    startup_stm32f10x_hd.o(.text) refers to entry.o(.ARM.Collect$$$$00000000) for __main
    system_stm32f10x.o(i.SetSysClock) refers to system_stm32f10x.o(i.SetSysClockTo72) for SetSysClockTo72
    system_stm32f10x.o(i.SystemCoreClockUpdate) refers to system_stm32f10x.o(.data) for SystemCoreClock
    system_stm32f10x.o(i.SystemInit) refers to system_stm32f10x.o(i.SetSysClock) for SetSysClock
    main.o(i.main) refers to hardware_config.o(i.GPIO_Config) for GPIO_Config
    main.o(i.main) refers to hardware_config.o(i.Timer2_Config) for Timer2_Config
    main.o(i.main) refers to hardware_config.o(i.Timer11_Config) for Timer11_Config
    main.o(i.main) refers to stm32f10x_tim.o(i.TIM_Cmd) for TIM_Cmd
    main.o(i.main) refers to hardware_config.o(i.USART1_Config) for USART1_Config
    main.o(i.main) refers to stm32f10x_gpio.o(i.GPIO_SetBits) for GPIO_SetBits
    main.o(i.main) refers to stm32f10x_gpio.o(i.GPIO_ReadInputDataBit) for GPIO_ReadInputDataBit
    main.o(i.main) refers to stm32f10x_gpio.o(i.GPIO_ResetBits) for GPIO_ResetBits
    main.o(i.main) refers to hardware_config.o(i.Delay) for Delay
    main.o(i.main) refers to stm_loader.o(i.SyncEraseSTM) for SyncEraseSTM
    main.o(i.main) refers to ff.o(i.f_mount) for f_mount
    main.o(i.main) refers to stm_loader.o(i.GetLoaderFN) for GetLoaderFN
    main.o(i.main) refers to stm_loader.o(i.WriteHEXtoSTM) for WriteHEXtoSTM
    main.o(i.main) refers to memcpya.o(.text) for __aeabi_memcpy4
    main.o(i.main) refers to uart.o(i.UartGetStringEx) for UartGetStringEx
    main.o(i.main) refers to strstr.o(.text) for strstr
    main.o(i.main) refers to card_utl.o(i.Card_UTL) for Card_UTL
    main.o(i.main) refers to main.o(.data) for beep
    main.o(i.main) refers to main.o(.bss) for fs
    stm32f10x_it.o(i.TIM2_IRQHandler) refers to stm32f10x_tim.o(i.TIM_GetITStatus) for TIM_GetITStatus
    stm32f10x_it.o(i.TIM2_IRQHandler) refers to stm32f10x_tim.o(i.TIM_ClearITPendingBit) for TIM_ClearITPendingBit
    stm32f10x_it.o(i.TIM2_IRQHandler) refers to stm32f10x_tim.o(i.TIM_Cmd) for TIM_Cmd
    stm32f10x_it.o(i.TIM2_IRQHandler) refers to main.o(.data) for beep
    stm32f10x_it.o(i.TIM2_IRQHandler) refers to uart.o(.data) for nTick
    stm32f10x_it.o(i.TIM2_IRQHandler) refers to diskio.o(.data) for SD_timer1
    hardware_config.o(i.GPIO_Config) refers to stm32f10x_rcc.o(i.RCC_APB2PeriphClockCmd) for RCC_APB2PeriphClockCmd
    hardware_config.o(i.GPIO_Config) refers to stm32f10x_rcc.o(i.RCC_APB1PeriphClockCmd) for RCC_APB1PeriphClockCmd
    hardware_config.o(i.GPIO_Config) refers to stm32f10x_gpio.o(i.GPIO_Init) for GPIO_Init
    hardware_config.o(i.GPIO_Config) refers to stm32f10x_gpio.o(i.GPIO_SetBits) for GPIO_SetBits
    hardware_config.o(i.GPIO_Config) refers to stm32f10x_spi.o(i.SPI_Init) for SPI_Init
    hardware_config.o(i.GPIO_Config) refers to stm32f10x_spi.o(i.SPI_CalculateCRC) for SPI_CalculateCRC
    hardware_config.o(i.GPIO_Config) refers to stm32f10x_spi.o(i.SPI_Cmd) for SPI_Cmd
    hardware_config.o(i.GPIO_Config) refers to stm32f10x_spi.o(i.SPI_I2S_GetFlagStatus) for SPI_I2S_GetFlagStatus
    hardware_config.o(i.GPIO_Config) refers to stm32f10x_spi.o(i.SPI_I2S_SendData) for SPI_I2S_SendData
    hardware_config.o(i.GPIO_Config) refers to stm32f10x_spi.o(i.SPI_I2S_ReceiveData) for SPI_I2S_ReceiveData
    hardware_config.o(i.Timer11_Config) refers to stm32f10x_tim.o(i.TIM_TimeBaseInit) for TIM_TimeBaseInit
    hardware_config.o(i.Timer11_Config) refers to stm32f10x_tim.o(i.TIM_OC1Init) for TIM_OC1Init
[...]
    printfa.o(i.__0vprintf) refers to printfa.o(i._printf_core) for _printf_core
    printfa.o(i.__0vprintf) refers to hardware_config.o(i.fputc) for fputc
    printfa.o(i.__0vprintf) refers to stdout.o(.data) for __stdout
    printfa.o(i.__0vsnprintf) refers (Special) to iusefp.o(.text) for __I$use$fp
    printfa.o(i.__0vsnprintf) refers to printfa.o(i._printf_core) for _printf_core
    printfa.o(i.__0vsnprintf) refers to printfa.o(i._snputc) for _snputc
    printfa.o(i.__0vsprintf) refers (Special) to iusefp.o(.text) for __I$use$fp
    printfa.o(i.__0vsprintf) refers to printfa.o(i._printf_core) for _printf_core
    printfa.o(i.__0vsprintf) refers to printfa.o(i._sputc) for _sputc
    printfa.o(i._fp_digits) refers (Special) to iusefp.o(.text) for __I$use$fp
    printfa.o(i._fp_digits) refers to dmul.o(.text) for __aeabi_dmul
    printfa.o(i._fp_digits) refers to ddiv.o(.text) for __aeabi_ddiv
    printfa.o(i._fp_digits) refers to cdrcmple.o(.text) for __aeabi_cdrcmple
    printfa.o(i._fp_digits) refers to dadd.o(.text) for __aeabi_dadd
    printfa.o(i._fp_digits) refers to dfixul.o(.text) for __aeabi_d2ulz
    printfa.o(i._fp_digits) refers to uldiv.o(.text) for __aeabi_uldivmod
    printfa.o(i._printf_core) refers (Special) to iusefp.o(.text) for __I$use$fp
    printfa.o(i._printf_core) refers to printfa.o(i._printf_pre_padding) for _printf_pre_padding
    printfa.o(i._printf_core) refers to uldiv.o(.text) for __aeabi_uldivmod
    printfa.o(i._printf_core) refers to printfa.o(i._printf_post_padding) for _printf_post_padding
    printfa.o(i._printf_core) refers to printfa.o(i._fp_digits) for _fp_digits
    printfa.o(i._printf_core) refers to uidiv.o(.text) for __aeabi_uidivmod
    printfa.o(i._printf_post_padding) refers (Special) to iusefp.o(.text) for __I$use$fp
    printfa.o(i._printf_pre_padding) refers (Special) to iusefp.o(.text) for __I$use$fp
    printfa.o(i._snputc) refers (Special) to iusefp.o(.text) for __I$use$fp
    printfa.o(i._sputc) refers (Special) to iusefp.o(.text) for __I$use$fp
    strtol.o(.text) refers to ctype_o.o(.text) for __rt_ctype_table
    strtol.o(.text) refers to _strtoul.o(.text) for _strtoul
    strtol.o(.text) refers to errno.o(i.__aeabi_errno_addr) for __aeabi_errno_addr
    entry2.o(.ARM.Collect$$$$00000001) refers to entry2.o(.ARM.Collect$$$$00002712) for __lit__00000000
    entry2.o(.ARM.Collect$$$$00002712) refers to startup_stm32f10x_hd.o(STACK) for __initial_sp
    entry2.o(__vectab_stack_and_reset_area) refers to startup_stm32f10x_hd.o(STACK) for __initial_sp
    entry2.o(__vectab_stack_and_reset_area) refers to entry.o(.ARM.Collect$$$$00000000) for __main
    entry5.o(.ARM.Collect$$$$00000004) refers to init.o(.text) for __scatterload
    entry9a.o(.ARM.Collect$$$$0000000B) refers to main.o(i.main) for main
    entry9b.o(.ARM.Collect$$$$0000000C) refers to main.o(i.main) for main
    uldiv.o(.text) refers to llushr.o(.text) for __aeabi_llsr
    uldiv.o(.text) refers to llshl.o(.text) for __aeabi_llsl
    ctype_o.o(.text) refers to ctype_o.o(.constdata) for .constdata
    ctype_o.o(.constdata) refers to ctype_o.o(.constdata) for __ctype_table
    isalnum_o.o(.text) refers to ctype_o.o(.text) for __rt_ctype_table
    isalpha_o.o(.text) refers to ctype_o.o(.text) for __rt_ctype_table
    isblank_o.o(.text) refers to ctype_o.o(.constdata) for __ctype_table
    iscntrl_o.o(.text) refers to ctype_o.o(.text) for __rt_ctype_table
    isdigit_o.o(.text) refers to ctype_o.o(.text) for __rt_ctype_table
    isgraph_o.o(.text) refers to ctype_o.o(.text) for __rt_ctype_table
    islower_o.o(.text) refers to ctype_o.o(.text) for __rt_ctype_table
    isprint_o.o(.text) refers to ctype_o.o(.text) for __rt_ctype_table
    ispunct_o.o(.text) refers to ctype_o.o(.text) for __rt_ctype_table
    isspace_o.o(.text) refers to ctype_o.o(.text) for __rt_ctype_table
    isupper_o.o(.text) refers to ctype_o.o(.text) for __rt_ctype_table
    isxdigit_o.o(.text) refers to ctype_o.o(.text) for __rt_ctype_table
    errno.o(i.__aeabi_errno_addr) refers to errno.o(.data) for .data
    errno.o(i.__read_errno) refers to errno.o(.data) for .data
    errno.o(i.__set_errno) refers to errno.o(.data) for .data
    _strtoul.o(.text) refers to _chval.o(.text) for _chval
    _strtoul.o(.text) refers to errno.o(i.__aeabi_errno_addr) for __aeabi_errno_addr
    dadd.o(.text) refers to llshl.o(.text) for __aeabi_llsl
    dadd.o(.text) refers to llsshr.o(.text) for __aeabi_lasr
    dadd.o(.text) refers to depilogue.o(.text) for _double_epilogue
    dmul.o(.text) refers to depilogue.o(.text) for _double_epilogue
    ddiv.o(.text) refers to depilogue.o(.text) for _double_round
    dfixul.o(.text) refers to llushr.o(.text) for __aeabi_llsr
    dfixul.o(.text) refers to llshl.o(.text) for __aeabi_llsl
    init.o(.text) refers to entry5.o(.ARM.Collect$$$$00000004) for __main_after_scatterload
    depilogue.o(.text) refers to llshl.o(.text) for __aeabi_llsl
    depilogue.o(.text) refers to llushr.o(.text) for __aeabi_llsr


==============================================================================

Removing Unused input sections from the image.

    Removing startup_stm32f10x_hd.o(HEAP), (512 bytes).
    Removing system_stm32f10x.o(i.SystemCoreClockUpdate), (164 bytes).
    Removing core_cm3.o(.emb_text), (32 bytes).
    Removing stm32f10x_it.o(.data), (2 bytes).
    Removing stm_loader.o(i.Protect), (42 bytes).
    Removing stm_loader.o(i.UnProtect), (48 bytes).
    Removing stm_loader.o(i.ini_rename), (34 bytes).
    Removing uart.o(i.ConsoleGetLineEx), (308 bytes).
    Removing uart.o(i.UartDisable), (16 bytes).
    Removing uart.o(i.UartEnable), (16 bytes).
    Removing uart.o(i.UartFix), (24 bytes).
    Removing uart.o(i.UartGetData), (96 bytes).
    Removing uart.o(i.UartPutData), (64 bytes).
    Removing uart.o(i.UartPutString), (56 bytes).
    Removing misc.o(i.NVIC_SetVectorTable), (20 bytes).
    Removing misc.o(i.NVIC_SystemLPConfig), (32 bytes).
    Removing misc.o(i.SysTick_CLKSourceConfig), (40 bytes).
    Removing stm32f10x_rcc.o(i.RCC_ADCCLKConfig), (24 bytes).
    Removing stm32f10x_rcc.o(i.RCC_AHBPeriphClockCmd), (32 bytes).
    Removing stm32f10x_rcc.o(i.RCC_APB1PeriphResetCmd), (32 bytes).
    Removing stm32f10x_rcc.o(i.RCC_APB2PeriphResetCmd), (32 bytes).
    Removing stm32f10x_rcc.o(i.RCC_AdjustHSICalibrationValue), (24 bytes).
    Removing stm32f10x_rcc.o(i.RCC_BackupResetCmd), (12 bytes).
    Removing stm32f10x_rcc.o(i.RCC_ClearFlag), (20 bytes).
    Removing stm32f10x_rcc.o(i.RCC_ClearITPendingBit), (12 bytes).
    Removing stm32f10x_rcc.o(i.RCC_ClockSecuritySystemCmd), (12 bytes).
    Removing stm32f10x_rcc.o(i.RCC_DeInit), (76 bytes).
    Removing stm32f10x_rcc.o(i.RCC_GetFlagStatus), (60 bytes).
    Removing stm32f10x_rcc.o(i.RCC_GetITStatus), (24 bytes).
    Removing stm32f10x_rcc.o(i.RCC_GetSYSCLKSource), (16 bytes).
    Removing stm32f10x_rcc.o(i.RCC_HCLKConfig), (24 bytes).
    Removing stm32f10x_rcc.o(i.RCC_HSEConfig), (76 bytes).
    Removing stm32f10x_rcc.o(i.RCC_HSICmd), (12 bytes).
    Removing stm32f10x_rcc.o(i.RCC_ITConfig), (32 bytes).
    Removing stm32f10x_rcc.o(i.RCC_LSEConfig), (52 bytes).
    Removing stm32f10x_rcc.o(i.RCC_LSICmd), (12 bytes).
    Removing stm32f10x_rcc.o(i.RCC_MCOConfig), (12 bytes).
    Removing stm32f10x_rcc.o(i.RCC_PCLK1Config), (24 bytes).
    Removing stm32f10x_rcc.o(i.RCC_PCLK2Config), (24 bytes).
    Removing stm32f10x_rcc.o(i.RCC_PLLCmd), (12 bytes).
    Removing stm32f10x_rcc.o(i.RCC_PLLConfig), (28 bytes).
    Removing stm32f10x_rcc.o(i.RCC_RTCCLKCmd), (12 bytes).
    Removing stm32f10x_rcc.o(i.RCC_RTCCLKConfig), (16 bytes).
    Removing stm32f10x_rcc.o(i.RCC_SYSCLKConfig), (24 bytes).
    Removing stm32f10x_rcc.o(i.RCC_USBCLKConfig), (12 bytes).
    Removing stm32f10x_rcc.o(i.RCC_WaitForHSEStartUp), (56 bytes).
    Removing stm32f10x_flash.o(i.FLASH_BootConfig), (120 bytes).
    Removing stm32f10x_flash.o(i.FLASH_ClearFlag), (24 bytes).
    Removing stm32f10x_flash.o(i.FLASH_EnableWriteProtection), (196 bytes).
    Removing stm32f10x_flash.o(i.FLASH_EraseAllBank1Pages), (72 bytes).
    Removing stm32f10x_flash.o(i.FLASH_EraseAllBank2Pages), (72 bytes).
    Removing stm32f10x_flash.o(i.FLASH_EraseAllPages), (124 bytes).
    Removing stm32f10x_flash.o(i.FLASH_EraseOptionBytes), (168 bytes).
    Removing stm32f10x_flash.o(i.FLASH_ErasePage), (152 bytes).
    Removing stm32f10x_flash.o(i.FLASH_GetBank1Status), (52 bytes).
    Removing stm32f10x_flash.o(i.FLASH_GetBank2Status), (52 bytes).
    Removing stm32f10x_flash.o(i.FLASH_GetFlagStatus), (68 bytes).
    Removing stm32f10x_flash.o(i.FLASH_GetPrefetchBufferStatus), (24 bytes).
    Removing stm32f10x_flash.o(i.FLASH_GetReadOutProtectionStatus), (24 bytes).
    Removing stm32f10x_flash.o(i.FLASH_GetStatus), (52 bytes).
    Removing stm32f10x_flash.o(i.FLASH_GetUserOptionByte), (12 bytes).
    Removing stm32f10x_flash.o(i.FLASH_GetWriteProtectionOptionByte), (12 bytes).
    Removing stm32f10x_flash.o(i.FLASH_HalfCycleAccessCmd), (28 bytes).
    Removing stm32f10x_flash.o(i.FLASH_ITConfig), (72 bytes).
    Removing stm32f10x_flash.o(i.FLASH_Lock), (28 bytes).
    Removing stm32f10x_flash.o(i.FLASH_LockBank1), (20 bytes).
    Removing stm32f10x_flash.o(i.FLASH_LockBank2), (20 bytes).
    Removing stm32f10x_flash.o(i.FLASH_PrefetchBufferCmd), (28 bytes).
    Removing stm32f10x_flash.o(i.FLASH_ProgramHalfWord), (116 bytes).
    Removing stm32f10x_flash.o(i.FLASH_ProgramOptionByteData), (84 bytes).
    Removing stm32f10x_flash.o(i.FLASH_ProgramWord), (356 bytes).
    Removing stm32f10x_flash.o(i.FLASH_ReadOutProtection), (172 bytes).
    Removing stm32f10x_flash.o(i.FLASH_SetLatency), (24 bytes).
    Removing stm32f10x_flash.o(i.FLASH_Unlock), (32 bytes).
    Removing stm32f10x_flash.o(i.FLASH_UnlockBank1), (24 bytes).
    Removing stm32f10x_flash.o(i.FLASH_UnlockBank2), (24 bytes).
    Removing stm32f10x_flash.o(i.FLASH_UserOptionByteConfig), (104 bytes).
    Removing stm32f10x_flash.o(i.FLASH_WaitForLastBank1Operation), (38 bytes).
    Removing stm32f10x_flash.o(i.FLASH_WaitForLastBank2Operation), (38 bytes).
    Removing stm32f10x_flash.o(i.FLASH_WaitForLastOperation), (38 bytes).
    Removing stm32f10x_gpio.o(i.GPIO_AFIODeInit), (20 bytes).
    Removing stm32f10x_gpio.o(i.GPIO_DeInit), (200 bytes).
    Removing stm32f10x_gpio.o(i.GPIO_ETH_MediaInterfaceConfig), (12 bytes).
    Removing stm32f10x_gpio.o(i.GPIO_EXTILineConfig), (64 bytes).
    Removing stm32f10x_gpio.o(i.GPIO_EventOutputCmd), (12 bytes).
    Removing stm32f10x_gpio.o(i.GPIO_EventOutputConfig), (32 bytes).
    Removing stm32f10x_gpio.o(i.GPIO_PinLockConfig), (18 bytes).
    Removing stm32f10x_gpio.o(i.GPIO_PinRemapConfig), (144 bytes).
    Removing stm32f10x_gpio.o(i.GPIO_ReadInputData), (8 bytes).
    Removing stm32f10x_gpio.o(i.GPIO_ReadOutputData), (8 bytes).
    Removing stm32f10x_gpio.o(i.GPIO_ReadOutputDataBit), (18 bytes).
    Removing stm32f10x_gpio.o(i.GPIO_StructInit), (16 bytes).
    Removing stm32f10x_gpio.o(i.GPIO_Write), (4 bytes).
    Removing stm32f10x_gpio.o(i.GPIO_WriteBit), (10 bytes).
    Removing stm32f10x_spi.o(i.I2S_Cmd), (24 bytes).
    Removing stm32f10x_spi.o(i.I2S_Init), (232 bytes).
    Removing stm32f10x_spi.o(i.I2S_StructInit), (20 bytes).
    Removing stm32f10x_spi.o(i.SPI_BiDirectionalLineConfig), (28 bytes).
    Removing stm32f10x_spi.o(i.SPI_DataSizeConfig), (18 bytes).
    Removing stm32f10x_spi.o(i.SPI_GetCRC), (16 bytes).
    Removing stm32f10x_spi.o(i.SPI_GetCRCPolynomial), (6 bytes).
    Removing stm32f10x_spi.o(i.SPI_I2S_ClearFlag), (6 bytes).
    Removing stm32f10x_spi.o(i.SPI_I2S_ClearITPendingBit), (20 bytes).
    Removing stm32f10x_spi.o(i.SPI_I2S_DMACmd), (18 bytes).
    Removing stm32f10x_spi.o(i.SPI_I2S_DeInit), (88 bytes).
    Removing stm32f10x_spi.o(i.SPI_I2S_GetITStatus), (52 bytes).
    Removing stm32f10x_spi.o(i.SPI_I2S_ITConfig), (32 bytes).
    Removing stm32f10x_spi.o(i.SPI_NSSInternalSoftwareConfig), (30 bytes).
    Removing stm32f10x_spi.o(i.SPI_SSOutputCmd), (24 bytes).
    Removing stm32f10x_spi.o(i.SPI_StructInit), (24 bytes).
    Removing stm32f10x_spi.o(i.SPI_TransmitCRC), (10 bytes).
    Removing stm32f10x_tim.o(i.TI1_Config), (128 bytes).
    Removing stm32f10x_tim.o(i.TI2_Config), (152 bytes).
    Removing stm32f10x_tim.o(i.TI3_Config), (144 bytes).
    Removing stm32f10x_tim.o(i.TI4_Config), (152 bytes).
    Removing stm32f10x_tim.o(i.TIM_BDTRConfig), (32 bytes).
    Removing stm32f10x_tim.o(i.TIM_BDTRStructInit), (18 bytes).
    Removing stm32f10x_tim.o(i.TIM_CCPreloadControl), (24 bytes).
    Removing stm32f10x_tim.o(i.TIM_CCxCmd), (30 bytes).
    Removing stm32f10x_tim.o(i.TIM_CCxNCmd), (30 bytes).
    Removing stm32f10x_tim.o(i.TIM_ClearFlag), (6 bytes).
    Removing stm32f10x_tim.o(i.TIM_ClearOC1Ref), (18 bytes).
    Removing stm32f10x_tim.o(i.TIM_ClearOC2Ref), (24 bytes).
    Removing stm32f10x_tim.o(i.TIM_ClearOC3Ref), (18 bytes).
    Removing stm32f10x_tim.o(i.TIM_ClearOC4Ref), (24 bytes).
    Removing stm32f10x_tim.o(i.TIM_CounterModeConfig), (18 bytes).
    Removing stm32f10x_tim.o(i.TIM_CtrlPWMOutputs), (30 bytes).
    Removing stm32f10x_tim.o(i.TIM_DMACmd), (18 bytes).
    Removing stm32f10x_tim.o(i.TIM_DMAConfig), (10 bytes).
    Removing stm32f10x_tim.o(i.TIM_DeInit), (488 bytes).
    Removing stm32f10x_tim.o(i.TIM_ETRClockMode1Config), (54 bytes).
    Removing stm32f10x_tim.o(i.TIM_ETRClockMode2Config), (32 bytes).
    Removing stm32f10x_tim.o(i.TIM_ETRConfig), (28 bytes).
    Removing stm32f10x_tim.o(i.TIM_EncoderInterfaceConfig), (66 bytes).
    Removing stm32f10x_tim.o(i.TIM_ForcedOC1Config), (18 bytes).
    Removing stm32f10x_tim.o(i.TIM_ForcedOC2Config), (26 bytes).
    Removing stm32f10x_tim.o(i.TIM_ForcedOC3Config), (18 bytes).
    Removing stm32f10x_tim.o(i.TIM_ForcedOC4Config), (26 bytes).
    Removing stm32f10x_tim.o(i.TIM_GenerateEvent), (4 bytes).
    Removing stm32f10x_tim.o(i.TIM_GetCapture1), (6 bytes).
    Removing stm32f10x_tim.o(i.TIM_GetCapture2), (6 bytes).
    Removing stm32f10x_tim.o(i.TIM_GetCapture3), (6 bytes).
    Removing stm32f10x_tim.o(i.TIM_GetCapture4), (8 bytes).
    Removing stm32f10x_tim.o(i.TIM_GetCounter), (6 bytes).
    Removing stm32f10x_tim.o(i.TIM_GetFlagStatus), (18 bytes).
    Removing stm32f10x_tim.o(i.TIM_GetPrescaler), (6 bytes).
    Removing stm32f10x_tim.o(i.TIM_ICInit), (172 bytes).
    Removing stm32f10x_tim.o(i.TIM_ICStructInit), (18 bytes).
    Removing stm32f10x_tim.o(i.TIM_ITRxExternalClockConfig), (24 bytes).
    Removing stm32f10x_tim.o(i.TIM_InternalClockConfig), (12 bytes).
    Removing stm32f10x_tim.o(i.TIM_OC1FastConfig), (18 bytes).
    Removing stm32f10x_tim.o(i.TIM_OC1NPolarityConfig), (18 bytes).
    Removing stm32f10x_tim.o(i.TIM_OC1PolarityConfig), (18 bytes).
    Removing stm32f10x_tim.o(i.TIM_OC2FastConfig), (26 bytes).
    Removing stm32f10x_tim.o(i.TIM_OC2Init), (164 bytes).
    Removing stm32f10x_tim.o(i.TIM_OC2NPolarityConfig), (26 bytes).
    Removing stm32f10x_tim.o(i.TIM_OC2PolarityConfig), (26 bytes).
    Removing stm32f10x_tim.o(i.TIM_OC2PreloadConfig), (26 bytes).
    Removing stm32f10x_tim.o(i.TIM_OC3FastConfig), (18 bytes).
    Removing stm32f10x_tim.o(i.TIM_OC3Init), (160 bytes).
    Removing stm32f10x_tim.o(i.TIM_OC3NPolarityConfig), (26 bytes).
    Removing stm32f10x_tim.o(i.TIM_OC3PolarityConfig), (26 bytes).
    Removing stm32f10x_tim.o(i.TIM_OC3PreloadConfig), (18 bytes).
    Removing stm32f10x_tim.o(i.TIM_OC4FastConfig), (26 bytes).
    Removing stm32f10x_tim.o(i.TIM_OC4Init), (124 bytes).
    Removing stm32f10x_tim.o(i.TIM_OC4PolarityConfig), (26 bytes).
    Removing stm32f10x_tim.o(i.TIM_OC4PreloadConfig), (26 bytes).
    Removing stm32f10x_tim.o(i.TIM_OCStructInit), (20 bytes).
    Removing stm32f10x_tim.o(i.TIM_PWMIConfig), (124 bytes).
    Removing stm32f10x_tim.o(i.TIM_SelectCCDMA), (24 bytes).
    Removing stm32f10x_tim.o(i.TIM_SelectCOM), (24 bytes).
    Removing stm32f10x_tim.o(i.TIM_SelectHallSensor), (24 bytes).
    Removing stm32f10x_tim.o(i.TIM_SelectInputTrigger), (18 bytes).
    Removing stm32f10x_tim.o(i.TIM_SelectMasterSlaveMode), (18 bytes).
    Removing stm32f10x_tim.o(i.TIM_SelectOCxM), (82 bytes).
    Removing stm32f10x_tim.o(i.TIM_SelectOnePulseMode), (18 bytes).
    Removing stm32f10x_tim.o(i.TIM_SelectOutputTrigger), (18 bytes).
    Removing stm32f10x_tim.o(i.TIM_SelectSlaveMode), (18 bytes).
    Removing stm32f10x_tim.o(i.TIM_SetAutoreload), (4 bytes).
    Removing stm32f10x_tim.o(i.TIM_SetClockDivision), (18 bytes).
    Removing stm32f10x_tim.o(i.TIM_SetCompare1), (4 bytes).
    Removing stm32f10x_tim.o(i.TIM_SetCompare2), (4 bytes).
    Removing stm32f10x_tim.o(i.TIM_SetCompare3), (4 bytes).
    Removing stm32f10x_tim.o(i.TIM_SetCompare4), (6 bytes).
    Removing stm32f10x_tim.o(i.TIM_SetCounter), (4 bytes).
    Removing stm32f10x_tim.o(i.TIM_SetIC1Prescaler), (18 bytes).
    Removing stm32f10x_tim.o(i.TIM_SetIC2Prescaler), (26 bytes).
    Removing stm32f10x_tim.o(i.TIM_SetIC3Prescaler), (18 bytes).
    Removing stm32f10x_tim.o(i.TIM_SetIC4Prescaler), (26 bytes).
    Removing stm32f10x_tim.o(i.TIM_TIxExternalClockConfig), (62 bytes).
    Removing stm32f10x_tim.o(i.TIM_TimeBaseStructInit), (18 bytes).
    Removing stm32f10x_tim.o(i.TIM_UpdateDisableConfig), (24 bytes).
    Removing stm32f10x_tim.o(i.TIM_UpdateRequestConfig), (24 bytes).
    Removing stm32f10x_usart.o(i.USART_ClearFlag), (18 bytes).
    Removing stm32f10x_usart.o(i.USART_ClearITPendingBit), (30 bytes).
    Removing stm32f10x_usart.o(i.USART_ClockInit), (34 bytes).
    Removing stm32f10x_usart.o(i.USART_ClockStructInit), (12 bytes).
    Removing stm32f10x_usart.o(i.USART_DMACmd), (18 bytes).
    Removing stm32f10x_usart.o(i.USART_DeInit), (156 bytes).
    Removing stm32f10x_usart.o(i.USART_GetITStatus), (84 bytes).
    Removing stm32f10x_usart.o(i.USART_HalfDuplexCmd), (24 bytes).
    Removing stm32f10x_usart.o(i.USART_ITConfig), (74 bytes).
    Removing stm32f10x_usart.o(i.USART_IrDACmd), (24 bytes).
    Removing stm32f10x_usart.o(i.USART_IrDAConfig), (18 bytes).
    Removing stm32f10x_usart.o(i.USART_LINBreakDetectLengthConfig), (18 bytes).
    Removing stm32f10x_usart.o(i.USART_LINCmd), (24 bytes).
    Removing stm32f10x_usart.o(i.USART_OneBitMethodCmd), (24 bytes).
    Removing stm32f10x_usart.o(i.USART_OverSampling8Cmd), (22 bytes).
    Removing stm32f10x_usart.o(i.USART_ReceiveData), (10 bytes).
    Removing stm32f10x_usart.o(i.USART_ReceiverWakeUpCmd), (24 bytes).
    Removing stm32f10x_usart.o(i.USART_SendBreak), (10 bytes).
    Removing stm32f10x_usart.o(i.USART_SetAddress), (18 bytes).
    Removing stm32f10x_usart.o(i.USART_SetGuardTime), (16 bytes).
    Removing stm32f10x_usart.o(i.USART_SetPrescaler), (16 bytes).
    Removing stm32f10x_usart.o(i.USART_SmartCardCmd), (24 bytes).
    Removing stm32f10x_usart.o(i.USART_SmartCardNACKCmd), (24 bytes).
    Removing stm32f10x_usart.o(i.USART_StructInit), (24 bytes).
    Removing stm32f10x_usart.o(i.USART_WakeUpConfig), (18 bytes).
    Removing ff.o(i.dir_read), (86 bytes).
    Removing ff.o(i.dir_remove), (44 bytes).
    Removing ff.o(i.f_chmod), (84 bytes).
    Removing ff.o(i.f_getfree), (276 bytes).
    Removing ff.o(i.f_lseek), (432 bytes).
    Removing ff.o(i.f_mkdir), (384 bytes).
    Removing ff.o(i.f_opendir), (110 bytes).
    Removing ff.o(i.f_printf), (686 bytes).
    Removing ff.o(i.f_putc), (38 bytes).
    Removing ff.o(i.f_puts), (42 bytes).
    Removing ff.o(i.f_readdir), (88 bytes).
    Removing ff.o(i.f_rename), (290 bytes).
    Removing ff.o(i.f_truncate), (156 bytes).
    Removing ff.o(i.f_unlink), (178 bytes).
    Removing ff.o(i.f_utime), (86 bytes).
    Removing ff.o(i.f_write), (526 bytes).
    Removing minini.o(i.cache_accum), (42 bytes).
    Removing minini.o(i.cache_flush), (140 bytes).
    Removing minini.o(i.check_enquote), (54 bytes).
    Removing minini.o(i.close_rename), (56 bytes).
    Removing minini.o(i.ini_browse), (290 bytes).
    Removing minini.o(i.ini_getbool), (116 bytes).
    Removing minini.o(i.ini_getkey), (104 bytes).
    Removing minini.o(i.ini_getsection), (100 bytes).
    Removing minini.o(i.ini_putl), (36 bytes).
    Removing minini.o(i.ini_puts), (916 bytes).
    Removing minini.o(i.ini_rename), (34 bytes).
    Removing minini.o(i.ini_tempname), (42 bytes).
    Removing minini.o(i.long2str), (82 bytes).
    Removing minini.o(i.strreverse), (34 bytes).
    Removing minini.o(i.writekey), (100 bytes).
    Removing minini.o(i.writesection), (80 bytes).
    Removing dadd.o(.text), (334 bytes).
    Removing dmul.o(.text), (228 bytes).
    Removing ddiv.o(.text), (222 bytes).
    Removing dfixul.o(.text), (48 bytes).
    Removing cdrcmple.o(.text), (48 bytes).
    Removing depilogue.o(.text), (186 bytes).

256 unused section(s) (total 16894 bytes) removed from the image.

==============================================================================

Image Symbol Table

    Local Symbols

    Symbol Name                              Value     Ov Type        Size  Object(Section)

    ../clib/microlib/ctype/ctype.c           0x00000000   Number         0  isblank_o.o ABSOLUTE
    ../clib/microlib/ctype/ctype.c           0x00000000   Number         0  isalpha_o.o ABSOLUTE
    ../clib/microlib/ctype/ctype.c           0x00000000   Number         0  isalnum_o.o ABSOLUTE
    ../clib/microlib/ctype/ctype.c           0x00000000   Number         0  islower_o.o ABSOLUTE
    ../clib/microlib/ctype/ctype.c           0x00000000   Number         0  isgraph_o.o ABSOLUTE
    ../clib/microlib/ctype/ctype.c           0x00000000   Number         0  isdigit_o.o ABSOLUTE
    ../clib/microlib/ctype/ctype.c           0x00000000   Number         0  iscntrl_o.o ABSOLUTE
    ../clib/microlib/ctype/ctype.c           0x00000000   Number         0  isxdigit_o.o ABSOLUTE
    ../clib/microlib/ctype/ctype.c           0x00000000   Number         0  isupper_o.o ABSOLUTE
    ../clib/microlib/ctype/ctype.c           0x00000000   Number         0  ctype_o.o ABSOLUTE
    ../clib/microlib/ctype/ctype.c           0x00000000   Number         0  isspace_o.o ABSOLUTE
    ../clib/microlib/ctype/ctype.c           0x00000000   Number         0  ispunct_o.o ABSOLUTE
    ../clib/microlib/ctype/ctype.c           0x00000000   Number         0  isprint_o.o ABSOLUTE
    ../clib/microlib/ctype/toupper.c         0x00000000   Number         0  toupper.o ABSOLUTE
    ../clib/microlib/division.c              0x00000000   Number         0  uidiv.o ABSOLUTE
    ../clib/microlib/division.c              0x00000000   Number         0  uldiv.o ABSOLUTE
    ../clib/microlib/errno.c                 0x00000000   Number         0  errno.o ABSOLUTE
    ../clib/microlib/init/entry.s            0x00000000   Number         0  entry2.o ABSOLUTE
    ../clib/microlib/init/entry.s            0x00000000   Number         0  entry5.o ABSOLUTE
    ../clib/microlib/init/entry.s            0x00000000   Number         0  entry7a.o ABSOLUTE
    ../clib/microlib/init/entry.s            0x00000000   Number         0  entry.o ABSOLUTE
    ../clib/microlib/init/entry.s            0x00000000   Number         0  entry7b.o ABSOLUTE
    ../clib/microlib/init/entry.s            0x00000000   Number         0  entry8a.o ABSOLUTE
    ../clib/microlib/init/entry.s            0x00000000   Number         0  entry8b.o ABSOLUTE
    ../clib/microlib/init/entry.s            0x00000000   Number         0  entry9a.o ABSOLUTE
    ../clib/microlib/init/entry.s            0x00000000   Number         0  entry11a.o ABSOLUTE
    ../clib/microlib/init/entry.s            0x00000000   Number         0  entry11b.o ABSOLUTE
    ../clib/microlib/init/entry.s            0x00000000   Number         0  entry10a.o ABSOLUTE
    ../clib/microlib/init/entry.s            0x00000000   Number         0  entry10b.o ABSOLUTE
    ../clib/microlib/init/entry.s            0x00000000   Number         0  entry9b.o ABSOLUTE
    ../clib/microlib/longlong.c              0x00000000   Number         0  llsshr.o ABSOLUTE
    ../clib/microlib/longlong.c              0x00000000   Number         0  llushr.o ABSOLUTE
    ../clib/microlib/longlong.c              0x00000000   Number         0  llshl.o ABSOLUTE
    ../clib/microlib/printf/printf.c         0x00000000   Number         0  printf0.o ABSOLUTE
    ../clib/microlib/printf/printf.c         0x00000000   Number         0  printfb.o ABSOLUTE
    ../clib/microlib/printf/printf.c         0x00000000   Number         0  printf8.o ABSOLUTE
    ../clib/microlib/printf/printf.c         0x00000000   Number         0  printf3.o ABSOLUTE
    ../clib/microlib/printf/printf.c         0x00000000   Number         0  printfa.o ABSOLUTE
    ../clib/microlib/printf/printf.c         0x00000000   Number         0  printf7.o ABSOLUTE
    ../clib/microlib/printf/printf.c         0x00000000   Number         0  printf6.o ABSOLUTE
    ../clib/microlib/printf/printf.c         0x00000000   Number         0  printf5.o ABSOLUTE
    ../clib/microlib/printf/printf.c         0x00000000   Number         0  printf4.o ABSOLUTE
    ../clib/microlib/printf/printf.c         0x00000000   Number         0  printf2.o ABSOLUTE
    ../clib/microlib/printf/printf.c         0x00000000   Number         0  printf1.o ABSOLUTE
    ../clib/microlib/printf/stubs.s          0x00000000   Number         0  stubs.o ABSOLUTE
    ../clib/microlib/stdio/streams.c         0x00000000   Number         0  stdout.o ABSOLUTE
    ../clib/microlib/string/memcpy.c         0x00000000   Number         0  memcpya.o ABSOLUTE
    ../clib/microlib/string/memcpy.c         0x00000000   Number         0  memcpyb.o ABSOLUTE
    ../clib/microlib/string/memset.c         0x00000000   Number         0  memseta.o ABSOLUTE
    ../clib/microlib/string/strchr.c         0x00000000   Number         0  strchr.o ABSOLUTE
    ../clib/microlib/string/strcmp.c         0x00000000   Number         0  strcmp.o ABSOLUTE
    ../clib/microlib/string/strcpy.c         0x00000000   Number         0  strcpy.o ABSOLUTE
    ../clib/microlib/string/strlen.c         0x00000000   Number         0  strlen.o ABSOLUTE
    ../clib/microlib/string/strncmp.c        0x00000000   Number         0  strncmp.o ABSOLUTE
    ../clib/microlib/string/strrchr.c        0x00000000   Number         0  strrchr.o ABSOLUTE
    ../clib/microlib/string/strstr.c         0x00000000   Number         0  strstr.o ABSOLUTE
    ../clib/microlib/stubs.s                 0x00000000   Number         0  iusefp.o ABSOLUTE
    ../clib/scanf.c                          0x00000000   Number         0  _chval.o ABSOLUTE
    ../clib/scanf.c                          0x00000000   Number         0  strtol.o ABSOLUTE
    ../clib/scanf.c                          0x00000000   Number         0  _strtoul.o ABSOLUTE
    ../fplib/microlib/fpadd.c                0x00000000   Number         0  dadd.o ABSOLUTE
    ../fplib/microlib/fpdiv.c                0x00000000   Number         0  ddiv.o ABSOLUTE
    ../fplib/microlib/fpepilogue.c           0x00000000   Number         0  depilogue.o ABSOLUTE
    ../fplib/microlib/fpfix.c                0x00000000   Number         0  dfixul.o ABSOLUTE
    ../fplib/microlib/fpmul.c                0x00000000   Number         0  dmul.o ABSOLUTE
    ..\Application\src\card_utl.c            0x00000000   Number         0  card_utl.o ABSOLUTE
    ..\Application\src\hardware_config.c     0x00000000   Number         0  hardware_config.o ABSOLUTE
    ..\Application\src\main.c                0x00000000   Number         0  main.o ABSOLUTE
    ..\Application\src\stm32f10x_it.c        0x00000000   Number         0  stm32f10x_it.o ABSOLUTE
    ..\Application\src\stm_loader.c          0x00000000   Number         0  stm_loader.o ABSOLUTE
    ..\Application\src\uart.c                0x00000000   Number         0  uart.o ABSOLUTE
    ..\Libraries\CMSIS\CM3\CoreSupport\core_cm3.c 0x00000000   Number         0  core_cm3.o ABSOLUTE
    ..\Libraries\CMSIS\CM3\DeviceSupport\ST\STM32F10x\startup\arm\startup_stm32f10x_hd.s 0x00000000   Number         0  startup_stm32f10x_hd.o ABSOLUTE
    ..\Libraries\CMSIS\CM3\DeviceSupport\ST\STM32F10x\system_stm32f10x.c 0x00000000   Number         0  system_stm32f10x.o ABSOLUTE
    ..\Libraries\FatFs_R0.08b\diskio.c       0x00000000   Number         0  diskio.o ABSOLUTE
    ..\Libraries\FatFs_R0.08b\ff.c           0x00000000   Number         0  ff.o ABSOLUTE
    ..\Libraries\STM32F10x_StdPeriph_Driver\src\misc.c 0x00000000   Number         0  misc.o ABSOLUTE
    ..\Libraries\STM32F10x_StdPeriph_Driver\src\stm32f10x_flash.c 0x00000000   Number         0  stm32f10x_flash.o ABSOLUTE
    ..\Libraries\STM32F10x_StdPeriph_Driver\src\stm32f10x_gpio.c 0x00000000   Number         0  stm32f10x_gpio.o ABSOLUTE
    ..\Libraries\STM32F10x_StdPeriph_Driver\src\stm32f10x_rcc.c 0x00000000   Number         0  stm32f10x_rcc.o ABSOLUTE
    ..\Libraries\STM32F10x_StdPeriph_Driver\src\stm32f10x_spi.c 0x00000000   Number         0  stm32f10x_spi.o ABSOLUTE
    ..\Libraries\STM32F10x_StdPeriph_Driver\src\stm32f10x_tim.c 0x00000000   Number         0  stm32f10x_tim.o ABSOLUTE
    ..\Libraries\STM32F10x_StdPeriph_Driver\src\stm32f10x_usart.c 0x00000000   Number         0  stm32f10x_usart.o ABSOLUTE
    ..\Libraries\ini\dev\minIni.c            0x00000000   Number         0  minini.o ABSOLUTE
    ..\\Libraries\\CMSIS\\CM3\\CoreSupport\\core_cm3.c 0x00000000   Number         0  core_cm3.o ABSOLUTE
    cdrcmple.s                               0x00000000   Number         0  cdrcmple.o ABSOLUTE
    dc.s                                     0x00000000   Number         0  dc.o ABSOLUTE
    handlers.s                               0x00000000   Number         0  handlers.o ABSOLUTE
    init.s                                   0x00000000   Number         0  init.o ABSOLUTE
    RESET                                    0x08000000   Section      304  startup_stm32f10x_hd.o(RESET)
    .ARM.Collect$$$$00000000                 0x08000130   Section        0  entry.o(.ARM.Collect$$$$00000000)
    .ARM.Collect$$$$00000001                 0x08000130   Section        4  entry2.o(.ARM.Collect$$$$00000001)
    .ARM.Collect$$$$00000004                 0x08000134   Section        4  entry5.o(.ARM.Collect$$$$00000004)
    .ARM.Collect$$$$00000008                 0x08000138   Section        0  entry7b.o(.ARM.Collect$$$$00000008)
    .ARM.Collect$$$$0000000A                 0x08000138   Section        0  entry8b.o(.ARM.Collect$$$$0000000A)
    .ARM.Collect$$$$0000000B                 0x08000138   Section        8  entry9a.o(.ARM.Collect$$$$0000000B)
    .ARM.Collect$$$$0000000D                 0x08000140   Section        0  entry10a.o(.ARM.Collect$$$$0000000D)
    .ARM.Collect$$$$0000000F                 0x08000140   Section        0  entry11a.o(.ARM.Collect$$$$0000000F)
    .ARM.Collect$$$$00002712                 0x08000140   Section        4  entry2.o(.ARM.Collect$$$$00002712)
    __lit__00000000                          0x08000140   Data           4  entry2.o(.ARM.Collect$$$$00002712)
    .text                                    0x08000144   Section       36  startup_stm32f10x_hd.o(.text)
    .text                                    0x08000168   Section        0  toupper.o(.text)
    .text                                    0x08000174   Section        0  memcpya.o(.text)
    .text                                    0x08000198   Section        0  memseta.o(.text)
    .text                                    0x080001bc   Section        0  strstr.o(.text)
    .text                                    0x080001e0   Section        0  strchr.o(.text)
    .text                                    0x080001f4   Section        0  strlen.o(.text)
    .text                                    0x08000202   Section        0  strncmp.o(.text)
    .text                                    0x08000220   Section        0  strtol.o(.text)
    .text                                    0x08000290   Section        0  ctype_o.o(.text)
    .text                                    0x08000298   Section        0  _strtoul.o(.text)
    .text                                    0x08000338   Section       36  init.o(.text)
    .text                                    0x0800035c   Section        0  _chval.o(.text)
    i.BusFault_Handler                       0x08000378   Section        0  stm32f10x_it.o(i.BusFault_Handler)
    i.Card_UTL                               0x0800037c   Section        0  card_utl.o(i.Card_UTL)
    i.DebugMon_Handler                       0x08000704   Section        0  stm32f10x_it.o(i.DebugMon_Handler)
    i.Delay                                  0x08000706   Section        0  hardware_config.o(i.Delay)
    i.GPIO_Config                            0x08000718   Section        0  hardware_config.o(i.GPIO_Config)
    i.GPIO_Init                              0x080008ac   Section        0  stm32f10x_gpio.o(i.GPIO_Init)
    i.GPIO_ReadInputDataBit                  0x080009c2   Section        0  stm32f10x_gpio.o(i.GPIO_ReadInputDataBit)
    i.GPIO_ResetBits                         0x080009d4   Section        0  stm32f10x_gpio.o(i.GPIO_ResetBits)
    i.GPIO_SetBits                           0x080009d8   Section        0  stm32f10x_gpio.o(i.GPIO_SetBits)
    i.GetLoaderFN                            0x080009dc   Section        0  stm_loader.o(i.GetLoaderFN)
    i.HardFault_Handler                      0x08000a74   Section        0  stm32f10x_it.o(i.HardFault_Handler)
    i.MemManage_Handler                      0x08000a78   Section        0  stm32f10x_it.o(i.MemManage_Handler)
    i.ModifyPWD                              0x08000a7c   Section        0  diskio.o(i.ModifyPWD)
    i.NMI_Handler                            0x08000ae6   Section        0  stm32f10x_it.o(i.NMI_Handler)
    i.NVIC_Init                              0x08000ae8   Section        0  misc.o(i.NVIC_Init)
    i.NVIC_PriorityGroupConfig               0x08000b58   Section        0  misc.o(i.NVIC_PriorityGroupConfig)
    i.PendSV_Handler                         0x08000b6c   Section        0  stm32f10x_it.o(i.PendSV_Handler)
    i.RCC_APB1PeriphClockCmd                 0x08000b70   Section        0  stm32f10x_rcc.o(i.RCC_APB1PeriphClockCmd)
    i.RCC_APB2PeriphClockCmd                 0x08000b90   Section        0  stm32f10x_rcc.o(i.RCC_APB2PeriphClockCmd)
    i.RCC_GetClocksFreq                      0x08000bb0   Section        0  stm32f10x_rcc.o(i.RCC_GetClocksFreq)
    i.ReadCardStatus                         0x08000c84   Section        0  diskio.o(i.ReadCardStatus)
    i.Receive_DataBlock                      0x08000ca4   Section        0  diskio.o(i.Receive_DataBlock)
    Receive_DataBlock                        0x08000ca5   Thumb Code    78  diskio.o(i.Receive_DataBlock)
    i.SPI_CalculateCRC                       0x08000cf8   Section        0  stm32f10x_spi.o(i.SPI_CalculateCRC)
    i.SPI_Cmd                                0x08000d10   Section        0  stm32f10x_spi.o(i.SPI_Cmd)
    i.SPI_HighSpeed                          0x08000d28   Section        0  diskio.o(i.SPI_HighSpeed)
    SPI_HighSpeed                            0x08000d29   Thumb Code    78  diskio.o(i.SPI_HighSpeed)
    i.SPI_I2S_GetFlagStatus                  0x08000d7c   Section        0  stm32f10x_spi.o(i.SPI_I2S_GetFlagStatus)
    i.SPI_I2S_ReceiveData                    0x08000d8e   Section        0  stm32f10x_spi.o(i.SPI_I2S_ReceiveData)
    i.SPI_I2S_SendData                       0x08000d94   Section        0  stm32f10x_spi.o(i.SPI_I2S_SendData)
    i.SPI_Init                               0x08000d98   Section        0  stm32f10x_spi.o(i.SPI_Init)
    i.SPI_LowSpeed                           0x08000dd4   Section        0  diskio.o(i.SPI_LowSpeed)
    SPI_LowSpeed                             0x08000dd5   Thumb Code    80  diskio.o(i.SPI_LowSpeed)
    i.SPI_ReadWrite_Byte                     0x08000e28   Section        0  diskio.o(i.SPI_ReadWrite_Byte)
    SPI_ReadWrite_Byte                       0x08000e29   Thumb Code    46  diskio.o(i.SPI_ReadWrite_Byte)
    i.SPI_Release                            0x08000e5c   Section        0  diskio.o(i.SPI_Release)
    SPI_Release                              0x08000e5d   Thumb Code    20  diskio.o(i.SPI_Release)
    i.SVC_Handler                            0x08000e74   Section        0  stm32f10x_it.o(i.SVC_Handler)
    i.Send_Command                           0x08000e78   Section        0  diskio.o(i.Send_Command)
    Send_Command                             0x08000e79   Thumb Code   164  diskio.o(i.Send_Command)
    i.SetSysClock                            0x08000f20   Section        0  system_stm32f10x.o(i.SetSysClock)
    SetSysClock                              0x08000f21   Thumb Code     8  system_stm32f10x.o(i.SetSysClock)
    i.SetSysClockTo72                        0x08000f28   Section        0  system_stm32f10x.o(i.SetSysClockTo72)
    SetSysClockTo72                          0x08000f29   Thumb Code   214  system_stm32f10x.o(i.SetSysClockTo72)
    i.SyncEraseSTM                           0x08001008   Section        0  stm_loader.o(i.SyncEraseSTM)
    i.SysTick_Handler                        0x08001090   Section        0  stm32f10x_it.o(i.SysTick_Handler)
    i.SystemInit                             0x08001094   Section        0  system_stm32f10x.o(i.SystemInit)
    i.TIM2_IRQHandler                        0x080010f4   Section        0  stm32f10x_it.o(i.TIM2_IRQHandler)
    i.TIM_ARRPreloadConfig                   0x08001170   Section        0  stm32f10x_tim.o(i.TIM_ARRPreloadConfig)
    i.TIM_ClearITPendingBit                  0x08001188   Section        0  stm32f10x_tim.o(i.TIM_ClearITPendingBit)
    i.TIM_Cmd                                0x0800118e   Section        0  stm32f10x_tim.o(i.TIM_Cmd)
    i.TIM_GetITStatus                        0x080011a6   Section        0  stm32f10x_tim.o(i.TIM_GetITStatus)
    i.TIM_ITConfig                           0x080011c8   Section        0  stm32f10x_tim.o(i.TIM_ITConfig)
    i.TIM_OC1Init                            0x080011dc   Section        0  stm32f10x_tim.o(i.TIM_OC1Init)
    i.TIM_OC1PreloadConfig                   0x08001274   Section        0  stm32f10x_tim.o(i.TIM_OC1PreloadConfig)
    i.TIM_PrescalerConfig                    0x08001286   Section        0  stm32f10x_tim.o(i.TIM_PrescalerConfig)
    i.TIM_TimeBaseInit                       0x0800128c   Section        0  stm32f10x_tim.o(i.TIM_TimeBaseInit)
    i.Timer11_Config                         0x08001330   Section        0  hardware_config.o(i.Timer11_Config)
    i.Timer2_Config                          0x080013ac   Section        0  hardware_config.o(i.Timer2_Config)
    i.Transmit_DataBlock                     0x08001470   Section        0  diskio.o(i.Transmit_DataBlock)
    Transmit_DataBlock                       0x08001471   Thumb Code    88  diskio.o(i.Transmit_DataBlock)
    i.USART1_Config                          0x080014c8   Section        0  hardware_config.o(i.USART1_Config)
    i.USART_Cmd                              0x08001570   Section        0  stm32f10x_usart.o(i.USART_Cmd)
    i.USART_GetFlagStatus                    0x08001588   Section        0  stm32f10x_usart.o(i.USART_GetFlagStatus)
    i.USART_Init                             0x080015a4   Section        0  stm32f10x_usart.o(i.USART_Init)
    i.USART_SendData                         0x0800167c   Section        0  stm32f10x_usart.o(i.USART_SendData)
    i.UartGetChar                            0x08001684   Section        0  uart.o(i.UartGetChar)
    i.UartGetStringEx                        0x080016d4   Section        0  uart.o(i.UartGetStringEx)
    i.UartPutChar                            0x0800177c   Section        0  uart.o(i.UartPutChar)
    i.UsageFault_Handler                     0x080017a8   Section        0  stm32f10x_it.o(i.UsageFault_Handler)
    i.Wait_Ready                             0x080017ac   Section        0  diskio.o(i.Wait_Ready)
    Wait_Ready                               0x080017ad   Thumb Code    40  diskio.o(i.Wait_Ready)
    i.WriteHEXtoSTM                          0x080017d8   Section        0  stm_loader.o(i.WriteHEXtoSTM)
    i.__0printf$2                            0x0800195c   Section        0  printf2.o(i.__0printf$2)
    i.__0sprintf$2                           0x0800197c   Section        0  printf2.o(i.__0sprintf$2)
    i.__aeabi_errno_addr                     0x080019a4   Section        0  errno.o(i.__aeabi_errno_addr)
    i.__scatterload_copy                     0x080019ac   Section       14  handlers.o(i.__scatterload_copy)
    i.__scatterload_null                     0x080019ba   Section        2  handlers.o(i.__scatterload_null)
    i.__scatterload_zeroinit                 0x080019bc   Section       14  handlers.o(i.__scatterload_zeroinit)
    i._printf_core                           0x080019ca   Section        0  printf2.o(i._printf_core)
    _printf_core                             0x080019cb   Thumb Code   214  printf2.o(i._printf_core)
    i._sputc                                 0x08001aa0   Section        0  printf2.o(i._sputc)
    _sputc                                   0x08001aa1   Thumb Code    10  printf2.o(i._sputc)
    i.check_fs                               0x08001aac   Section        0  ff.o(i.check_fs)
    check_fs                                 0x08001aad   Thumb Code   138  ff.o(i.check_fs)
    i.chk_chr                                0x08001b3c   Section        0  ff.o(i.chk_chr)
    chk_chr                                  0x08001b3d   Thumb Code    20  ff.o(i.chk_chr)
    i.chk_mounted                            0x08001b50   Section        0  ff.o(i.chk_mounted)
    chk_mounted                              0x08001b51   Thumb Code   864  ff.o(i.chk_mounted)
    i.cleanstring                            0x08001ec0   Section        0  minini.o(i.cleanstring)
    cleanstring                              0x08001ec1   Thumb Code   138  minini.o(i.cleanstring)
    i.clust2sect                             0x08001f4a   Section        0  ff.o(i.clust2sect)
    i.create_chain                           0x08001f64   Section        0  ff.o(i.create_chain)
    create_chain                             0x08001f65   Thumb Code   202  ff.o(i.create_chain)
    i.create_name                            0x08002030   Section        0  ff.o(i.create_name)
    create_name                              0x08002031   Thumb Code   336  ff.o(i.create_name)
    i.dir_find                               0x08002190   Section        0  ff.o(i.dir_find)
    dir_find                                 0x08002191   Thumb Code    92  ff.o(i.dir_find)
    i.dir_next                               0x080021ec   Section        0  ff.o(i.dir_next)
    dir_next                                 0x080021ed   Thumb Code   278  ff.o(i.dir_next)
    i.dir_register                           0x08002302   Section        0  ff.o(i.dir_register)
    dir_register                             0x08002303   Thumb Code   110  ff.o(i.dir_register)
    i.dir_sdi                                0x08002370   Section        0  ff.o(i.dir_sdi)
    dir_sdi                                  0x08002371   Thumb Code   156  ff.o(i.dir_sdi)
    i.disk_initialize                        0x0800240c   Section        0  diskio.o(i.disk_initialize)
    i.disk_ioctl                             0x08002570   Section        0  diskio.o(i.disk_ioctl)
    i.disk_read                              0x08002798   Section        0  diskio.o(i.disk_read)
    i.disk_status                            0x0800282c   Section        0  diskio.o(i.disk_status)
    i.disk_write                             0x08002840   Section        0  diskio.o(i.disk_write)
    i.f_close                                0x080028f4   Section        0  ff.o(i.f_close)
    i.f_gets                                 0x0800290a   Section        0  ff.o(i.f_gets)
    i.f_mount                                0x08002958   Section        0  ff.o(i.f_mount)
    i.f_open                                 0x08002984   Section        0  ff.o(i.f_open)
    i.f_read                                 0x08002af0   Section        0  ff.o(i.f_read)
    i.f_stat                                 0x08002cbe   Section        0  ff.o(i.f_stat)
    i.f_sync                                 0x08002cf8   Section        0  ff.o(i.f_sync)
    i.follow_path                            0x08002db0   Section        0  ff.o(i.follow_path)
    follow_path                              0x08002db1   Thumb Code   158  ff.o(i.follow_path)
    i.fputc                                  0x08002e50   Section        0  hardware_config.o(i.fputc)
    i.get_fat                                0x08002e74   Section        0  ff.o(i.get_fat)
    i.get_fattime                            0x08002f58   Section        0  diskio.o(i.get_fattime)
    i.get_fileinfo                           0x08002f5c   Section        0  ff.o(i.get_fileinfo)
    get_fileinfo                             0x08002f5d   Thumb Code   152  ff.o(i.get_fileinfo)
    i.getkeystring                           0x08002ff4   Section        0  minini.o(i.getkeystring)
    getkeystring                             0x08002ff5   Thumb Code   390  minini.o(i.getkeystring)
    i.ini_getl                               0x0800317c   Section        0  minini.o(i.ini_getl)
    i.ini_gets                               0x080031d4   Section        0  minini.o(i.ini_gets)
    i.main                                   0x08003254   Section        0  main.o(i.main)
    i.mem_cmp                                0x080033c8   Section        0  ff.o(i.mem_cmp)
    mem_cmp                                  0x080033c9   Thumb Code    38  ff.o(i.mem_cmp)
    i.mem_cpy                                0x080033ee   Section        0  ff.o(i.mem_cpy)
    mem_cpy                                  0x080033ef   Thumb Code    26  ff.o(i.mem_cpy)
    i.mem_set                                0x08003408   Section        0  ff.o(i.mem_set)
    mem_set                                  0x08003409   Thumb Code    20  ff.o(i.mem_set)
    i.move_window                            0x0800341c   Section        0  ff.o(i.move_window)
    move_window                              0x0800341d   Thumb Code   114  ff.o(i.move_window)
    i.put_fat                                0x0800348e   Section        0  ff.o(i.put_fat)
    i.remove_chain                           0x080035c4   Section        0  ff.o(i.remove_chain)
    remove_chain                             0x080035c5   Thumb Code   104  ff.o(i.remove_chain)
    i.save_strncpy                           0x0800362c   Section        0  minini.o(i.save_strncpy)
    save_strncpy                             0x0800362d   Thumb Code   196  minini.o(i.save_strncpy)
    i.skipleading                            0x080036f0   Section        0  minini.o(i.skipleading)
    skipleading                              0x080036f1   Thumb Code    18  minini.o(i.skipleading)
    i.skiptrailing                           0x08003702   Section        0  minini.o(i.skiptrailing)
    skiptrailing                             0x08003703   Thumb Code    26  minini.o(i.skiptrailing)
    i.striptrailing                          0x0800371c   Section        0  minini.o(i.striptrailing)
    striptrailing                            0x0800371d   Thumb Code    30  minini.o(i.striptrailing)
    i.sync                                   0x0800373a   Section        0  ff.o(i.sync)
    sync                                     0x0800373b   Thumb Code   202  ff.o(i.sync)
    i.validate                               0x08003804   Section        0  ff.o(i.validate)
    validate                                 0x08003805   Thumb Code    42  ff.o(i.validate)
    .constdata                               0x0800382e   Section      129  ctype_o.o(.constdata)
    .constdata                               0x080038b0   Section        4  ctype_o.o(.constdata)
    table                                    0x080038b0   Data           4  ctype_o.o(.constdata)
    .data                                    0x20000000   Section       20  system_stm32f10x.o(.data)
    .data                                    0x20000014   Section       12  main.o(.data)
    .data                                    0x20000020   Section        4  uart.o(.data)
    .data                                    0x20000024   Section       20  stm32f10x_rcc.o(.data)
    APBAHBPrescTable                         0x20000024   Data          16  stm32f10x_rcc.o(.data)
    ADCPrescTable                            0x20000034   Data           4  stm32f10x_rcc.o(.data)
    .data                                    0x20000038   Section       10  diskio.o(.data)
    Stat                                     0x20000040   Data           1  diskio.o(.data)
    CardType                                 0x20000041   Data           1  diskio.o(.data)
    .data                                    0x20000044   Section        6  ff.o(.data)
    FatFs                                    0x20000044   Data           4  ff.o(.data)
    Fsid                                     0x20000048   Data           2  ff.o(.data)
    .data                                    0x2000004c   Section        4  stdout.o(.data)
    .data                                    0x20000050   Section        4  errno.o(.data)
    _errno                                   0x20000050   Data           4  errno.o(.data)
    .bss                                     0x20000054   Section      680  main.o(.bss)
    .bss                                     0x200002fc   Section      252  stm_loader.o(.bss)
    .bss                                     0x200003f8   Section       40  card_utl.o(.bss)
    STACK                                    0x20000420   Section     1024  startup_stm32f10x_hd.o(STACK)

    Global Symbols

    Symbol Name                              Value     Ov Type        Size  Object(Section)

    BuildAttributes$$THM_ISAv4$P$D$K$B$S$PE$A:L22UL41UL21$X:L11$S22US41US21$IEEE1$IW$USESV6$~STKCKD$USESV7$~SHL$OSPACE$ROPI$EBA8$MICROLIB$REQ8$PRES8$EABIv2 0x00000000   Number         0  anon$$obj.o ABSOLUTE
    __ARM_use_no_argv                        0x00000000   Number         0  main.o ABSOLUTE
    _printf_a                                0x00000000   Number         0  stubs.o ABSOLUTE
    _printf_c                                0x00000000   Number         0  stubs.o ABSOLUTE
    _printf_charcount                        0x00000000   Number         0  stubs.o ABSOLUTE
    _printf_d                                0x00000000   Number         0  stubs.o ABSOLUTE
    _printf_e                                0x00000000   Number         0  stubs.o ABSOLUTE
    _printf_f                                0x00000000   Number         0  stubs.o ABSOLUTE
    _printf_flags                            0x00000000   Number         0  stubs.o ABSOLUTE
    _printf_fp_dec                           0x00000000   Number         0  stubs.o ABSOLUTE
    _printf_fp_hex                           0x00000000   Number         0  stubs.o ABSOLUTE
    _printf_g                                0x00000000   Number         0  stubs.o ABSOLUTE
    _printf_i                                0x00000000   Number         0  stubs.o ABSOLUTE
    _printf_int_dec                          0x00000000   Number         0  stubs.o ABSOLUTE
    _printf_l                                0x00000000   Number         0  stubs.o ABSOLUTE
    _printf_lc                               0x00000000   Number         0  stubs.o ABSOLUTE
    _printf_ll                               0x00000000   Number         0  stubs.o ABSOLUTE
    _printf_lld                              0x00000000   Number         0  stubs.o ABSOLUTE
    _printf_lli                              0x00000000   Number         0  stubs.o ABSOLUTE
    _printf_llo                              0x00000000   Number         0  stubs.o ABSOLUTE
    _printf_llu                              0x00000000   Number         0  stubs.o ABSOLUTE
    _printf_llx                              0x00000000   Number         0  stubs.o ABSOLUTE
    _printf_longlong_dec                     0x00000000   Number         0  stubs.o ABSOLUTE
    _printf_longlong_hex                     0x00000000   Number         0  stubs.o ABSOLUTE
    _printf_longlong_oct                     0x00000000   Number         0  stubs.o ABSOLUTE
    _printf_ls                               0x00000000   Number         0  stubs.o ABSOLUTE
    _printf_mbtowc                           0x00000000   Number         0  stubs.o ABSOLUTE
    _printf_n                                0x00000000   Number         0  stubs.o ABSOLUTE
    _printf_o                                0x00000000   Number         0  stubs.o ABSOLUTE
    _printf_p                                0x00000000   Number         0  stubs.o ABSOLUTE
    _printf_percent                          0x00000000   Number         0  stubs.o ABSOLUTE
    _printf_pre_padding                      0x00000000   Number         0  stubs.o ABSOLUTE
    _printf_return_value                     0x00000000   Number         0  stubs.o ABSOLUTE
    _printf_s                                0x00000000   Number         0  stubs.o ABSOLUTE
    _printf_sizespec                         0x00000000   Number         0  stubs.o ABSOLUTE
    _printf_str                              0x00000000   Number         0  stubs.o ABSOLUTE
    _printf_truncate_signed                  0x00000000   Number         0  stubs.o ABSOLUTE
    _printf_truncate_unsigned                0x00000000   Number         0  stubs.o ABSOLUTE
    _printf_u                                0x00000000   Number         0  stubs.o ABSOLUTE
    _printf_wc                               0x00000000   Number         0  stubs.o ABSOLUTE
    _printf_wctomb                           0x00000000   Number         0  stubs.o ABSOLUTE
    _printf_widthprec                        0x00000000   Number         0  stubs.o ABSOLUTE
    _printf_x                                0x00000000   Number         0  stubs.o ABSOLUTE
    __cpp_initialize__aeabi_                  - Undefined Weak Reference
    __cxa_finalize                            - Undefined Weak Reference
    __decompress                              - Undefined Weak Reference
    _clock_init                               - Undefined Weak Reference
    _microlib_exit                            - Undefined Weak Reference
    __Vectors_Size                           0x00000130   Number         0  startup_stm32f10x_hd.o ABSOLUTE
    __Vectors                                0x08000000   Data           4  startup_stm32f10x_hd.o(RESET)
    __Vectors_End                            0x08000130   Data           0  startup_stm32f10x_hd.o(RESET)
    __main                                   0x08000131   Thumb Code     0  entry.o(.ARM.Collect$$$$00000000)
    _main_stk                                0x08000131   Thumb Code     0  entry2.o(.ARM.Collect$$$$00000001)
    _main_scatterload                        0x08000135   Thumb Code     0  entry5.o(.ARM.Collect$$$$00000004)
    __main_after_scatterload                 0x08000139   Thumb Code     0  entry5.o(.ARM.Collect$$$$00000004)
    _main_clock                              0x08000139   Thumb Code     0  entry7b.o(.ARM.Collect$$$$00000008)
    _main_cpp_init                           0x08000139   Thumb Code     0  entry8b.o(.ARM.Collect$$$$0000000A)
    _main_init                               0x08000139   Thumb Code     0  entry9a.o(.ARM.Collect$$$$0000000B)
    __rt_final_cpp                           0x08000141   Thumb Code     0  entry10a.o(.ARM.Collect$$$$0000000D)
    __rt_final_exit                          0x08000141   Thumb Code     0  entry11a.o(.ARM.Collect$$$$0000000F)
    Reset_Handler                            0x08000145   Thumb Code     8  startup_stm32f10x_hd.o(.text)
    ADC1_2_IRQHandler                        0x0800015f   Thumb Code     0  startup_stm32f10x_hd.o(.text)
    ADC3_IRQHandler                          0x0800015f   Thumb Code     0  startup_stm32f10x_hd.o(.text)
    CAN1_RX1_IRQHandler                      0x0800015f   Thumb Code     0  startup_stm32f10x_hd.o(.text)
    CAN1_SCE_IRQHandler                      0x0800015f   Thumb Code     0  startup_stm32f10x_hd.o(.text)
    DMA1_Channel1_IRQHandler                 0x0800015f   Thumb Code     0  startup_stm32f10x_hd.o(.text)
    DMA1_Channel2_IRQHandler                 0x0800015f   Thumb Code     0  startup_stm32f10x_hd.o(.text)
    DMA1_Channel3_IRQHandler                 0x0800015f   Thumb Code     0  startup_stm32f10x_hd.o(.text)
    DMA1_Channel4_IRQHandler                 0x0800015f   Thumb Code     0  startup_stm32f10x_hd.o(.text)
    DMA1_Channel5_IRQHandler                 0x0800015f   Thumb Code     0  startup_stm32f10x_hd.o(.text)
    DMA1_Channel6_IRQHandler                 0x0800015f   Thumb Code     0  startup_stm32f10x_hd.o(.text)
    DMA1_Channel7_IRQHandler                 0x0800015f   Thumb Code     0  startup_stm32f10x_hd.o(.text)
    DMA2_Channel1_IRQHandler                 0x0800015f   Thumb Code     0  startup_stm32f10x_hd.o(.text)
    DMA2_Channel2_IRQHandler                 0x0800015f   Thumb Code     0  startup_stm32f10x_hd.o(.text)
    DMA2_Channel3_IRQHandler                 0x0800015f   Thumb Code     0  startup_stm32f10x_hd.o(.text)
    DMA2_Channel4_5_IRQHandler               0x0800015f   Thumb Code     0  startup_stm32f10x_hd.o(.text)
    EXTI0_IRQHandler                         0x0800015f   Thumb Code     0  startup_stm32f10x_hd.o(.text)
    EXTI15_10_IRQHandler                     0x0800015f   Thumb Code     0  startup_stm32f10x_hd.o(.text)
    EXTI1_IRQHandler                         0x0800015f   Thumb Code     0  startup_stm32f10x_hd.o(.text)
    EXTI2_IRQHandler                         0x0800015f   Thumb Code     0  startup_stm32f10x_hd.o(.text)
    EXTI3_IRQHandler                         0x0800015f   Thumb Code     0  startup_stm32f10x_hd.o(.text)
    EXTI4_IRQHandler                         0x0800015f   Thumb Code     0  startup_stm32f10x_hd.o(.text)
    EXTI9_5_IRQHandler                       0x0800015f   Thumb Code     0  startup_stm32f10x_hd.o(.text)
    FLASH_IRQHandler                         0x0800015f   Thumb Code     0  startup_stm32f10x_hd.o(.text)
    FSMC_IRQHandler                          0x0800015f   Thumb Code     0  startup_stm32f10x_hd.o(.text)
    I2C1_ER_IRQHandler                       0x0800015f   Thumb Code     0  startup_stm32f10x_hd.o(.text)
    I2C1_EV_IRQHandler                       0x0800015f   Thumb Code     0  startup_stm32f10x_hd.o(.text)
    I2C2_ER_IRQHandler                       0x0800015f   Thumb Code     0  startup_stm32f10x_hd.o(.text)
    I2C2_EV_IRQHandler                       0x0800015f   Thumb Code     0  startup_stm32f10x_hd.o(.text)
    PVD_IRQHandler                           0x0800015f   Thumb Code     0  startup_stm32f10x_hd.o(.text)
    RCC_IRQHandler                           0x0800015f   Thumb Code     0  startup_stm32f10x_hd.o(.text)
    RTCAlarm_IRQHandler                      0x0800015f   Thumb Code     0  startup_stm32f10x_hd.o(.text)
    RTC_IRQHandler                           0x0800015f   Thumb Code     0  startup_stm32f10x_hd.o(.text)
    SDIO_IRQHandler                          0x0800015f   Thumb Code     0  startup_stm32f10x_hd.o(.text)
    SPI1_IRQHandler                          0x0800015f   Thumb Code     0  startup_stm32f10x_hd.o(.text)
    SPI2_IRQHandler                          0x0800015f   Thumb Code     0  startup_stm32f10x_hd.o(.text)
    SPI3_IRQHandler                          0x0800015f   Thumb Code     0  startup_stm32f10x_hd.o(.text)
    TAMPER_IRQHandler                        0x0800015f   Thumb Code     0  startup_stm32f10x_hd.o(.text)
    TIM1_BRK_IRQHandler                      0x0800015f   Thumb Code     0  startup_stm32f10x_hd.o(.text)
    TIM1_CC_IRQHandler                       0x0800015f   Thumb Code     0  startup_stm32f10x_hd.o(.text)
    TIM1_TRG_COM_IRQHandler                  0x0800015f   Thumb Code     0  startup_stm32f10x_hd.o(.text)
    TIM1_UP_IRQHandler                       0x0800015f   Thumb Code     0  startup_stm32f10x_hd.o(.text)
    TIM3_IRQHandler                          0x0800015f   Thumb Code     0  startup_stm32f10x_hd.o(.text)
    TIM4_IRQHandler                          0x0800015f   Thumb Code     0  startup_stm32f10x_hd.o(.text)
    TIM5_IRQHandler                          0x0800015f   Thumb Code     0  startup_stm32f10x_hd.o(.text)
    TIM6_IRQHandler                          0x0800015f   Thumb Code     0  startup_stm32f10x_hd.o(.text)
    TIM7_IRQHandler                          0x0800015f   Thumb Code     0  startup_stm32f10x_hd.o(.text)
    TIM8_BRK_IRQHandler                      0x0800015f   Thumb Code     0  startup_stm32f10x_hd.o(.text)
    TIM8_CC_IRQHandler                       0x0800015f   Thumb Code     0  startup_stm32f10x_hd.o(.text)
    TIM8_TRG_COM_IRQHandler                  0x0800015f   Thumb Code     0  startup_stm32f10x_hd.o(.text)
    TIM8_UP_IRQHandler                       0x0800015f   Thumb Code     0  startup_stm32f10x_hd.o(.text)
    UART4_IRQHandler                         0x0800015f   Thumb Code     0  startup_stm32f10x_hd.o(.text)
    UART5_IRQHandler                         0x0800015f   Thumb Code     0  startup_stm32f10x_hd.o(.text)
    USART1_IRQHandler                        0x0800015f   Thumb Code     0  startup_stm32f10x_hd.o(.text)
    USART2_IRQHandler                        0x0800015f   Thumb Code     0  startup_stm32f10x_hd.o(.text)
    USART3_IRQHandler                        0x0800015f   Thumb Code     0  startup_stm32f10x_hd.o(.text)
    USBWakeUp_IRQHandler                     0x0800015f   Thumb Code     0  startup_stm32f10x_hd.o(.text)
    USB_HP_CAN1_TX_IRQHandler                0x0800015f   Thumb Code     0  startup_stm32f10x_hd.o(.text)
    USB_LP_CAN1_RX0_IRQHandler               0x0800015f   Thumb Code     0  startup_stm32f10x_hd.o(.text)
    WWDG_IRQHandler                          0x0800015f   Thumb Code     0  startup_stm32f10x_hd.o(.text)
    toupper                                  0x08000169   Thumb Code    12  toupper.o(.text)
    __aeabi_memcpy                           0x08000175   Thumb Code    36  memcpya.o(.text)
    __aeabi_memcpy4                          0x08000175   Thumb Code     0  memcpya.o(.text)
    __aeabi_memcpy8                          0x08000175   Thumb Code     0  memcpya.o(.text)
    __aeabi_memset                           0x08000199   Thumb Code    14  memseta.o(.text)
    __aeabi_memset4                          0x08000199   Thumb Code     0  memseta.o(.text)
    __aeabi_memset8                          0x08000199   Thumb Code     0  memseta.o(.text)
    __aeabi_memclr                           0x080001a7   Thumb Code     4  memseta.o(.text)
    __aeabi_memclr4                          0x080001a7   Thumb Code     0  memseta.o(.text)
    __aeabi_memclr8                          0x080001a7   Thumb Code     0  memseta.o(.text)
    _memset$wrapper                          0x080001ab   Thumb Code    18  memseta.o(.text)
    strstr                                   0x080001bd   Thumb Code    36  strstr.o(.text)
    strchr                                   0x080001e1   Thumb Code    20  strchr.o(.text)
    strlen                                   0x080001f5   Thumb Code    14  strlen.o(.text)
    strncmp                                  0x08000203   Thumb Code    30  strncmp.o(.text)
    strtol                                   0x08000221   Thumb Code   112  strtol.o(.text)
    __rt_ctype_table                         0x08000291   Thumb Code     4  ctype_o.o(.text)
    _strtoul                                 0x08000299   Thumb Code   158  _strtoul.o(.text)
    __scatterload                            0x08000339   Thumb Code    28  init.o(.text)
    __scatterload_rt2                        0x08000339   Thumb Code     0  init.o(.text)
    _chval                                   0x0800035d   Thumb Code    28  _chval.o(.text)
    BusFault_Handler                         0x08000379   Thumb Code     4  stm32f10x_it.o(i.BusFault_Handler)
    Card_UTL                                 0x0800037d   Thumb Code   422  card_utl.o(i.Card_UTL)
    DebugMon_Handler                         0x08000705   Thumb Code     2  stm32f10x_it.o(i.DebugMon_Handler)
    Delay                                    0x08000707   Thumb Code    18  hardware_config.o(i.Delay)
    GPIO_Config                              0x08000719   Thumb Code   378  hardware_config.o(i.GPIO_Config)
    GPIO_Init                                0x080008ad   Thumb Code   278  stm32f10x_gpio.o(i.GPIO_Init)
    GPIO_ReadInputDataBit                    0x080009c3   Thumb Code    18  stm32f10x_gpio.o(i.GPIO_ReadInputDataBit)
    GPIO_ResetBits                           0x080009d5   Thumb Code     4  stm32f10x_gpio.o(i.GPIO_ResetBits)
    GPIO_SetBits                             0x080009d9   Thumb Code     4  stm32f10x_gpio.o(i.GPIO_SetBits)
    GetLoaderFN                              0x080009dd   Thumb Code    82  stm_loader.o(i.GetLoaderFN)
    HardFault_Handler                        0x08000a75   Thumb Code     4  stm32f10x_it.o(i.HardFault_Handler)
    MemManage_Handler                        0x08000a79   Thumb Code     4  stm32f10x_it.o(i.MemManage_Handler)
    ModifyPWD                                0x08000a7d   Thumb Code   106  diskio.o(i.ModifyPWD)
    NMI_Handler                              0x08000ae7   Thumb Code     2  stm32f10x_it.o(i.NMI_Handler)
    NVIC_Init                                0x08000ae9   Thumb Code   100  misc.o(i.NVIC_Init)
    NVIC_PriorityGroupConfig                 0x08000b59   Thumb Code    10  misc.o(i.NVIC_PriorityGroupConfig)
    PendSV_Handler                           0x08000b6d   Thumb Code     2  stm32f10x_it.o(i.PendSV_Handler)
    RCC_APB1PeriphClockCmd                   0x08000b71   Thumb Code    26  stm32f10x_rcc.o(i.RCC_APB1PeriphClockCmd)
    RCC_APB2PeriphClockCmd                   0x08000b91   Thumb Code    26  stm32f10x_rcc.o(i.RCC_APB2PeriphClockCmd)
    RCC_GetClocksFreq                        0x08000bb1   Thumb Code   192  stm32f10x_rcc.o(i.RCC_GetClocksFreq)
    ReadCardStatus                           0x08000c85   Thumb Code    32  diskio.o(i.ReadCardStatus)
    SPI_CalculateCRC                         0x08000cf9   Thumb Code    24  stm32f10x_spi.o(i.SPI_CalculateCRC)
    SPI_Cmd                                  0x08000d11   Thumb Code    24  stm32f10x_spi.o(i.SPI_Cmd)
    SPI_I2S_GetFlagStatus                    0x08000d7d   Thumb Code    18  stm32f10x_spi.o(i.SPI_I2S_GetFlagStatus)
    SPI_I2S_ReceiveData                      0x08000d8f   Thumb Code     6  stm32f10x_spi.o(i.SPI_I2S_ReceiveData)
    SPI_I2S_SendData                         0x08000d95   Thumb Code     4  stm32f10x_spi.o(i.SPI_I2S_SendData)
    SPI_Init                                 0x08000d99   Thumb Code    60  stm32f10x_spi.o(i.SPI_Init)
    SVC_Handler                              0x08000e75   Thumb Code     2  stm32f10x_it.o(i.SVC_Handler)
    SyncEraseSTM                             0x08001009   Thumb Code   136  stm_loader.o(i.SyncEraseSTM)
    SysTick_Handler                          0x08001091   Thumb Code     2  stm32f10x_it.o(i.SysTick_Handler)
    SystemInit                               0x08001095   Thumb Code    78  system_stm32f10x.o(i.SystemInit)
    TIM2_IRQHandler                          0x080010f5   Thumb Code   104  stm32f10x_it.o(i.TIM2_IRQHandler)
    TIM_ARRPreloadConfig                     0x08001171   Thumb Code    24  stm32f10x_tim.o(i.TIM_ARRPreloadConfig)
    TIM_ClearITPendingBit                    0x08001189   Thumb Code     6  stm32f10x_tim.o(i.TIM_ClearITPendingBit)
    TIM_Cmd                                  0x0800118f   Thumb Code    24  stm32f10x_tim.o(i.TIM_Cmd)
    TIM_GetITStatus                          0x080011a7   Thumb Code    34  stm32f10x_tim.o(i.TIM_GetITStatus)
    TIM_ITConfig                             0x080011c9   Thumb Code    18  stm32f10x_tim.o(i.TIM_ITConfig)
    TIM_OC1Init                              0x080011dd   Thumb Code   132  stm32f10x_tim.o(i.TIM_OC1Init)
    TIM_OC1PreloadConfig                     0x08001275   Thumb Code    18  stm32f10x_tim.o(i.TIM_OC1PreloadConfig)
    TIM_PrescalerConfig                      0x08001287   Thumb Code     6  stm32f10x_tim.o(i.TIM_PrescalerConfig)
    TIM_TimeBaseInit                         0x0800128d   Thumb Code   122  stm32f10x_tim.o(i.TIM_TimeBaseInit)
    Timer11_Config                           0x08001331   Thumb Code   112  hardware_config.o(i.Timer11_Config)
    Timer2_Config                            0x080013ad   Thumb Code   188  hardware_config.o(i.Timer2_Config)
    USART1_Config                            0x080014c9   Thumb Code   158  hardware_config.o(i.USART1_Config)
    USART_Cmd                                0x08001571   Thumb Code    24  stm32f10x_usart.o(i.USART_Cmd)
    USART_GetFlagStatus                      0x08001589   Thumb Code    26  stm32f10x_usart.o(i.USART_GetFlagStatus)
    USART_Init                               0x080015a5   Thumb Code   210  stm32f10x_usart.o(i.USART_Init)
    USART_SendData                           0x0800167d   Thumb Code     8  stm32f10x_usart.o(i.USART_SendData)
    UartGetChar                              0x08001685   Thumb Code    70  uart.o(i.UartGetChar)
    UartGetStringEx                          0x080016d5   Thumb Code   158  uart.o(i.UartGetStringEx)
    UartPutChar                              0x0800177d   Thumb Code    40  uart.o(i.UartPutChar)
    UsageFault_Handler                       0x080017a9   Thumb Code     4  stm32f10x_it.o(i.UsageFault_Handler)
    WriteHEXtoSTM                            0x080017d9   Thumb Code   366  stm_loader.o(i.WriteHEXtoSTM)
    __0printf$2                              0x0800195d   Thumb Code    22  printf2.o(i.__0printf$2)
    __1printf$2                              0x0800195d   Thumb Code     0  printf2.o(i.__0printf$2)
    __2printf                                0x0800195d   Thumb Code     0  printf2.o(i.__0printf$2)
    __0sprintf$2                             0x0800197d   Thumb Code    34  printf2.o(i.__0sprintf$2)
    __1sprintf$2                             0x0800197d   Thumb Code     0  printf2.o(i.__0sprintf$2)
    __2sprintf                               0x0800197d   Thumb Code     0  printf2.o(i.__0sprintf$2)
    __aeabi_errno_addr                       0x080019a5   Thumb Code     4  errno.o(i.__aeabi_errno_addr)
    __rt_errno_addr                          0x080019a5   Thumb Code     0  errno.o(i.__aeabi_errno_addr)
    __scatterload_copy                       0x080019ad   Thumb Code    14  handlers.o(i.__scatterload_copy)
    __scatterload_null                       0x080019bb   Thumb Code     2  handlers.o(i.__scatterload_null)
    __scatterload_zeroinit                   0x080019bd   Thumb Code    14  handlers.o(i.__scatterload_zeroinit)
    clust2sect                               0x08001f4b   Thumb Code    26  ff.o(i.clust2sect)
    disk_initialize                          0x0800240d   Thumb Code   340  diskio.o(i.disk_initialize)
    disk_ioctl                               0x08002571   Thumb Code   540  diskio.o(i.disk_ioctl)
    disk_read                                0x08002799   Thumb Code   138  diskio.o(i.disk_read)
    disk_status                              0x0800282d   Thumb Code    14  diskio.o(i.disk_status)
    disk_write                               0x08002841   Thumb Code   172  diskio.o(i.disk_write)
    f_close                                  0x080028f5   Thumb Code    22  ff.o(i.f_close)
    f_gets                                   0x0800290b   Thumb Code    78  ff.o(i.f_gets)
    f_mount                                  0x08002959   Thumb Code    38  ff.o(i.f_mount)
    f_open                                   0x08002985   Thumb Code   364  ff.o(i.f_open)
    f_read                                   0x08002af1   Thumb Code   462  ff.o(i.f_read)
    f_stat                                   0x08002cbf   Thumb Code    58  ff.o(i.f_stat)
    f_sync                                   0x08002cf9   Thumb Code   184  ff.o(i.f_sync)
    fputc                                    0x08002e51   Thumb Code    32  hardware_config.o(i.fputc)
    get_fat                                  0x08002e75   Thumb Code   228  ff.o(i.get_fat)
    get_fattime                              0x08002f59   Thumb Code     4  diskio.o(i.get_fattime)
    ini_getl                                 0x0800317d   Thumb Code    84  minini.o(i.ini_getl)
    ini_gets                                 0x080031d5   Thumb Code   124  minini.o(i.ini_gets)
    main                                     0x08003255   Thumb Code   318  main.o(i.main)
    put_fat                                  0x0800348f   Thumb Code   310  ff.o(i.put_fat)
    __ctype_table                            0x0800382e   Data         129  ctype_o.o(.constdata)
    Region$$Table$$Base                      0x080038b4   Number         0  anon$$obj.o(Region$$Table)
    Region$$Table$$Limit                     0x080038d4   Number         0  anon$$obj.o(Region$$Table)
    SystemCoreClock                          0x20000000   Data           4  system_stm32f10x.o(.data)
    AHBPrescTable                            0x20000004   Data          16  system_stm32f10x.o(.data)
    CCR1_Val                                 0x20000014   Data           2  main.o(.data)
    CCR2_Val                                 0x20000016   Data           2  main.o(.data)
    CCR3_Val                                 0x20000018   Data           2  main.o(.data)
    CCR4_Val                                 0x2000001a   Data           2  main.o(.data)
    PrescalerValue                           0x2000001c   Data           2  main.o(.data)
    beep                                     0x2000001e   Data           2  main.o(.data)
    nTick                                    0x20000020   Data           4  uart.o(.data)
    SD_timer1                                0x20000038   Data           4  diskio.o(.data)
    SD_timer2                                0x2000003c   Data           4  diskio.o(.data)
    __stdout                                 0x2000004c   Data           4  stdout.o(.data)
    loader_fn                                0x20000054   Data          40  main.o(.bss)
    release_fn                               0x2000007c   Data          40  main.o(.bss)
    Buff                                     0x200000a4   Data          40  main.o(.bss)
    fs                                       0x200000cc   Data         560  main.o(.bss)
    ReadBuf                                  0x200002fc   Data         252  stm_loader.o(.bss)
    PASS                                     0x200003f8   Data          40  card_utl.o(.bss)
    __initial_sp                             0x20000820   Data           0  startup_stm32f10x_hd.o(STACK)



==============================================================================

Memory Map of the image

  Image Entry point : 0x08000131

  Load Region LR_IROM1 (Base: 0x08000000, Size: 0x00003928, Max: 0x000c0000, ABSOLUTE)

    Execution Region ER_IROM1 (Base: 0x08000000, Size: 0x000038d4, Max: 0x000c0000, ABSOLUTE)

    Base Addr    Size         Type   Attr      Idx    E Section Name        Object

    0x08000000   0x00000130   Data   RO            3    RESET               startup_stm32f10x_hd.o
    0x08000130   0x00000000   Code   RO         2372  * .ARM.Collect$$$$00000000  mc_w.l(entry.o)
    0x08000130   0x00000004   Code   RO         2660    .ARM.Collect$$$$00000001  mc_w.l(entry2.o)
    0x08000134   0x00000004   Code   RO         2663    .ARM.Collect$$$$00000004  mc_w.l(entry5.o)
    0x08000138   0x00000000   Code   RO         2665    .ARM.Collect$$$$00000008  mc_w.l(entry7b.o)
    0x08000138   0x00000000   Code   RO         2667    .ARM.Collect$$$$0000000A  mc_w.l(entry8b.o)
    0x08000138   0x00000008   Code   RO         2668    .ARM.Collect$$$$0000000B  mc_w.l(entry9a.o)
    0x08000140   0x00000000   Code   RO         2670    .ARM.Collect$$$$0000000D  mc_w.l(entry10a.o)
    0x08000140   0x00000000   Code   RO         2672    .ARM.Collect$$$$0000000F  mc_w.l(entry11a.o)
    0x08000140   0x00000004   Code   RO         2661    .ARM.Collect$$$$00002712  mc_w.l(entry2.o)
    0x08000144   0x00000024   Code   RO            4    .text               startup_stm32f10x_hd.o
    0x08000168   0x0000000c   Code   RO         2375    .text               mc_w.l(toupper.o)
    0x08000174   0x00000024   Code   RO         2377    .text               mc_w.l(memcpya.o)
    0x08000198   0x00000024   Code   RO         2379    .text               mc_w.l(memseta.o)
    0x080001bc   0x00000024   Code   RO         2381    .text               mc_w.l(strstr.o)
    0x080001e0   0x00000014   Code   RO         2383    .text               mc_w.l(strchr.o)
    0x080001f4   0x0000000e   Code   RO         2385    .text               mc_w.l(strlen.o)
    0x08000202   0x0000001e   Code   RO         2391    .text               mc_w.l(strncmp.o)
    0x08000220   0x00000070   Code   RO         2658    .text               mc_w.l(strtol.o)
    0x08000290   0x00000008   Code   RO         2679    .text               mc_w.l(ctype_o.o)
    0x08000298   0x0000009e   Code   RO         2714    .text               mc_w.l(_strtoul.o)
    0x08000336   0x00000002   PAD
    0x08000338   0x00000024   Code   RO         2727    .text               mc_w.l(init.o)
    0x0800035c   0x0000001c   Code   RO         2735    .text               mc_w.l(_chval.o)
    0x08000378   0x00000004   Code   RO          183    i.BusFault_Handler  stm32f10x_it.o
    0x0800037c   0x00000388   Code   RO          428    i.Card_UTL          card_utl.o
    0x08000704   0x00000002   Code   RO          184    i.DebugMon_Handler  stm32f10x_it.o
    0x08000706   0x00000012   Code   RO          256    i.Delay             hardware_config.o
    0x08000718   0x00000194   Code   RO          257    i.GPIO_Config       hardware_config.o
    0x080008ac   0x00000116   Code   RO          895    i.GPIO_Init         stm32f10x_gpio.o
    0x080009c2   0x00000012   Code   RO          899    i.GPIO_ReadInputDataBit  stm32f10x_gpio.o
    0x080009d4   0x00000004   Code   RO          902    i.GPIO_ResetBits    stm32f10x_gpio.o
    0x080009d8   0x00000004   Code   RO          903    i.GPIO_SetBits      stm32f10x_gpio.o
    0x080009dc   0x00000098   Code   RO          299    i.GetLoaderFN       stm_loader.o
    0x08000a74   0x00000004   Code   RO          185    i.HardFault_Handler  stm32f10x_it.o
    0x08000a78   0x00000004   Code   RO          186    i.MemManage_Handler  stm32f10x_it.o
    0x08000a7c   0x0000006a   Code   RO         1875    i.ModifyPWD         diskio.o
    0x08000ae6   0x00000002   Code   RO          187    i.NMI_Handler       stm32f10x_it.o
    0x08000ae8   0x00000070   Code   RO          443    i.NVIC_Init         misc.o
    0x08000b58   0x00000014   Code   RO          444    i.NVIC_PriorityGroupConfig  misc.o
    0x08000b6c   0x00000002   Code   RO          188    i.PendSV_Handler    stm32f10x_it.o
    0x08000b6e   0x00000002   PAD
    0x08000b70   0x00000020   Code   RO          481    i.RCC_APB1PeriphClockCmd  stm32f10x_rcc.o
    0x08000b90   0x00000020   Code   RO          483    i.RCC_APB2PeriphClockCmd  stm32f10x_rcc.o
    0x08000bb0   0x000000d4   Code   RO          491    i.RCC_GetClocksFreq  stm32f10x_rcc.o
    0x08000c84   0x00000020   Code   RO         1876    i.ReadCardStatus    diskio.o
    0x08000ca4   0x00000054   Code   RO         1877    i.Receive_DataBlock  diskio.o
    0x08000cf8   0x00000018   Code   RO         1007    i.SPI_CalculateCRC  stm32f10x_spi.o
    0x08000d10   0x00000018   Code   RO         1008    i.SPI_Cmd           stm32f10x_spi.o
    0x08000d28   0x00000054   Code   RO         1878    i.SPI_HighSpeed     diskio.o
    0x08000d7c   0x00000012   Code   RO         1016    i.SPI_I2S_GetFlagStatus  stm32f10x_spi.o
    0x08000d8e   0x00000006   Code   RO         1019    i.SPI_I2S_ReceiveData  stm32f10x_spi.o
    0x08000d94   0x00000004   Code   RO         1020    i.SPI_I2S_SendData  stm32f10x_spi.o
    0x08000d98   0x0000003c   Code   RO         1021    i.SPI_Init          stm32f10x_spi.o
    0x08000dd4   0x00000054   Code   RO         1879    i.SPI_LowSpeed      diskio.o
    0x08000e28   0x00000034   Code   RO         1880    i.SPI_ReadWrite_Byte  diskio.o
    0x08000e5c   0x00000018   Code   RO         1881    i.SPI_Release       diskio.o
    0x08000e74   0x00000002   Code   RO          189    i.SVC_Handler       stm32f10x_it.o
    0x08000e76   0x00000002   PAD
    0x08000e78   0x000000a8   Code   RO         1882    i.Send_Command      diskio.o
    0x08000f20   0x00000008   Code   RO           10    i.SetSysClock       system_stm32f10x.o
    0x08000f28   0x000000e0   Code   RO           11    i.SetSysClockTo72   system_stm32f10x.o
    0x08001008   0x00000088   Code   RO          301    i.SyncEraseSTM      stm_loader.o
    0x08001090   0x00000002   Code   RO          190    i.SysTick_Handler   stm32f10x_it.o
    0x08001092   0x00000002   PAD
    0x08001094   0x00000060   Code   RO           13    i.SystemInit        system_stm32f10x.o
    0x080010f4   0x0000007c   Code   RO          191    i.TIM2_IRQHandler   stm32f10x_it.o
    0x08001170   0x00000018   Code   RO         1151    i.TIM_ARRPreloadConfig  stm32f10x_tim.o
    0x08001188   0x00000006   Code   RO         1158    i.TIM_ClearITPendingBit  stm32f10x_tim.o
    0x0800118e   0x00000018   Code   RO         1163    i.TIM_Cmd           stm32f10x_tim.o
    0x080011a6   0x00000022   Code   RO         1184    i.TIM_GetITStatus   stm32f10x_tim.o
    0x080011c8   0x00000012   Code   RO         1188    i.TIM_ITConfig      stm32f10x_tim.o
    0x080011da   0x00000002   PAD
    0x080011dc   0x00000098   Code   RO         1192    i.TIM_OC1Init       stm32f10x_tim.o
    0x08001274   0x00000012   Code   RO         1195    i.TIM_OC1PreloadConfig  stm32f10x_tim.o
    0x08001286   0x00000006   Code   RO         1212    i.TIM_PrescalerConfig  stm32f10x_tim.o
    0x0800128c   0x000000a4   Code   RO         1234    i.TIM_TimeBaseInit  stm32f10x_tim.o
    0x08001330   0x0000007c   Code   RO          258    i.Timer11_Config    hardware_config.o
    0x080013ac   0x000000c4   Code   RO          259    i.Timer2_Config     hardware_config.o
    0x08001470   0x00000058   Code   RO         1883    i.Transmit_DataBlock  diskio.o
    0x080014c8   0x000000a8   Code   RO          260    i.USART1_Config     hardware_config.o
    0x08001570   0x00000018   Code   RO         1699    i.USART_Cmd         stm32f10x_usart.o
    0x08001588   0x0000001a   Code   RO         1702    i.USART_GetFlagStatus  stm32f10x_usart.o
    0x080015a2   0x00000002   PAD
    0x080015a4   0x000000d8   Code   RO         1706    i.USART_Init        stm32f10x_usart.o
    0x0800167c   0x00000008   Code   RO         1716    i.USART_SendData    stm32f10x_usart.o
    0x08001684   0x00000050   Code   RO          360    i.UartGetChar       uart.o
    0x080016d4   0x000000a8   Code   RO          362    i.UartGetStringEx   uart.o
    0x0800177c   0x0000002c   Code   RO          363    i.UartPutChar       uart.o
    0x080017a8   0x00000004   Code   RO          192    i.UsageFault_Handler  stm32f10x_it.o
    0x080017ac   0x0000002c   Code   RO         1884    i.Wait_Ready        diskio.o
    0x080017d8   0x00000184   Code   RO          303    i.WriteHEXtoSTM     stm_loader.o
    0x0800195c   0x00000020   Code   RO         2464    i.__0printf$2       mc_w.l(printf2.o)
    0x0800197c   0x00000028   Code   RO         2466    i.__0sprintf$2      mc_w.l(printf2.o)
    0x080019a4   0x00000008   Code   RO         2707    i.__aeabi_errno_addr  mc_w.l(errno.o)
    0x080019ac   0x0000000e   Code   RO         2741    i.__scatterload_copy  mc_w.l(handlers.o)
    0x080019ba   0x00000002   Code   RO         2742    i.__scatterload_null  mc_w.l(handlers.o)
    0x080019bc   0x0000000e   Code   RO         2743    i.__scatterload_zeroinit  mc_w.l(handlers.o)
    0x080019ca   0x000000d6   Code   RO         2471    i._printf_core      mc_w.l(printf2.o)
    0x08001aa0   0x0000000a   Code   RO         2473    i._sputc            mc_w.l(printf2.o)
    0x08001aaa   0x00000002   PAD
    0x08001aac   0x00000090   Code   RO         1973    i.check_fs          ff.o
    0x08001b3c   0x00000014   Code   RO         1974    i.chk_chr           ff.o
    0x08001b50   0x00000370   Code   RO         1975    i.chk_mounted       ff.o
    0x08001ec0   0x0000008a   Code   RO         2231    i.cleanstring       minini.o
    0x08001f4a   0x0000001a   Code   RO         1976    i.clust2sect        ff.o
    0x08001f64   0x000000ca   Code   RO         1977    i.create_chain      ff.o
    0x0800202e   0x00000002   PAD
    0x08002030   0x00000160   Code   RO         1978    i.create_name       ff.o
    0x08002190   0x0000005c   Code   RO         1979    i.dir_find          ff.o
    0x080021ec   0x00000116   Code   RO         1980    i.dir_next          ff.o
    0x08002302   0x0000006e   Code   RO         1982    i.dir_register      ff.o
    0x08002370   0x0000009c   Code   RO         1984    i.dir_sdi           ff.o
    0x0800240c   0x00000164   Code   RO         1885    i.disk_initialize   diskio.o
    0x08002570   0x00000228   Code   RO         1886    i.disk_ioctl        diskio.o
    0x08002798   0x00000094   Code   RO         1887    i.disk_read         diskio.o
    0x0800282c   0x00000014   Code   RO         1888    i.disk_status       diskio.o
    0x08002840   0x000000b4   Code   RO         1889    i.disk_write        diskio.o
    0x080028f4   0x00000016   Code   RO         1986    i.f_close           ff.o
    0x0800290a   0x0000004e   Code   RO         1988    i.f_gets            ff.o
    0x08002958   0x0000002c   Code   RO         1991    i.f_mount           ff.o
    0x08002984   0x0000016c   Code   RO         1992    i.f_open            ff.o
    0x08002af0   0x000001ce   Code   RO         1997    i.f_read            ff.o
    0x08002cbe   0x0000003a   Code   RO         2000    i.f_stat            ff.o
    0x08002cf8   0x000000b8   Code   RO         2001    i.f_sync            ff.o
    0x08002db0   0x0000009e   Code   RO         2006    i.follow_path       ff.o
    0x08002e4e   0x00000002   PAD
    0x08002e50   0x00000024   Code   RO          261    i.fputc             hardware_config.o
    0x08002e74   0x000000e4   Code   RO         2007    i.get_fat           ff.o
    0x08002f58   0x00000004   Code   RO         1890    i.get_fattime       diskio.o
    0x08002f5c   0x00000098   Code   RO         2008    i.get_fileinfo      ff.o
    0x08002ff4   0x00000186   Code   RO         2233    i.getkeystring      minini.o
    0x0800317a   0x00000002   PAD
    0x0800317c   0x00000058   Code   RO         2237    i.ini_getl          minini.o
    0x080031d4   0x00000080   Code   RO         2238    i.ini_gets          minini.o
    0x08003254   0x00000174   Code   RO          116    i.main              main.o
    0x080033c8   0x00000026   Code   RO         2009    i.mem_cmp           ff.o
    0x080033ee   0x0000001a   Code   RO         2010    i.mem_cpy           ff.o
    0x08003408   0x00000014   Code   RO         2011    i.mem_set           ff.o
    0x0800341c   0x00000072   Code   RO         2012    i.move_window       ff.o
    0x0800348e   0x00000136   Code   RO         2013    i.put_fat           ff.o
    0x080035c4   0x00000068   Code   RO         2014    i.remove_chain      ff.o
    0x0800362c   0x000000c4   Code   RO         2245    i.save_strncpy      minini.o
    0x080036f0   0x00000012   Code   RO         2246    i.skipleading       minini.o
    0x08003702   0x0000001a   Code   RO         2247    i.skiptrailing      minini.o
    0x0800371c   0x0000001e   Code   RO         2248    i.striptrailing     minini.o
    0x0800373a   0x000000ca   Code   RO         2015    i.sync              ff.o
    0x08003804   0x0000002a   Code   RO         2016    i.validate          ff.o
    0x0800382e   0x00000081   Data   RO         2680    .constdata          mc_w.l(ctype_o.o)
    0x080038af   0x00000001   PAD
    0x080038b0   0x00000004   Data   RO         2681    .constdata          mc_w.l(ctype_o.o)
    0x080038b4   0x00000020   Data   RO         2739    Region$$Table       anon$$obj.o


    Execution Region RW_IRAM1 (Base: 0x20000000, Size: 0x00000820, Max: 0x00018000, ABSOLUTE)

    Base Addr    Size         Type   Attr      Idx    E Section Name        Object

    0x20000000   0x00000014   Data   RW           14    .data               system_stm32f10x.o
    0x20000014   0x0000000c   Data   RW          118    .data               main.o
    0x20000020   0x00000004   Data   RW          366    .data               uart.o
    0x20000024   0x00000014   Data   RW          511    .data               stm32f10x_rcc.o
    0x20000038   0x0000000a   Data   RW         1891    .data               diskio.o
    0x20000042   0x00000002   PAD
    0x20000044   0x00000006   Data   RW         2017    .data               ff.o
    0x2000004a   0x00000002   PAD
    0x2000004c   0x00000004   Data   RW         2674    .data               mc_w.l(stdout.o)
    0x20000050   0x00000004   Data   RW         2710    .data               mc_w.l(errno.o)
    0x20000054   0x000002a8   Zero   RW          117    .bss                main.o
    0x200002fc   0x000000fc   Zero   RW          305    .bss                stm_loader.o
    0x200003f8   0x00000028   Zero   RW          429    .bss                card_utl.o
    0x20000420   0x00000400   Zero   RW            1    STACK               startup_stm32f10x_hd.o


==============================================================================

Image component sizes


      Code (inc. data)   RO Data    RW Data    ZI Data      Debug   Object Name

       904        482          0          0         40       1598   card_utl.o
      2026        102          0         10          0      11918   diskio.o
      4866         44          0          6          0      24182   ff.o
       946         60          0          0          0       4611   hardware_config.o
       372         54          0         12        680     212710   main.o
      1014          8          0          0          0       7534   minini.o
       132         22          0          0          0       1683   misc.o
        36          8        304          0       1024        936   startup_stm32f10x_hd.o
       304          0          0          0          0       3868   stm32f10x_gpio.o
       150         20          0          0          0       4612   stm32f10x_it.o
       276         32          0         20          0       4650   stm32f10x_rcc.o
       136          0          0          0          0       4685   stm32f10x_spi.o
       446         62          0          0          0       6452   stm32f10x_tim.o
       274          6          0          0          0       4220   stm32f10x_usart.o
       676         92          0          0        252       6126   stm_loader.o
       328         28          0         20          0      58033   system_stm32f10x.o
       292         24          0          4          0       2798   uart.o

    ----------------------------------------------------------------------
     13194       1044        336         76       1996     360616   Object Totals
         0          0         32          0          0          0   (incl. Generated)
        16          0          0          4          0          0   (incl. Padding)

    ----------------------------------------------------------------------

      Code (inc. data)   RO Data    RW Data    ZI Data      Debug   Library Member Name

        28          0          0          0          0         68   _chval.o
       158          0          0          0          0         92   _strtoul.o
         8          4        133          0          0         68   ctype_o.o
         0          0          0          0          0          0   entry.o
         0          0          0          0          0          0   entry10a.o
         0          0          0          0          0          0   entry11a.o
         8          4          0          0          0          0   entry2.o
         4          0          0          0          0          0   entry5.o
         0          0          0          0          0          0   entry7b.o
         0          0          0          0          0          0   entry8b.o
         8          4          0          0          0          0   entry9a.o
         8          4          0          4          0         68   errno.o
        30          0          0          0          0          0   handlers.o
        36          8          0          0          0         68   init.o
        36          0          0          0          0         68   memcpya.o
        36          0          0          0          0        108   memseta.o
       296         16          0          0          0        328   printf2.o
         0          0          0          4          0          0   stdout.o
        20          0          0          0          0         68   strchr.o
        14          0          0          0          0         68   strlen.o
        30          0          0          0          0         80   strncmp.o
        36          0          0          0          0         80   strstr.o
       112          0          0          0          0         88   strtol.o
        12          0          0          0          0         68   toupper.o

    ----------------------------------------------------------------------
       884         40        134          8          0       1320   Library Totals
         4          0          1          0          0          0   (incl. Padding)

    ----------------------------------------------------------------------

      Code (inc. data)   RO Data    RW Data    ZI Data      Debug   Library Name

       880         40        133          8          0       1320   mc_w.l

    ----------------------------------------------------------------------
       884         40        134          8          0       1320   Library Totals

    ----------------------------------------------------------------------

==============================================================================


      Code (inc. data)   RO Data    RW Data    ZI Data      Debug   

     14078       1084        470         84       1996     356212   Grand Totals
     14078       1084        470         84       1996     356212   ELF Image Totals
     14078       1084        470         84          0          0   ROM Totals

==============================================================================

    Total RO  Size (Code + RO Data)                14548 (  14.21kB)
    Total RW  Size (RW Data + ZI Data)              2080 (   2.03kB)
    Total ROM Size (Code + RO Data + RW Data)      14632 (  14.29kB)

==============================================================================

